Component: ARM Compiler 5.05 update 2 (build 169) Tool: armlink [4d0f33]

==============================================================================

Section Cross References

    startup_stm32f103xb.o(RESET) refers to startup_stm32f103xb.o(STACK) for __initial_sp
    startup_stm32f103xb.o(RESET) refers to startup_stm32f103xb.o(.text) for Reset_Handler
    startup_stm32f103xb.o(RESET) refers to stm32f1xx_it.o(i.NMI_Handler) for NMI_Handler
    startup_stm32f103xb.o(RESET) refers to stm32f1xx_it.o(i.HardFault_Handler) for HardFault_Handler
    startup_stm32f103xb.o(RESET) refers to stm32f1xx_it.o(i.MemManage_Handler) for MemManage_Handler
    startup_stm32f103xb.o(RESET) refers to stm32f1xx_it.o(i.BusFault_Handler) for BusFault_Handler
    startup_stm32f103xb.o(RESET) refers to stm32f1xx_it.o(i.UsageFault_Handler) for UsageFault_Handler
    startup_stm32f103xb.o(RESET) refers to stm32f1xx_it.o(i.SVC_Handler) for SVC_Handler
    startup_stm32f103xb.o(RESET) refers to stm32f1xx_it.o(i.DebugMon_Handler) for DebugMon_Handler
    startup_stm32f103xb.o(RESET) refers to stm32f1xx_it.o(i.PendSV_Handler) for PendSV_Handler
    startup_stm32f103xb.o(RESET) refers to stm32f1xx_it.o(i.SysTick_Handler) for SysTick_Handler
    startup_stm32f103xb.o(RESET) refers to stm32f1xx_it.o(i.USB_LP_CAN1_RX0_IRQHandler) for USB_LP_CAN1_RX0_IRQHandler
    startup_stm32f103xb.o(.text) refers to system_stm32f1xx.o(i.SystemInit) for SystemInit
    startup_stm32f103xb.o(.text) refers to entry.o(.ARM.Collect$$$$00000000) for __main
    fat32.o(i._fat32_read_dir_entry) refers to memseta.o(.text) for __aeabi_memclr
    fat32.o(i._fat32_write_firmware) refers to stm32f1xx_hal_flash.o(i.HAL_FLASH_Unlock) for HAL_FLASH_Unlock
    fat32.o(i._fat32_write_firmware) refers to stm32f1xx_hal_flash_ex.o(i.HAL_FLASHEx_Erase) for HAL_FLASHEx_Erase
    fat32.o(i._fat32_write_firmware) refers to stm32f1xx_hal_flash.o(i.HAL_FLASH_Program) for HAL_FLASH_Program
    fat32.o(i._fat32_write_firmware) refers to stm32f1xx_hal_flash.o(i.HAL_FLASH_Lock) for HAL_FLASH_Lock
    fat32.o(i._fat32_write_firmware) refers to fat32.o(.data) for .data
    fat32.o(i.fat32_read) refers to fat32.o(i._fat32_read_fat_table) for _fat32_read_fat_table
    fat32.o(i.fat32_read) refers to memcpya.o(.text) for __aeabi_memcpy
    fat32.o(i.fat32_read) refers to memseta.o(.text) for __aeabi_memclr
    fat32.o(i.fat32_read) refers to fat32.o(i._fat32_read_dir_entry) for _fat32_read_dir_entry
    fat32.o(i.fat32_read) refers to fat32.o(.constdata) for .constdata
    fat32.o(i.fat32_read) refers to fat32.o(.data) for .data
    fat32.o(i.fat32_write) refers to memcmp.o(.text) for memcmp
    fat32.o(i.fat32_write) refers to fat32.o(i._fat32_write_firmware) for _fat32_write_firmware
    fat32.o(i.fat32_write) refers to ihex_parser.o(i.ihex_set_callback_func) for ihex_set_callback_func
    fat32.o(i.fat32_write) refers to ihex_parser.o(i.ihex_reset_state) for ihex_reset_state
    fat32.o(i.fat32_write) refers to ihex_parser.o(i.ihex_parser) for ihex_parser
    fat32.o(i.fat32_write) refers to fat32.o(.data) for .data
    main.o(i.SystemClock_Config) refers to stm32f1xx_ll_utils.o(i.LL_Init1msTick) for LL_Init1msTick
    main.o(i.SystemClock_Config) refers to stm32f1xx_ll_utils.o(i.LL_SetSystemCoreClock) for LL_SetSystemCoreClock
    main.o(i.is_button_down) refers to stm32f1xx_hal_gpio.o(i.HAL_GPIO_ReadPin) for HAL_GPIO_ReadPin
    main.o(i.jmp_to_appcode) refers to stm32f1xx_hal.o(i.HAL_DeInit) for HAL_DeInit
    main.o(i.main) refers to stm32f1xx_hal.o(i.HAL_Init) for HAL_Init
    main.o(i.main) refers to main.o(i.SystemClock_Config) for SystemClock_Config
    main.o(i.main) refers to memseta.o(.text) for __aeabi_memclr4
    main.o(i.main) refers to stm32f1xx_ll_gpio.o(i.LL_GPIO_Init) for LL_GPIO_Init
    main.o(i.main) refers to main.o(i.is_appcode_exist) for is_appcode_exist
    main.o(i.main) refers to main.o(i.is_button_down) for is_button_down
    main.o(i.main) refers to usb_device.o(i.MX_USB_DEVICE_Init) for MX_USB_DEVICE_Init
    main.o(i.main) refers to main.o(i.jmp_to_appcode) for jmp_to_appcode
    usb_device.o(i.MX_USB_DEVICE_Init) refers to usbd_core.o(i.USBD_Init) for USBD_Init
    usb_device.o(i.MX_USB_DEVICE_Init) refers to main.o(i.Error_Handler) for Error_Handler
    usb_device.o(i.MX_USB_DEVICE_Init) refers to usbd_core.o(i.USBD_RegisterClass) for USBD_RegisterClass
    usb_device.o(i.MX_USB_DEVICE_Init) refers to usbd_msc.o(i.USBD_MSC_RegisterStorage) for USBD_MSC_RegisterStorage
    usb_device.o(i.MX_USB_DEVICE_Init) refers to usbd_core.o(i.USBD_Start) for USBD_Start
    usb_device.o(i.MX_USB_DEVICE_Init) refers to usbd_desc.o(.data) for FS_Desc
    usb_device.o(i.MX_USB_DEVICE_Init) refers to usb_device.o(.bss) for .bss
    usb_device.o(i.MX_USB_DEVICE_Init) refers to usbd_msc.o(.data) for USBD_MSC
    usb_device.o(i.MX_USB_DEVICE_Init) refers to usbd_storage_if.o(.data) for USBD_Storage_Interface_fops_FS
[...]
    ..\Drivers\STM32F1xx_HAL_Driver\Src\stm32f1xx_ll_usb.c 0x00000000   Number         0  stm32f1xx_ll_usb.o ABSOLUTE
    ..\Drivers\STM32F1xx_HAL_Driver\Src\stm32f1xx_ll_utils.c 0x00000000   Number         0  stm32f1xx_ll_utils.o ABSOLUTE
    ..\Middlewares\ST\STM32_USB_Device_Library\Class\MSC\Src\usbd_msc.c 0x00000000   Number         0  usbd_msc.o ABSOLUTE
    ..\Middlewares\ST\STM32_USB_Device_Library\Class\MSC\Src\usbd_msc_bot.c 0x00000000   Number         0  usbd_msc_bot.o ABSOLUTE
    ..\Middlewares\ST\STM32_USB_Device_Library\Class\MSC\Src\usbd_msc_data.c 0x00000000   Number         0  usbd_msc_data.o ABSOLUTE
    ..\Middlewares\ST\STM32_USB_Device_Library\Class\MSC\Src\usbd_msc_scsi.c 0x00000000   Number         0  usbd_msc_scsi.o ABSOLUTE
    ..\Middlewares\ST\STM32_USB_Device_Library\Core\Src\usbd_core.c 0x00000000   Number         0  usbd_core.o ABSOLUTE
    ..\Middlewares\ST\STM32_USB_Device_Library\Core\Src\usbd_ctlreq.c 0x00000000   Number         0  usbd_ctlreq.o ABSOLUTE
    ..\Middlewares\ST\STM32_USB_Device_Library\Core\Src\usbd_ioreq.c 0x00000000   Number         0  usbd_ioreq.o ABSOLUTE
    ..\Src\fat32.c                           0x00000000   Number         0  fat32.o ABSOLUTE
    ..\Src\ihex_parser.c                     0x00000000   Number         0  ihex_parser.o ABSOLUTE
    ..\Src\main.c                            0x00000000   Number         0  main.o ABSOLUTE
    ..\Src\stm32f1xx_hal_msp.c               0x00000000   Number         0  stm32f1xx_hal_msp.o ABSOLUTE
    ..\Src\stm32f1xx_it.c                    0x00000000   Number         0  stm32f1xx_it.o ABSOLUTE
    ..\Src\system_stm32f1xx.c                0x00000000   Number         0  system_stm32f1xx.o ABSOLUTE
    ..\Src\usb_device.c                      0x00000000   Number         0  usb_device.o ABSOLUTE
    ..\Src\usbd_conf.c                       0x00000000   Number         0  usbd_conf.o ABSOLUTE
    ..\Src\usbd_desc.c                       0x00000000   Number         0  usbd_desc.o ABSOLUTE
    ..\Src\usbd_storage_if.c                 0x00000000   Number         0  usbd_storage_if.o ABSOLUTE
    ..\\Src\\fat32.c                         0x00000000   Number         0  fat32.o ABSOLUTE
    cdrcmple.s                               0x00000000   Number         0  cdrcmple.o ABSOLUTE
    dc.s                                     0x00000000   Number         0  dc.o ABSOLUTE
    handlers.s                               0x00000000   Number         0  handlers.o ABSOLUTE
    init.s                                   0x00000000   Number         0  init.o ABSOLUTE
    startup_stm32f103xb.s                    0x00000000   Number         0  startup_stm32f103xb.o ABSOLUTE
    RESET                                    0x08000000   Section      236  startup_stm32f103xb.o(RESET)
    .ARM.Collect$$$$00000000                 0x080000ec   Section        0  entry.o(.ARM.Collect$$$$00000000)
    .ARM.Collect$$$$00000001                 0x080000ec   Section        4  entry2.o(.ARM.Collect$$$$00000001)
    .ARM.Collect$$$$00000004                 0x080000f0   Section        4  entry5.o(.ARM.Collect$$$$00000004)
    .ARM.Collect$$$$00000008                 0x080000f4   Section        0  entry7b.o(.ARM.Collect$$$$00000008)
    .ARM.Collect$$$$0000000A                 0x080000f4   Section        0  entry8b.o(.ARM.Collect$$$$0000000A)
    .ARM.Collect$$$$0000000B                 0x080000f4   Section        8  entry9a.o(.ARM.Collect$$$$0000000B)
    .ARM.Collect$$$$0000000D                 0x080000fc   Section        0  entry10a.o(.ARM.Collect$$$$0000000D)
    .ARM.Collect$$$$0000000F                 0x080000fc   Section        0  entry11a.o(.ARM.Collect$$$$0000000F)
    .ARM.Collect$$$$00002712                 0x080000fc   Section        4  entry2.o(.ARM.Collect$$$$00002712)
    __lit__00000000                          0x080000fc   Data           4  entry2.o(.ARM.Collect$$$$00002712)
    .text                                    0x08000100   Section       36  startup_stm32f103xb.o(.text)
    .text                                    0x08000124   Section        0  llushr.o(.text)
    .text                                    0x08000144   Section        0  memcpya.o(.text)
    .text                                    0x08000168   Section        0  memseta.o(.text)
    .text                                    0x0800018c   Section        0  memcmp.o(.text)
    .text                                    0x080001a6   Section        0  uldiv.o(.text)
    .text                                    0x08000208   Section       36  init.o(.text)
    .text                                    0x0800022c   Section        0  semi.o(.text)
    .text                                    0x0800022c   Section        0  llshl.o(.text)
    .text                                    0x0800024a   Section        0  iusesemip.o(.text)
    .text                                    0x0800024a   Section        0  __dczerorl2.o(.text)
    i.BusFault_Handler                       0x080002a0   Section        0  stm32f1xx_it.o(i.BusFault_Handler)
    i.DebugMon_Handler                       0x080002a2   Section        0  stm32f1xx_it.o(i.DebugMon_Handler)
    i.Error_Handler                          0x080002a4   Section        0  main.o(i.Error_Handler)
    i.FLASH_MassErase                        0x080002a8   Section        0  stm32f1xx_hal_flash_ex.o(i.FLASH_MassErase)
    FLASH_MassErase                          0x080002a9   Thumb Code    26  stm32f1xx_hal_flash_ex.o(i.FLASH_MassErase)
    i.FLASH_PageErase                        0x080002cc   Section        0  stm32f1xx_hal_flash_ex.o(i.FLASH_PageErase)
    i.FLASH_Program_HalfWord                 0x080002f0   Section        0  stm32f1xx_hal_flash.o(i.FLASH_Program_HalfWord)
    FLASH_Program_HalfWord                   0x080002f1   Thumb Code    20  stm32f1xx_hal_flash.o(i.FLASH_Program_HalfWord)
    i.FLASH_SetErrorCode                     0x0800030c   Section        0  stm32f1xx_hal_flash.o(i.FLASH_SetErrorCode)
    FLASH_SetErrorCode                       0x0800030d   Thumb Code    84  stm32f1xx_hal_flash.o(i.FLASH_SetErrorCode)
    i.FLASH_WaitForLastOperation             0x08000368   Section        0  stm32f1xx_hal_flash.o(i.FLASH_WaitForLastOperation)
    i.HAL_DeInit                             0x080003bc   Section        0  stm32f1xx_hal.o(i.HAL_DeInit)
    i.HAL_FLASHEx_Erase                      0x080003dc   Section        0  stm32f1xx_hal_flash_ex.o(i.HAL_FLASHEx_Erase)
    i.HAL_FLASH_Lock                         0x08000484   Section        0  stm32f1xx_hal_flash.o(i.HAL_FLASH_Lock)
    i.HAL_FLASH_Program                      0x08000498   Section        0  stm32f1xx_hal_flash.o(i.HAL_FLASH_Program)
    i.HAL_FLASH_Unlock                       0x08000518   Section        0  stm32f1xx_hal_flash.o(i.HAL_FLASH_Unlock)
    i.HAL_GPIO_ReadPin                       0x08000540   Section        0  stm32f1xx_hal_gpio.o(i.HAL_GPIO_ReadPin)
    i.HAL_GetTick                            0x0800054c   Section        0  stm32f1xx_hal.o(i.HAL_GetTick)
    i.HAL_IncTick                            0x08000558   Section        0  stm32f1xx_hal.o(i.HAL_IncTick)
    i.HAL_Init                               0x08000568   Section        0  stm32f1xx_hal.o(i.HAL_Init)
    i.HAL_InitTick                           0x0800058c   Section        0  stm32f1xx_hal.o(i.HAL_InitTick)
    i.HAL_MspDeInit                          0x080005cc   Section        0  stm32f1xx_hal.o(i.HAL_MspDeInit)
    i.HAL_MspInit                            0x080005d0   Section        0  stm32f1xx_hal_msp.o(i.HAL_MspInit)
    i.HAL_NVIC_EnableIRQ                     0x0800060c   Section        0  stm32f1xx_hal_cortex.o(i.HAL_NVIC_EnableIRQ)
    i.HAL_NVIC_SetPriority                   0x08000624   Section        0  stm32f1xx_hal_cortex.o(i.HAL_NVIC_SetPriority)
    i.HAL_NVIC_SetPriorityGrouping           0x08000664   Section        0  stm32f1xx_hal_cortex.o(i.HAL_NVIC_SetPriorityGrouping)
    i.HAL_PCDEx_PMAConfig                    0x08000688   Section        0  stm32f1xx_hal_pcd_ex.o(i.HAL_PCDEx_PMAConfig)
    i.HAL_PCDEx_SetConnectionState           0x080006bc   Section        0  usbd_conf.o(i.HAL_PCDEx_SetConnectionState)
    i.HAL_PCD_DataInStageCallback            0x080006be   Section        0  usbd_conf.o(i.HAL_PCD_DataInStageCallback)
    i.HAL_PCD_DataOutStageCallback           0x080006cc   Section        0  usbd_conf.o(i.HAL_PCD_DataOutStageCallback)
    i.HAL_PCD_EP_Close                       0x080006dc   Section        0  stm32f1xx_hal_pcd.o(i.HAL_PCD_EP_Close)
    i.HAL_PCD_EP_ClrStall                    0x0800071c   Section        0  stm32f1xx_hal_pcd.o(i.HAL_PCD_EP_ClrStall)
    i.HAL_PCD_EP_Flush                       0x08000764   Section        0  stm32f1xx_hal_pcd.o(i.HAL_PCD_EP_Flush)
    i.HAL_PCD_EP_GetRxCount                  0x08000798   Section        0  stm32f1xx_hal_pcd.o(i.HAL_PCD_EP_GetRxCount)
    i.HAL_PCD_EP_Open                        0x080007a8   Section        0  stm32f1xx_hal_pcd.o(i.HAL_PCD_EP_Open)
    i.HAL_PCD_EP_Receive                     0x080007ec   Section        0  stm32f1xx_hal_pcd.o(i.HAL_PCD_EP_Receive)
    i.HAL_PCD_EP_SetStall                    0x0800081a   Section        0  stm32f1xx_hal_pcd.o(i.HAL_PCD_EP_SetStall)
    i.HAL_PCD_EP_Transmit                    0x08000870   Section        0  stm32f1xx_hal_pcd.o(i.HAL_PCD_EP_Transmit)
    i.HAL_PCD_IRQHandler                     0x0800089a   Section        0  stm32f1xx_hal_pcd.o(i.HAL_PCD_IRQHandler)
    i.HAL_PCD_Init                           0x080009a8   Section        0  stm32f1xx_hal_pcd.o(i.HAL_PCD_Init)
    i.HAL_PCD_MspInit                        0x08000a68   Section        0  usbd_conf.o(i.HAL_PCD_MspInit)
    i.HAL_PCD_ResetCallback                  0x08000aa4   Section        0  usbd_conf.o(i.HAL_PCD_ResetCallback)
    i.HAL_PCD_ResumeCallback                 0x08000aca   Section        0  usbd_conf.o(i.HAL_PCD_ResumeCallback)
    i.HAL_PCD_SOFCallback                    0x08000ad2   Section        0  usbd_conf.o(i.HAL_PCD_SOFCallback)
    i.HAL_PCD_SetAddress                     0x08000ada   Section        0  stm32f1xx_hal_pcd.o(i.HAL_PCD_SetAddress)
    i.HAL_PCD_SetupStageCallback             0x08000b02   Section        0  usbd_conf.o(i.HAL_PCD_SetupStageCallback)
    i.HAL_PCD_Start                          0x08000b10   Section        0  stm32f1xx_hal_pcd.o(i.HAL_PCD_Start)
    i.HAL_PCD_SuspendCallback                0x08000b44   Section        0  usbd_conf.o(i.HAL_PCD_SuspendCallback)
    i.HAL_SYSTICK_Config                     0x08000b68   Section        0  stm32f1xx_hal_cortex.o(i.HAL_SYSTICK_Config)
    i.HardFault_Handler                      0x08000b90   Section        0  stm32f1xx_it.o(i.HardFault_Handler)
    i.IntToUnicode                           0x08000b94   Section        0  usbd_desc.o(i.IntToUnicode)
    IntToUnicode                             0x08000b95   Thumb Code    56  usbd_desc.o(i.IntToUnicode)
    i.LL_GPIO_Init                           0x08000bcc   Section        0  stm32f1xx_ll_gpio.o(i.LL_GPIO_Init)
    i.LL_Init1msTick                         0x08000cbc   Section        0  stm32f1xx_ll_utils.o(i.LL_Init1msTick)
    i.LL_SetSystemCoreClock                  0x08000cd8   Section        0  stm32f1xx_ll_utils.o(i.LL_SetSystemCoreClock)
    i.MSC_BOT_Abort                          0x08000ce4   Section        0  usbd_msc_bot.o(i.MSC_BOT_Abort)
    MSC_BOT_Abort                            0x08000ce5   Thumb Code    66  usbd_msc_bot.o(i.MSC_BOT_Abort)
    i.MSC_BOT_CBW_Decode                     0x08000d28   Section        0  usbd_msc_bot.o(i.MSC_BOT_CBW_Decode)
    MSC_BOT_CBW_Decode                       0x08000d29   Thumb Code   198  usbd_msc_bot.o(i.MSC_BOT_CBW_Decode)
    i.MSC_BOT_CplClrFeature                  0x08000df4   Section        0  usbd_msc_bot.o(i.MSC_BOT_CplClrFeature)
    i.MSC_BOT_DataIn                         0x08000e1e   Section        0  usbd_msc_bot.o(i.MSC_BOT_DataIn)
    i.MSC_BOT_DataOut                        0x08000e58   Section        0  usbd_msc_bot.o(i.MSC_BOT_DataOut)
    i.MSC_BOT_DeInit                         0x08000e92   Section        0  usbd_msc_bot.o(i.MSC_BOT_DeInit)
    i.MSC_BOT_Init                           0x08000e9c   Section        0  usbd_msc_bot.o(i.MSC_BOT_Init)
    i.MSC_BOT_Reset                          0x08000ede   Section        0  usbd_msc_bot.o(i.MSC_BOT_Reset)
    i.MSC_BOT_SendCSW                        0x08000ef4   Section        0  usbd_msc_bot.o(i.MSC_BOT_SendCSW)
    i.MX_USB_DEVICE_Init                     0x08000f30   Section        0  usb_device.o(i.MX_USB_DEVICE_Init)
    i.MemManage_Handler                      0x08000f84   Section        0  stm32f1xx_it.o(i.MemManage_Handler)
    i.NMI_Handler                            0x08000f86   Section        0  stm32f1xx_it.o(i.NMI_Handler)
    i.NVIC_SetPriority                       0x08000f88   Section        0  stm32f1xx_hal_cortex.o(i.NVIC_SetPriority)
    NVIC_SetPriority                         0x08000f89   Thumb Code    32  stm32f1xx_hal_cortex.o(i.NVIC_SetPriority)
    i.PCD_EP_ISR_Handler                     0x08000fa8   Section        0  stm32f1xx_hal_pcd.o(i.PCD_EP_ISR_Handler)
    PCD_EP_ISR_Handler                       0x08000fa9   Thumb Code   866  stm32f1xx_hal_pcd.o(i.PCD_EP_ISR_Handler)
    i.PendSV_Handler                         0x0800130a   Section        0  stm32f1xx_it.o(i.PendSV_Handler)
    i.SCSI_CheckAddressRange                 0x0800130c   Section        0  usbd_msc_scsi.o(i.SCSI_CheckAddressRange)
    SCSI_CheckAddressRange                   0x0800130d   Thumb Code    34  usbd_msc_scsi.o(i.SCSI_CheckAddressRange)
    i.SCSI_ProcessCmd                        0x08001330   Section        0  usbd_msc_scsi.o(i.SCSI_ProcessCmd)
    i.SCSI_ProcessRead                       0x080014fc   Section        0  usbd_msc_scsi.o(i.SCSI_ProcessRead)
    SCSI_ProcessRead                         0x080014fd   Thumb Code   140  usbd_msc_scsi.o(i.SCSI_ProcessRead)
    i.SCSI_ProcessWrite                      0x08001588   Section        0  usbd_msc_scsi.o(i.SCSI_ProcessWrite)
    SCSI_ProcessWrite                        0x08001589   Thumb Code   152  usbd_msc_scsi.o(i.SCSI_ProcessWrite)
    i.SCSI_Read10                            0x08001620   Section        0  usbd_msc_scsi.o(i.SCSI_Read10)
    SCSI_Read10                              0x08001621   Thumb Code   170  usbd_msc_scsi.o(i.SCSI_Read10)
    i.SCSI_ReadCapacity10                    0x080016ca   Section        0  usbd_msc_scsi.o(i.SCSI_ReadCapacity10)
    SCSI_ReadCapacity10                      0x080016cb   Thumb Code    86  usbd_msc_scsi.o(i.SCSI_ReadCapacity10)
    i.SCSI_ReadFormatCapacity                0x08001720   Section        0  usbd_msc_scsi.o(i.SCSI_ReadFormatCapacity)
    SCSI_ReadFormatCapacity                  0x08001721   Thumb Code   110  usbd_msc_scsi.o(i.SCSI_ReadFormatCapacity)
    i.SCSI_SenseCode                         0x0800178e   Section        0  usbd_msc_scsi.o(i.SCSI_SenseCode)
    i.SCSI_Write10                           0x080017c4   Section        0  usbd_msc_scsi.o(i.SCSI_Write10)
    SCSI_Write10                             0x080017c5   Thumb Code   202  usbd_msc_scsi.o(i.SCSI_Write10)
    i.STORAGE_GetCapacity_FS                 0x0800188e   Section        0  usbd_storage_if.o(i.STORAGE_GetCapacity_FS)
    STORAGE_GetCapacity_FS                   0x0800188f   Thumb Code    16  usbd_storage_if.o(i.STORAGE_GetCapacity_FS)
    i.STORAGE_GetMaxLun_FS                   0x0800189e   Section        0  usbd_storage_if.o(i.STORAGE_GetMaxLun_FS)
    STORAGE_GetMaxLun_FS                     0x0800189f   Thumb Code     4  usbd_storage_if.o(i.STORAGE_GetMaxLun_FS)
    i.STORAGE_Init_FS                        0x080018a2   Section        0  usbd_storage_if.o(i.STORAGE_Init_FS)
    STORAGE_Init_FS                          0x080018a3   Thumb Code     4  usbd_storage_if.o(i.STORAGE_Init_FS)
    i.STORAGE_IsReady_FS                     0x080018a6   Section        0  usbd_storage_if.o(i.STORAGE_IsReady_FS)
    STORAGE_IsReady_FS                       0x080018a7   Thumb Code     4  usbd_storage_if.o(i.STORAGE_IsReady_FS)
    i.STORAGE_IsWriteProtected_FS            0x080018aa   Section        0  usbd_storage_if.o(i.STORAGE_IsWriteProtected_FS)
    STORAGE_IsWriteProtected_FS              0x080018ab   Thumb Code     4  usbd_storage_if.o(i.STORAGE_IsWriteProtected_FS)
    i.STORAGE_Read_FS                        0x080018ae   Section        0  usbd_storage_if.o(i.STORAGE_Read_FS)
    STORAGE_Read_FS                          0x080018af   Thumb Code    44  usbd_storage_if.o(i.STORAGE_Read_FS)
    i.STORAGE_Write_FS                       0x080018da   Section        0  usbd_storage_if.o(i.STORAGE_Write_FS)
    STORAGE_Write_FS                         0x080018db   Thumb Code    44  usbd_storage_if.o(i.STORAGE_Write_FS)
    i.SVC_Handler                            0x08001906   Section        0  stm32f1xx_it.o(i.SVC_Handler)
    i.SysTick_Handler                        0x08001908   Section        0  stm32f1xx_it.o(i.SysTick_Handler)
    i.SystemClock_Config                     0x0800190c   Section        0  main.o(i.SystemClock_Config)
    i.SystemInit                             0x080019c0   Section        0  system_stm32f1xx.o(i.SystemInit)
    i.USBD_ClrClassConfig                    0x08001a08   Section        0  usbd_core.o(i.USBD_ClrClassConfig)
    i.USBD_CtlContinueRx                     0x08001a16   Section        0  usbd_ioreq.o(i.USBD_CtlContinueRx)
    i.USBD_CtlContinueSendData               0x08001a26   Section        0  usbd_ioreq.o(i.USBD_CtlContinueSendData)
    i.USBD_CtlError                          0x08001a36   Section        0  usbd_ctlreq.o(i.USBD_CtlError)
    i.USBD_CtlReceiveStatus                  0x08001a4c   Section        0  usbd_ioreq.o(i.USBD_CtlReceiveStatus)
    i.USBD_CtlSendData                       0x08001a62   Section        0  usbd_ioreq.o(i.USBD_CtlSendData)
    i.USBD_CtlSendStatus                     0x08001a7c   Section        0  usbd_ioreq.o(i.USBD_CtlSendStatus)
    i.USBD_FS_ConfigStrDescriptor            0x08001a94   Section        0  usbd_desc.o(i.USBD_FS_ConfigStrDescriptor)
    i.USBD_FS_DeviceDescriptor               0x08001ab4   Section        0  usbd_desc.o(i.USBD_FS_DeviceDescriptor)
    i.USBD_FS_InterfaceStrDescriptor         0x08001ac0   Section        0  usbd_desc.o(i.USBD_FS_InterfaceStrDescriptor)
    i.USBD_FS_LangIDStrDescriptor            0x08001ae4   Section        0  usbd_desc.o(i.USBD_FS_LangIDStrDescriptor)
    i.USBD_FS_ManufacturerStrDescriptor      0x08001af0   Section        0  usbd_desc.o(i.USBD_FS_ManufacturerStrDescriptor)
    i.USBD_FS_ProductStrDescriptor           0x08001b18   Section        0  usbd_desc.o(i.USBD_FS_ProductStrDescriptor)
    i.USBD_FS_SerialStrDescriptor            0x08001b40   Section        0  usbd_desc.o(i.USBD_FS_SerialStrDescriptor)
    i.USBD_GetDescriptor                     0x08001b78   Section        0  usbd_ctlreq.o(i.USBD_GetDescriptor)
    USBD_GetDescriptor                       0x08001b79   Thumb Code   224  usbd_ctlreq.o(i.USBD_GetDescriptor)
    i.USBD_GetString                         0x08001c58   Section        0  usbd_ctlreq.o(i.USBD_GetString)
    i.USBD_Get_USB_Status                    0x08001c9e   Section        0  usbd_conf.o(i.USBD_Get_USB_Status)
    USBD_Get_USB_Status                      0x08001c9f   Thumb Code    24  usbd_conf.o(i.USBD_Get_USB_Status)
    i.USBD_Init                              0x08001cb6   Section        0  usbd_core.o(i.USBD_Init)
    i.USBD_LL_ClearStallEP                   0x08001ce0   Section        0  usbd_conf.o(i.USBD_LL_ClearStallEP)
    i.USBD_LL_CloseEP                        0x08001cf2   Section        0  usbd_conf.o(i.USBD_LL_CloseEP)
    i.USBD_LL_DataInStage                    0x08001d04   Section        0  usbd_core.o(i.USBD_LL_DataInStage)
    i.USBD_LL_DataOutStage                   0x08001dae   Section        0  usbd_core.o(i.USBD_LL_DataOutStage)
    i.USBD_LL_FlushEP                        0x08001e18   Section        0  usbd_conf.o(i.USBD_LL_FlushEP)
    i.USBD_LL_GetRxDataSize                  0x08001e2a   Section        0  usbd_conf.o(i.USBD_LL_GetRxDataSize)
    i.USBD_LL_Init                           0x08001e34   Section        0  usbd_conf.o(i.USBD_LL_Init)
    i.USBD_LL_IsStallEP                      0x08001ea4   Section        0  usbd_conf.o(i.USBD_LL_IsStallEP)
    i.USBD_LL_OpenEP                         0x08001ec0   Section        0  usbd_conf.o(i.USBD_LL_OpenEP)
    i.USBD_LL_PrepareReceive                 0x08001ed8   Section        0  usbd_conf.o(i.USBD_LL_PrepareReceive)
    i.USBD_LL_Reset                          0x08001eea   Section        0  usbd_core.o(i.USBD_LL_Reset)
    i.USBD_LL_Resume                         0x08001f28   Section        0  usbd_core.o(i.USBD_LL_Resume)
    i.USBD_LL_SOF                            0x08001f34   Section        0  usbd_core.o(i.USBD_LL_SOF)
    i.USBD_LL_SetSpeed                       0x08001f4c   Section        0  usbd_core.o(i.USBD_LL_SetSpeed)
    i.USBD_LL_SetUSBAddress                  0x08001f52   Section        0  usbd_conf.o(i.USBD_LL_SetUSBAddress)
    i.USBD_LL_SetupStage                     0x08001f64   Section        0  usbd_core.o(i.USBD_LL_SetupStage)
    i.USBD_LL_StallEP                        0x08001fbe   Section        0  usbd_conf.o(i.USBD_LL_StallEP)
    i.USBD_LL_Start                          0x08001fd0   Section        0  usbd_conf.o(i.USBD_LL_Start)
    i.USBD_LL_Suspend                        0x08001fe2   Section        0  usbd_core.o(i.USBD_LL_Suspend)
    i.USBD_LL_Transmit                       0x08001ff4   Section        0  usbd_conf.o(i.USBD_LL_Transmit)
    i.USBD_MSC_DataIn                        0x08002006   Section        0  usbd_msc.o(i.USBD_MSC_DataIn)
    i.USBD_MSC_DataOut                       0x08002010   Section        0  usbd_msc.o(i.USBD_MSC_DataOut)
    i.USBD_MSC_DeInit                        0x0800201a   Section        0  usbd_msc.o(i.USBD_MSC_DeInit)
    i.USBD_MSC_GetDeviceQualifierDescriptor  0x08002048   Section        0  usbd_msc.o(i.USBD_MSC_GetDeviceQualifierDescriptor)
    i.USBD_MSC_GetFSCfgDesc                  0x08002054   Section        0  usbd_msc.o(i.USBD_MSC_GetFSCfgDesc)
    i.USBD_MSC_GetHSCfgDesc                  0x08002060   Section        0  usbd_msc.o(i.USBD_MSC_GetHSCfgDesc)
    i.USBD_MSC_GetOtherSpeedCfgDesc          0x0800206c   Section        0  usbd_msc.o(i.USBD_MSC_GetOtherSpeedCfgDesc)
    i.USBD_MSC_Init                          0x08002078   Section        0  usbd_msc.o(i.USBD_MSC_Init)
    i.USBD_MSC_RegisterStorage               0x080020ca   Section        0  usbd_msc.o(i.USBD_MSC_RegisterStorage)
    i.USBD_MSC_Setup                         0x080020d4   Section        0  usbd_msc.o(i.USBD_MSC_Setup)
    i.USBD_ParseSetupRequest                 0x08002196   Section        0  usbd_ctlreq.o(i.USBD_ParseSetupRequest)
    i.USBD_RegisterClass                     0x080021be   Section        0  usbd_core.o(i.USBD_RegisterClass)
    i.USBD_SetClassConfig                    0x080021ce   Section        0  usbd_core.o(i.USBD_SetClassConfig)
    i.USBD_SetConfig                         0x080021e4   Section        0  usbd_ctlreq.o(i.USBD_SetConfig)
    USBD_SetConfig                           0x080021e5   Thumb Code   110  usbd_ctlreq.o(i.USBD_SetConfig)
    i.USBD_Start                             0x08002258   Section        0  usbd_core.o(i.USBD_Start)
    i.USBD_StdDevReq                         0x08002262   Section        0  usbd_ctlreq.o(i.USBD_StdDevReq)
    i.USBD_StdEPReq                          0x08002354   Section        0  usbd_ctlreq.o(i.USBD_StdEPReq)
    i.USBD_StdItfReq                         0x08002430   Section        0  usbd_ctlreq.o(i.USBD_StdItfReq)
    i.USBD_static_free                       0x08002464   Section        0  usbd_conf.o(i.USBD_static_free)
    i.USBD_static_malloc                     0x08002468   Section        0  usbd_conf.o(i.USBD_static_malloc)
    i.USB_ActivateEndpoint                   0x08002470   Section        0  stm32f1xx_ll_usb.o(i.USB_ActivateEndpoint)
    i.USB_CoreInit                           0x080026cc   Section        0  stm32f1xx_ll_usb.o(i.USB_CoreInit)
    i.USB_DeactivateEndpoint                 0x080026d0   Section        0  stm32f1xx_ll_usb.o(i.USB_DeactivateEndpoint)
    i.USB_DevConnect                         0x080027f4   Section        0  stm32f1xx_ll_usb.o(i.USB_DevConnect)
    i.USB_DevDisconnect                      0x080027f8   Section        0  stm32f1xx_ll_usb.o(i.USB_DevDisconnect)
    i.USB_DevInit                            0x080027fc   Section        0  stm32f1xx_ll_usb.o(i.USB_DevInit)
    i.USB_DisableGlobalInt                   0x0800281a   Section        0  stm32f1xx_ll_usb.o(i.USB_DisableGlobalInt)
    i.USB_EP0_OutStart                       0x08002828   Section        0  stm32f1xx_ll_usb.o(i.USB_EP0_OutStart)
    i.USB_EPClearStall                       0x0800282c   Section        0  stm32f1xx_ll_usb.o(i.USB_EPClearStall)
    i.USB_EPSetStall                         0x08002896   Section        0  stm32f1xx_ll_usb.o(i.USB_EPSetStall)
    i.USB_EPStartXfer                        0x080028e0   Section        0  stm32f1xx_ll_usb.o(i.USB_EPStartXfer)
    i.USB_EnableGlobalInt                    0x08002a8a   Section        0  stm32f1xx_ll_usb.o(i.USB_EnableGlobalInt)
    i.USB_FlushRxFifo                        0x08002a98   Section        0  stm32f1xx_ll_usb.o(i.USB_FlushRxFifo)
    i.USB_FlushTxFifo                        0x08002a9c   Section        0  stm32f1xx_ll_usb.o(i.USB_FlushTxFifo)
    i.USB_LP_CAN1_RX0_IRQHandler             0x08002aa0   Section        0  stm32f1xx_it.o(i.USB_LP_CAN1_RX0_IRQHandler)
    i.USB_ReadInterrupts                     0x08002aac   Section        0  stm32f1xx_ll_usb.o(i.USB_ReadInterrupts)
    i.USB_ReadPMA                            0x08002ab4   Section        0  stm32f1xx_ll_usb.o(i.USB_ReadPMA)
    i.USB_SetCurrentMode                     0x08002ad2   Section        0  stm32f1xx_ll_usb.o(i.USB_SetCurrentMode)
    i.USB_SetDevAddress                      0x08002ad6   Section        0  stm32f1xx_ll_usb.o(i.USB_SetDevAddress)
    i.USB_WritePMA                           0x08002ae2   Section        0  stm32f1xx_ll_usb.o(i.USB_WritePMA)
    i.UsageFault_Handler                     0x08002b08   Section        0  stm32f1xx_it.o(i.UsageFault_Handler)
    i.__0printf$8                            0x08002b0c   Section        0  printf8.o(i.__0printf$8)
    i.__scatterload_copy                     0x08002b2c   Section       14  handlers.o(i.__scatterload_copy)
    i.__scatterload_null                     0x08002b3a   Section        2  handlers.o(i.__scatterload_null)
    i.__scatterload_zeroinit                 0x08002b3c   Section       14  handlers.o(i.__scatterload_zeroinit)
    i._fat32_read_dir_entry                  0x08002b4c   Section        0  fat32.o(i._fat32_read_dir_entry)
    _fat32_read_dir_entry                    0x08002b4d   Thumb Code   112  fat32.o(i._fat32_read_dir_entry)
    i._fat32_read_fat_table                  0x08002bd4   Section        0  fat32.o(i._fat32_read_fat_table)
    _fat32_read_fat_table                    0x08002bd5   Thumb Code   112  fat32.o(i._fat32_read_fat_table)
    i._fat32_write_firmware                  0x08002c4c   Section        0  fat32.o(i._fat32_write_firmware)
    _fat32_write_firmware                    0x08002c4d   Thumb Code   110  fat32.o(i._fat32_write_firmware)
    i._printf_core                           0x08002cc4   Section        0  printf8.o(i._printf_core)
    _printf_core                             0x08002cc5   Thumb Code   996  printf8.o(i._printf_core)
    i._printf_post_padding                   0x080030d4   Section        0  printf8.o(i._printf_post_padding)
    _printf_post_padding                     0x080030d5   Thumb Code    36  printf8.o(i._printf_post_padding)
    i._printf_pre_padding                    0x080030f8   Section        0  printf8.o(i._printf_pre_padding)
    _printf_pre_padding                      0x080030f9   Thumb Code    46  printf8.o(i._printf_pre_padding)
    i.fat32_read                             0x08003128   Section        0  fat32.o(i.fat32_read)
    i.fat32_write                            0x0800321c   Section        0  fat32.o(i.fat32_write)
    i.fputc                                  0x08003324   Section        0  fputc.o(i.fputc)
    i.ihex_debug_output                      0x08003338   Section        0  ihex_parser.o(i.ihex_debug_output)
    ihex_debug_output                        0x08003339   Thumb Code   124  ihex_parser.o(i.ihex_debug_output)
    i.ihex_parser                            0x0800345c   Section        0  ihex_parser.o(i.ihex_parser)
    i.ihex_reset_state                       0x080035e8   Section        0  ihex_parser.o(i.ihex_reset_state)
    i.ihex_set_callback_func                 0x080035fc   Section        0  ihex_parser.o(i.ihex_set_callback_func)
    i.is_appcode_exist                       0x08003608   Section        0  main.o(i.is_appcode_exist)
    i.is_button_down                         0x08003638   Section        0  main.o(i.is_button_down)
    i.jmp_to_appcode                         0x08003654   Section        0  main.o(i.jmp_to_appcode)
    i.main                                   0x08003678   Section        0  main.o(i.main)
    .constdata                               0x080036d4   Section       90  fat32.o(.constdata)
    FAT32_MBR_DATA0                          0x080036d4   Data          90  fat32.o(.constdata)
    .constdata                               0x0800372e   Section       36  usbd_storage_if.o(.constdata)
    .constdata                               0x08003752   Section        7  usbd_msc_data.o(.constdata)
    .constdata                               0x08003759   Section        8  usbd_msc_data.o(.constdata)
    .constdata                               0x08003761   Section        8  usbd_msc_data.o(.constdata)
    .data                                    0x20000000   Section       12  fat32.o(.data)
    wr_file_type                             0x20000000   Data           1  fat32.o(.data)
    fw_addr_range                            0x20000004   Data           8  fat32.o(.data)
    .data                                    0x2000000c   Section       28  usbd_desc.o(.data)
    .data                                    0x20000028   Section       50  usbd_desc.o(.data)
    .data                                    0x2000005c   Section       32  usbd_storage_if.o(.data)
    .data                                    0x2000007c   Section       16  ihex_parser.o(.data)
    ex_segment_addr_mode                     0x2000007c   Data           1  ihex_parser.o(.data)
    calc_cs_toogle                           0x2000007d   Data           1  ihex_parser.o(.data)
    state                                    0x2000007e   Data           1  ihex_parser.o(.data)
    byte_count                               0x2000007f   Data           1  ihex_parser.o(.data)
    record_type                              0x20000080   Data           1  ihex_parser.o(.data)
    data_size_in_nibble                      0x20000081   Data           1  ihex_parser.o(.data)
    temp_cs                                  0x20000082   Data           1  ihex_parser.o(.data)
    calc_cs                                  0x20000083   Data           1  ihex_parser.o(.data)
    address_lo                               0x20000084   Data           2  ihex_parser.o(.data)
    address_hi                               0x20000086   Data           2  ihex_parser.o(.data)
    callback_fp                              0x20000088   Data           4  ihex_parser.o(.data)
    .data                                    0x2000008c   Section       12  stm32f1xx_hal.o(.data)
    .data                                    0x20000098   Section        4  system_stm32f1xx.o(.data)
    .data                                    0x2000009c   Section        1  usbd_ctlreq.o(.data)
    cfgidx                                   0x2000009c   Data           1  usbd_ctlreq.o(.data)
    .data                                    0x200000a0   Section       56  usbd_msc.o(.data)
    .data                                    0x200000d8   Section      106  usbd_msc.o(.data)
    .data                                    0x20000144   Section        4  stdout.o(.data)
    .bss                                     0x20000148   Section      548  usb_device.o(.bss)
    .bss                                     0x2000036c   Section     1744  usbd_conf.o(.bss)
    mem                                      0x2000036c   Data         624  usbd_conf.o(.bss)
    .bss                                     0x20000a3c   Section      512  usbd_desc.o(.bss)
    .bss                                     0x20000c3c   Section      255  ihex_parser.o(.bss)
    data                                     0x20000c3c   Data         255  ihex_parser.o(.bss)
    .bss                                     0x20000d40   Section       32  stm32f1xx_hal_flash.o(.bss)
    STACK                                    0x20000d60   Section     1024  startup_stm32f103xb.o(STACK)

    Global Symbols

    Symbol Name                              Value     Ov Type        Size  Object(Section)

    BuildAttributes$$THM_ISAv4$P$D$K$B$S$PE$A:L22UL41UL21$X:L11$S22US41US21$IEEE1$IW$USESV6$~STKCKD$USESV7$~SHL$OSPACE$ROPI$EBA8$MICROLIB$REQ8$PRES8$EABIv2 0x00000000   Number         0  anon$$obj.o ABSOLUTE
    __ARM_use_no_argv                        0x00000000   Number         0  main.o ABSOLUTE
    _printf_a                                0x00000000   Number         0  stubs.o ABSOLUTE
    _printf_c                                0x00000000   Number         0  stubs.o ABSOLUTE
    _printf_charcount                        0x00000000   Number         0  stubs.o ABSOLUTE
    _printf_d                                0x00000000   Number         0  stubs.o ABSOLUTE
    _printf_e                                0x00000000   Number         0  stubs.o ABSOLUTE
    _printf_f                                0x00000000   Number         0  stubs.o ABSOLUTE
    _printf_flags                            0x00000000   Number         0  stubs.o ABSOLUTE
    _printf_fp_dec                           0x00000000   Number         0  stubs.o ABSOLUTE
    _printf_fp_hex                           0x00000000   Number         0  stubs.o ABSOLUTE
    _printf_g                                0x00000000   Number         0  stubs.o ABSOLUTE
    _printf_i                                0x00000000   Number         0  stubs.o ABSOLUTE
    _printf_int_dec                          0x00000000   Number         0  stubs.o ABSOLUTE
    _printf_l                                0x00000000   Number         0  stubs.o ABSOLUTE
    _printf_lc                               0x00000000   Number         0  stubs.o ABSOLUTE
    _printf_ll                               0x00000000   Number         0  stubs.o ABSOLUTE
    _printf_lld                              0x00000000   Number         0  stubs.o ABSOLUTE
    _printf_lli                              0x00000000   Number         0  stubs.o ABSOLUTE
    _printf_llo                              0x00000000   Number         0  stubs.o ABSOLUTE
    _printf_llu                              0x00000000   Number         0  stubs.o ABSOLUTE
    _printf_llx                              0x00000000   Number         0  stubs.o ABSOLUTE
    _printf_longlong_dec                     0x00000000   Number         0  stubs.o ABSOLUTE
    _printf_longlong_hex                     0x00000000   Number         0  stubs.o ABSOLUTE
    _printf_longlong_oct                     0x00000000   Number         0  stubs.o ABSOLUTE
    _printf_ls                               0x00000000   Number         0  stubs.o ABSOLUTE
    _printf_mbtowc                           0x00000000   Number         0  stubs.o ABSOLUTE
    _printf_n                                0x00000000   Number         0  stubs.o ABSOLUTE
    _printf_o                                0x00000000   Number         0  stubs.o ABSOLUTE
    _printf_p                                0x00000000   Number         0  stubs.o ABSOLUTE
    _printf_percent                          0x00000000   Number         0  stubs.o ABSOLUTE
    _printf_pre_padding                      0x00000000   Number         0  stubs.o ABSOLUTE
    _printf_return_value                     0x00000000   Number         0  stubs.o ABSOLUTE
    _printf_s                                0x00000000   Number         0  stubs.o ABSOLUTE
    _printf_sizespec                         0x00000000   Number         0  stubs.o ABSOLUTE
    _printf_str                              0x00000000   Number         0  stubs.o ABSOLUTE
    _printf_truncate_signed                  0x00000000   Number         0  stubs.o ABSOLUTE
    _printf_truncate_unsigned                0x00000000   Number         0  stubs.o ABSOLUTE
    _printf_u                                0x00000000   Number         0  stubs.o ABSOLUTE
    _printf_wc                               0x00000000   Number         0  stubs.o ABSOLUTE
    _printf_wctomb                           0x00000000   Number         0  stubs.o ABSOLUTE
    _printf_widthprec                        0x00000000   Number         0  stubs.o ABSOLUTE
    _printf_x                                0x00000000   Number         0  stubs.o ABSOLUTE
    __cpp_initialize__aeabi_                  - Undefined Weak Reference
    __cxa_finalize                            - Undefined Weak Reference
    _clock_init                               - Undefined Weak Reference
    _microlib_exit                            - Undefined Weak Reference
    __Vectors_Size                           0x000000ec   Number         0  startup_stm32f103xb.o ABSOLUTE
    __Vectors                                0x08000000   Data           4  startup_stm32f103xb.o(RESET)
    __Vectors_End                            0x080000ec   Data           0  startup_stm32f103xb.o(RESET)
    __main                                   0x080000ed   Thumb Code     0  entry.o(.ARM.Collect$$$$00000000)
    _main_stk                                0x080000ed   Thumb Code     0  entry2.o(.ARM.Collect$$$$00000001)
    _main_scatterload                        0x080000f1   Thumb Code     0  entry5.o(.ARM.Collect$$$$00000004)
    __main_after_scatterload                 0x080000f5   Thumb Code     0  entry5.o(.ARM.Collect$$$$00000004)
    _main_clock                              0x080000f5   Thumb Code     0  entry7b.o(.ARM.Collect$$$$00000008)
    _main_cpp_init                           0x080000f5   Thumb Code     0  entry8b.o(.ARM.Collect$$$$0000000A)
    _main_init                               0x080000f5   Thumb Code     0  entry9a.o(.ARM.Collect$$$$0000000B)
    __rt_final_cpp                           0x080000fd   Thumb Code     0  entry10a.o(.ARM.Collect$$$$0000000D)
    __rt_final_exit                          0x080000fd   Thumb Code     0  entry11a.o(.ARM.Collect$$$$0000000F)
    Reset_Handler                            0x08000101   Thumb Code     8  startup_stm32f103xb.o(.text)
    ADC1_2_IRQHandler                        0x0800011b   Thumb Code     0  startup_stm32f103xb.o(.text)
    CAN1_RX1_IRQHandler                      0x0800011b   Thumb Code     0  startup_stm32f103xb.o(.text)
    CAN1_SCE_IRQHandler                      0x0800011b   Thumb Code     0  startup_stm32f103xb.o(.text)
    DMA1_Channel1_IRQHandler                 0x0800011b   Thumb Code     0  startup_stm32f103xb.o(.text)
    DMA1_Channel2_IRQHandler                 0x0800011b   Thumb Code     0  startup_stm32f103xb.o(.text)
    DMA1_Channel3_IRQHandler                 0x0800011b   Thumb Code     0  startup_stm32f103xb.o(.text)
    DMA1_Channel4_IRQHandler                 0x0800011b   Thumb Code     0  startup_stm32f103xb.o(.text)
    DMA1_Channel5_IRQHandler                 0x0800011b   Thumb Code     0  startup_stm32f103xb.o(.text)
    DMA1_Channel6_IRQHandler                 0x0800011b   Thumb Code     0  startup_stm32f103xb.o(.text)
    DMA1_Channel7_IRQHandler                 0x0800011b   Thumb Code     0  startup_stm32f103xb.o(.text)
    EXTI0_IRQHandler                         0x0800011b   Thumb Code     0  startup_stm32f103xb.o(.text)
    EXTI15_10_IRQHandler                     0x0800011b   Thumb Code     0  startup_stm32f103xb.o(.text)
    EXTI1_IRQHandler                         0x0800011b   Thumb Code     0  startup_stm32f103xb.o(.text)
    EXTI2_IRQHandler                         0x0800011b   Thumb Code     0  startup_stm32f103xb.o(.text)
    EXTI3_IRQHandler                         0x0800011b   Thumb Code     0  startup_stm32f103xb.o(.text)
    EXTI4_IRQHandler                         0x0800011b   Thumb Code     0  startup_stm32f103xb.o(.text)
    EXTI9_5_IRQHandler                       0x0800011b   Thumb Code     0  startup_stm32f103xb.o(.text)
    FLASH_IRQHandler                         0x0800011b   Thumb Code     0  startup_stm32f103xb.o(.text)
    I2C1_ER_IRQHandler                       0x0800011b   Thumb Code     0  startup_stm32f103xb.o(.text)
    I2C1_EV_IRQHandler                       0x0800011b   Thumb Code     0  startup_stm32f103xb.o(.text)
    I2C2_ER_IRQHandler                       0x0800011b   Thumb Code     0  startup_stm32f103xb.o(.text)
    I2C2_EV_IRQHandler                       0x0800011b   Thumb Code     0  startup_stm32f103xb.o(.text)
    PVD_IRQHandler                           0x0800011b   Thumb Code     0  startup_stm32f103xb.o(.text)
    RCC_IRQHandler                           0x0800011b   Thumb Code     0  startup_stm32f103xb.o(.text)
    RTC_Alarm_IRQHandler                     0x0800011b   Thumb Code     0  startup_stm32f103xb.o(.text)
    RTC_IRQHandler                           0x0800011b   Thumb Code     0  startup_stm32f103xb.o(.text)
    SPI1_IRQHandler                          0x0800011b   Thumb Code     0  startup_stm32f103xb.o(.text)
    SPI2_IRQHandler                          0x0800011b   Thumb Code     0  startup_stm32f103xb.o(.text)
    TAMPER_IRQHandler                        0x0800011b   Thumb Code     0  startup_stm32f103xb.o(.text)
    TIM1_BRK_IRQHandler                      0x0800011b   Thumb Code     0  startup_stm32f103xb.o(.text)
    TIM1_CC_IRQHandler                       0x0800011b   Thumb Code     0  startup_stm32f103xb.o(.text)
    TIM1_TRG_COM_IRQHandler                  0x0800011b   Thumb Code     0  startup_stm32f103xb.o(.text)
    TIM1_UP_IRQHandler                       0x0800011b   Thumb Code     0  startup_stm32f103xb.o(.text)
    TIM2_IRQHandler                          0x0800011b   Thumb Code     0  startup_stm32f103xb.o(.text)
    TIM3_IRQHandler                          0x0800011b   Thumb Code     0  startup_stm32f103xb.o(.text)
    TIM4_IRQHandler                          0x0800011b   Thumb Code     0  startup_stm32f103xb.o(.text)
    USART1_IRQHandler                        0x0800011b   Thumb Code     0  startup_stm32f103xb.o(.text)
    USART2_IRQHandler                        0x0800011b   Thumb Code     0  startup_stm32f103xb.o(.text)
    USART3_IRQHandler                        0x0800011b   Thumb Code     0  startup_stm32f103xb.o(.text)
    USBWakeUp_IRQHandler                     0x0800011b   Thumb Code     0  startup_stm32f103xb.o(.text)
    USB_HP_CAN1_TX_IRQHandler                0x0800011b   Thumb Code     0  startup_stm32f103xb.o(.text)
    WWDG_IRQHandler                          0x0800011b   Thumb Code     0  startup_stm32f103xb.o(.text)
    __aeabi_llsr                             0x08000125   Thumb Code    32  llushr.o(.text)
    _ll_ushift_r                             0x08000125   Thumb Code     0  llushr.o(.text)
    __aeabi_memcpy                           0x08000145   Thumb Code    36  memcpya.o(.text)
    __aeabi_memcpy4                          0x08000145   Thumb Code     0  memcpya.o(.text)
    __aeabi_memcpy8                          0x08000145   Thumb Code     0  memcpya.o(.text)
    __aeabi_memset                           0x08000169   Thumb Code    14  memseta.o(.text)
    __aeabi_memset4                          0x08000169   Thumb Code     0  memseta.o(.text)
    __aeabi_memset8                          0x08000169   Thumb Code     0  memseta.o(.text)
    __aeabi_memclr                           0x08000177   Thumb Code     4  memseta.o(.text)
    __aeabi_memclr4                          0x08000177   Thumb Code     0  memseta.o(.text)
    __aeabi_memclr8                          0x08000177   Thumb Code     0  memseta.o(.text)
    _memset$wrapper                          0x0800017b   Thumb Code    18  memseta.o(.text)
    memcmp                                   0x0800018d   Thumb Code    26  memcmp.o(.text)
    __aeabi_uldivmod                         0x080001a7   Thumb Code    98  uldiv.o(.text)
    __scatterload                            0x08000209   Thumb Code    28  init.o(.text)
    __scatterload_rt2                        0x08000209   Thumb Code     0  init.o(.text)
    __aeabi_llsl                             0x0800022d   Thumb Code    30  llshl.o(.text)
    __semihosting_library_function           0x0800022d   Thumb Code     0  semi.o(.text)
    _ll_shift_l                              0x0800022d   Thumb Code     0  llshl.o(.text)
    __I$use$semihosting$fputc                0x0800024b   Thumb Code     0  iusesemip.o(.text)
    __decompress                             0x0800024b   Thumb Code     0  __dczerorl2.o(.text)
    __decompress1                            0x0800024b   Thumb Code    86  __dczerorl2.o(.text)
    BusFault_Handler                         0x080002a1   Thumb Code     2  stm32f1xx_it.o(i.BusFault_Handler)
    DebugMon_Handler                         0x080002a3   Thumb Code     2  stm32f1xx_it.o(i.DebugMon_Handler)
    Error_Handler                            0x080002a5   Thumb Code     2  main.o(i.Error_Handler)
    FLASH_PageErase                          0x080002cd   Thumb Code    28  stm32f1xx_hal_flash_ex.o(i.FLASH_PageErase)
    FLASH_WaitForLastOperation               0x08000369   Thumb Code    80  stm32f1xx_hal_flash.o(i.FLASH_WaitForLastOperation)
    HAL_DeInit                               0x080003bd   Thumb Code    26  stm32f1xx_hal.o(i.HAL_DeInit)
    HAL_FLASHEx_Erase                        0x080003dd   Thumb Code   160  stm32f1xx_hal_flash_ex.o(i.HAL_FLASHEx_Erase)
    HAL_FLASH_Lock                           0x08000485   Thumb Code    14  stm32f1xx_hal_flash.o(i.HAL_FLASH_Lock)
    HAL_FLASH_Program                        0x08000499   Thumb Code   120  stm32f1xx_hal_flash.o(i.HAL_FLASH_Program)
    HAL_FLASH_Unlock                         0x08000519   Thumb Code    28  stm32f1xx_hal_flash.o(i.HAL_FLASH_Unlock)
    HAL_GPIO_ReadPin                         0x08000541   Thumb Code    10  stm32f1xx_hal_gpio.o(i.HAL_GPIO_ReadPin)
    HAL_GetTick                              0x0800054d   Thumb Code     6  stm32f1xx_hal.o(i.HAL_GetTick)
    HAL_IncTick                              0x08000559   Thumb Code    12  stm32f1xx_hal.o(i.HAL_IncTick)
    HAL_Init                                 0x08000569   Thumb Code    32  stm32f1xx_hal.o(i.HAL_Init)
    HAL_InitTick                             0x0800058d   Thumb Code    54  stm32f1xx_hal.o(i.HAL_InitTick)
    HAL_MspDeInit                            0x080005cd   Thumb Code     2  stm32f1xx_hal.o(i.HAL_MspDeInit)
    HAL_MspInit                              0x080005d1   Thumb Code    52  stm32f1xx_hal_msp.o(i.HAL_MspInit)
    HAL_NVIC_EnableIRQ                       0x0800060d   Thumb Code    22  stm32f1xx_hal_cortex.o(i.HAL_NVIC_EnableIRQ)
    HAL_NVIC_SetPriority                     0x08000625   Thumb Code    60  stm32f1xx_hal_cortex.o(i.HAL_NVIC_SetPriority)
    HAL_NVIC_SetPriorityGrouping             0x08000665   Thumb Code    26  stm32f1xx_hal_cortex.o(i.HAL_NVIC_SetPriorityGrouping)
    HAL_PCDEx_PMAConfig                      0x08000689   Thumb Code    52  stm32f1xx_hal_pcd_ex.o(i.HAL_PCDEx_PMAConfig)
    HAL_PCDEx_SetConnectionState             0x080006bd   Thumb Code     2  usbd_conf.o(i.HAL_PCDEx_SetConnectionState)
    HAL_PCD_DataInStageCallback              0x080006bf   Thumb Code    14  usbd_conf.o(i.HAL_PCD_DataInStageCallback)
    HAL_PCD_DataOutStageCallback             0x080006cd   Thumb Code    16  usbd_conf.o(i.HAL_PCD_DataOutStageCallback)
    HAL_PCD_EP_Close                         0x080006dd   Thumb Code    64  stm32f1xx_hal_pcd.o(i.HAL_PCD_EP_Close)
    HAL_PCD_EP_ClrStall                      0x0800071d   Thumb Code    72  stm32f1xx_hal_pcd.o(i.HAL_PCD_EP_ClrStall)
    HAL_PCD_EP_Flush                         0x08000765   Thumb Code    52  stm32f1xx_hal_pcd.o(i.HAL_PCD_EP_Flush)
    HAL_PCD_EP_GetRxCount                    0x08000799   Thumb Code    16  stm32f1xx_hal_pcd.o(i.HAL_PCD_EP_GetRxCount)
    HAL_PCD_EP_Open                          0x080007a9   Thumb Code    68  stm32f1xx_hal_pcd.o(i.HAL_PCD_EP_Open)
    HAL_PCD_EP_Receive                       0x080007ed   Thumb Code    46  stm32f1xx_hal_pcd.o(i.HAL_PCD_EP_Receive)
    HAL_PCD_EP_SetStall                      0x0800081b   Thumb Code    86  stm32f1xx_hal_pcd.o(i.HAL_PCD_EP_SetStall)
    HAL_PCD_EP_Transmit                      0x08000871   Thumb Code    42  stm32f1xx_hal_pcd.o(i.HAL_PCD_EP_Transmit)
    HAL_PCD_IRQHandler                       0x0800089b   Thumb Code   268  stm32f1xx_hal_pcd.o(i.HAL_PCD_IRQHandler)
    HAL_PCD_Init                             0x080009a9   Thumb Code   192  stm32f1xx_hal_pcd.o(i.HAL_PCD_Init)
    HAL_PCD_MspInit                          0x08000a69   Thumb Code    50  usbd_conf.o(i.HAL_PCD_MspInit)
    HAL_PCD_ResetCallback                    0x08000aa5   Thumb Code    38  usbd_conf.o(i.HAL_PCD_ResetCallback)
    HAL_PCD_ResumeCallback                   0x08000acb   Thumb Code     8  usbd_conf.o(i.HAL_PCD_ResumeCallback)
    HAL_PCD_SOFCallback                      0x08000ad3   Thumb Code     8  usbd_conf.o(i.HAL_PCD_SOFCallback)
    HAL_PCD_SetAddress                       0x08000adb   Thumb Code    40  stm32f1xx_hal_pcd.o(i.HAL_PCD_SetAddress)
    HAL_PCD_SetupStageCallback               0x08000b03   Thumb Code    14  usbd_conf.o(i.HAL_PCD_SetupStageCallback)
    HAL_PCD_Start                            0x08000b11   Thumb Code    50  stm32f1xx_hal_pcd.o(i.HAL_PCD_Start)
    HAL_PCD_SuspendCallback                  0x08000b45   Thumb Code    30  usbd_conf.o(i.HAL_PCD_SuspendCallback)
    HAL_SYSTICK_Config                       0x08000b69   Thumb Code    40  stm32f1xx_hal_cortex.o(i.HAL_SYSTICK_Config)
    HardFault_Handler                        0x08000b91   Thumb Code     2  stm32f1xx_it.o(i.HardFault_Handler)
    LL_GPIO_Init                             0x08000bcd   Thumb Code   240  stm32f1xx_ll_gpio.o(i.LL_GPIO_Init)
    LL_Init1msTick                           0x08000cbd   Thumb Code    26  stm32f1xx_ll_utils.o(i.LL_Init1msTick)
    LL_SetSystemCoreClock                    0x08000cd9   Thumb Code     6  stm32f1xx_ll_utils.o(i.LL_SetSystemCoreClock)
    MSC_BOT_CplClrFeature                    0x08000df5   Thumb Code    42  usbd_msc_bot.o(i.MSC_BOT_CplClrFeature)
    MSC_BOT_DataIn                           0x08000e1f   Thumb Code    58  usbd_msc_bot.o(i.MSC_BOT_DataIn)
    MSC_BOT_DataOut                          0x08000e59   Thumb Code    58  usbd_msc_bot.o(i.MSC_BOT_DataOut)
    MSC_BOT_DeInit                           0x08000e93   Thumb Code    10  usbd_msc_bot.o(i.MSC_BOT_DeInit)
    MSC_BOT_Init                             0x08000e9d   Thumb Code    66  usbd_msc_bot.o(i.MSC_BOT_Init)
    MSC_BOT_Reset                            0x08000edf   Thumb Code    22  usbd_msc_bot.o(i.MSC_BOT_Reset)
    MSC_BOT_SendCSW                          0x08000ef5   Thumb Code    54  usbd_msc_bot.o(i.MSC_BOT_SendCSW)
    MX_USB_DEVICE_Init                       0x08000f31   Thumb Code    66  usb_device.o(i.MX_USB_DEVICE_Init)
    MemManage_Handler                        0x08000f85   Thumb Code     2  stm32f1xx_it.o(i.MemManage_Handler)
    NMI_Handler                              0x08000f87   Thumb Code     2  stm32f1xx_it.o(i.NMI_Handler)
    PendSV_Handler                           0x0800130b   Thumb Code     2  stm32f1xx_it.o(i.PendSV_Handler)
    SCSI_ProcessCmd                          0x08001331   Thumb Code   448  usbd_msc_scsi.o(i.SCSI_ProcessCmd)
    SCSI_SenseCode                           0x0800178f   Thumb Code    54  usbd_msc_scsi.o(i.SCSI_SenseCode)
    SVC_Handler                              0x08001907   Thumb Code     2  stm32f1xx_it.o(i.SVC_Handler)
    SysTick_Handler                          0x08001909   Thumb Code     4  stm32f1xx_it.o(i.SysTick_Handler)
    SystemClock_Config                       0x0800190d   Thumb Code   166  main.o(i.SystemClock_Config)
    SystemInit                               0x080019c1   Thumb Code    56  system_stm32f1xx.o(i.SystemInit)
    USBD_ClrClassConfig                      0x08001a09   Thumb Code    14  usbd_core.o(i.USBD_ClrClassConfig)
    USBD_CtlContinueRx                       0x08001a17   Thumb Code    16  usbd_ioreq.o(i.USBD_CtlContinueRx)
    USBD_CtlContinueSendData                 0x08001a27   Thumb Code    16  usbd_ioreq.o(i.USBD_CtlContinueSendData)
    USBD_CtlError                            0x08001a37   Thumb Code    22  usbd_ctlreq.o(i.USBD_CtlError)
    USBD_CtlReceiveStatus                    0x08001a4d   Thumb Code    22  usbd_ioreq.o(i.USBD_CtlReceiveStatus)
    USBD_CtlSendData                         0x08001a63   Thumb Code    26  usbd_ioreq.o(i.USBD_CtlSendData)
    USBD_CtlSendStatus                       0x08001a7d   Thumb Code    22  usbd_ioreq.o(i.USBD_CtlSendStatus)
    USBD_FS_ConfigStrDescriptor              0x08001a95   Thumb Code    16  usbd_desc.o(i.USBD_FS_ConfigStrDescriptor)
    USBD_FS_DeviceDescriptor                 0x08001ab5   Thumb Code     8  usbd_desc.o(i.USBD_FS_DeviceDescriptor)
    USBD_FS_InterfaceStrDescriptor           0x08001ac1   Thumb Code    16  usbd_desc.o(i.USBD_FS_InterfaceStrDescriptor)
    USBD_FS_LangIDStrDescriptor              0x08001ae5   Thumb Code     8  usbd_desc.o(i.USBD_FS_LangIDStrDescriptor)
    USBD_FS_ManufacturerStrDescriptor        0x08001af1   Thumb Code    16  usbd_desc.o(i.USBD_FS_ManufacturerStrDescriptor)
    USBD_FS_ProductStrDescriptor             0x08001b19   Thumb Code    16  usbd_desc.o(i.USBD_FS_ProductStrDescriptor)
    USBD_FS_SerialStrDescriptor              0x08001b41   Thumb Code    48  usbd_desc.o(i.USBD_FS_SerialStrDescriptor)
    USBD_GetString                           0x08001c59   Thumb Code    70  usbd_ctlreq.o(i.USBD_GetString)
    USBD_Init                                0x08001cb7   Thumb Code    42  usbd_core.o(i.USBD_Init)
    USBD_LL_ClearStallEP                     0x08001ce1   Thumb Code    18  usbd_conf.o(i.USBD_LL_ClearStallEP)
    USBD_LL_CloseEP                          0x08001cf3   Thumb Code    18  usbd_conf.o(i.USBD_LL_CloseEP)
    USBD_LL_DataInStage                      0x08001d05   Thumb Code   170  usbd_core.o(i.USBD_LL_DataInStage)
    USBD_LL_DataOutStage                     0x08001daf   Thumb Code   106  usbd_core.o(i.USBD_LL_DataOutStage)
    USBD_LL_FlushEP                          0x08001e19   Thumb Code    18  usbd_conf.o(i.USBD_LL_FlushEP)
    USBD_LL_GetRxDataSize                    0x08001e2b   Thumb Code     8  usbd_conf.o(i.USBD_LL_GetRxDataSize)
    USBD_LL_Init                             0x08001e35   Thumb Code   104  usbd_conf.o(i.USBD_LL_Init)
    USBD_LL_IsStallEP                        0x08001ea5   Thumb Code    28  usbd_conf.o(i.USBD_LL_IsStallEP)
    USBD_LL_OpenEP                           0x08001ec1   Thumb Code    24  usbd_conf.o(i.USBD_LL_OpenEP)
    USBD_LL_PrepareReceive                   0x08001ed9   Thumb Code    18  usbd_conf.o(i.USBD_LL_PrepareReceive)
    USBD_LL_Reset                            0x08001eeb   Thumb Code    62  usbd_core.o(i.USBD_LL_Reset)
    USBD_LL_Resume                           0x08001f29   Thumb Code    12  usbd_core.o(i.USBD_LL_Resume)
    USBD_LL_SOF                              0x08001f35   Thumb Code    24  usbd_core.o(i.USBD_LL_SOF)
    USBD_LL_SetSpeed                         0x08001f4d   Thumb Code     6  usbd_core.o(i.USBD_LL_SetSpeed)
    USBD_LL_SetUSBAddress                    0x08001f53   Thumb Code    18  usbd_conf.o(i.USBD_LL_SetUSBAddress)
    USBD_LL_SetupStage                       0x08001f65   Thumb Code    90  usbd_core.o(i.USBD_LL_SetupStage)
    USBD_LL_StallEP                          0x08001fbf   Thumb Code    18  usbd_conf.o(i.USBD_LL_StallEP)
    USBD_LL_Start                            0x08001fd1   Thumb Code    18  usbd_conf.o(i.USBD_LL_Start)
    USBD_LL_Suspend                          0x08001fe3   Thumb Code    18  usbd_core.o(i.USBD_LL_Suspend)
    USBD_LL_Transmit                         0x08001ff5   Thumb Code    18  usbd_conf.o(i.USBD_LL_Transmit)
    USBD_MSC_DataIn                          0x08002007   Thumb Code    10  usbd_msc.o(i.USBD_MSC_DataIn)
    USBD_MSC_DataOut                         0x08002011   Thumb Code    10  usbd_msc.o(i.USBD_MSC_DataOut)
    USBD_MSC_DeInit                          0x0800201b   Thumb Code    44  usbd_msc.o(i.USBD_MSC_DeInit)
    USBD_MSC_GetDeviceQualifierDescriptor    0x08002049   Thumb Code     8  usbd_msc.o(i.USBD_MSC_GetDeviceQualifierDescriptor)
    USBD_MSC_GetFSCfgDesc                    0x08002055   Thumb Code     8  usbd_msc.o(i.USBD_MSC_GetFSCfgDesc)
    USBD_MSC_GetHSCfgDesc                    0x08002061   Thumb Code     8  usbd_msc.o(i.USBD_MSC_GetHSCfgDesc)
    USBD_MSC_GetOtherSpeedCfgDesc            0x0800206d   Thumb Code     8  usbd_msc.o(i.USBD_MSC_GetOtherSpeedCfgDesc)
    USBD_MSC_Init                            0x08002079   Thumb Code    82  usbd_msc.o(i.USBD_MSC_Init)
    USBD_MSC_RegisterStorage                 0x080020cb   Thumb Code    10  usbd_msc.o(i.USBD_MSC_RegisterStorage)
    USBD_MSC_Setup                           0x080020d5   Thumb Code   194  usbd_msc.o(i.USBD_MSC_Setup)
    USBD_ParseSetupRequest                   0x08002197   Thumb Code    40  usbd_ctlreq.o(i.USBD_ParseSetupRequest)
    USBD_RegisterClass                       0x080021bf   Thumb Code    16  usbd_core.o(i.USBD_RegisterClass)
    USBD_SetClassConfig                      0x080021cf   Thumb Code    22  usbd_core.o(i.USBD_SetClassConfig)
    USBD_Start                               0x08002259   Thumb Code    10  usbd_core.o(i.USBD_Start)
    USBD_StdDevReq                           0x08002263   Thumb Code   242  usbd_ctlreq.o(i.USBD_StdDevReq)
    USBD_StdEPReq                            0x08002355   Thumb Code   220  usbd_ctlreq.o(i.USBD_StdEPReq)
    USBD_StdItfReq                           0x08002431   Thumb Code    52  usbd_ctlreq.o(i.USBD_StdItfReq)
    USBD_static_free                         0x08002465   Thumb Code     2  usbd_conf.o(i.USBD_static_free)
    USBD_static_malloc                       0x08002469   Thumb Code     4  usbd_conf.o(i.USBD_static_malloc)
    USB_ActivateEndpoint                     0x08002471   Thumb Code   604  stm32f1xx_ll_usb.o(i.USB_ActivateEndpoint)
    USB_CoreInit                             0x080026cd   Thumb Code     4  stm32f1xx_ll_usb.o(i.USB_CoreInit)
    USB_DeactivateEndpoint                   0x080026d1   Thumb Code   292  stm32f1xx_ll_usb.o(i.USB_DeactivateEndpoint)
    USB_DevConnect                           0x080027f5   Thumb Code     4  stm32f1xx_ll_usb.o(i.USB_DevConnect)
    USB_DevDisconnect                        0x080027f9   Thumb Code     4  stm32f1xx_ll_usb.o(i.USB_DevDisconnect)
    USB_DevInit                              0x080027fd   Thumb Code    30  stm32f1xx_ll_usb.o(i.USB_DevInit)
    USB_DisableGlobalInt                     0x0800281b   Thumb Code    14  stm32f1xx_ll_usb.o(i.USB_DisableGlobalInt)
    USB_EP0_OutStart                         0x08002829   Thumb Code     4  stm32f1xx_ll_usb.o(i.USB_EP0_OutStart)
    USB_EPClearStall                         0x0800282d   Thumb Code   106  stm32f1xx_ll_usb.o(i.USB_EPClearStall)
    USB_EPSetStall                           0x08002897   Thumb Code    74  stm32f1xx_ll_usb.o(i.USB_EPSetStall)
    USB_EPStartXfer                          0x080028e1   Thumb Code   426  stm32f1xx_ll_usb.o(i.USB_EPStartXfer)
    USB_EnableGlobalInt                      0x08002a8b   Thumb Code    14  stm32f1xx_ll_usb.o(i.USB_EnableGlobalInt)
    USB_FlushRxFifo                          0x08002a99   Thumb Code     4  stm32f1xx_ll_usb.o(i.USB_FlushRxFifo)
    USB_FlushTxFifo                          0x08002a9d   Thumb Code     4  stm32f1xx_ll_usb.o(i.USB_FlushTxFifo)
    USB_LP_CAN1_RX0_IRQHandler               0x08002aa1   Thumb Code     6  stm32f1xx_it.o(i.USB_LP_CAN1_RX0_IRQHandler)
    USB_ReadInterrupts                       0x08002aad   Thumb Code     6  stm32f1xx_ll_usb.o(i.USB_ReadInterrupts)
    USB_ReadPMA                              0x08002ab5   Thumb Code    30  stm32f1xx_ll_usb.o(i.USB_ReadPMA)
    USB_SetCurrentMode                       0x08002ad3   Thumb Code     4  stm32f1xx_ll_usb.o(i.USB_SetCurrentMode)
    USB_SetDevAddress                        0x08002ad7   Thumb Code    12  stm32f1xx_ll_usb.o(i.USB_SetDevAddress)
    USB_WritePMA                             0x08002ae3   Thumb Code    38  stm32f1xx_ll_usb.o(i.USB_WritePMA)
    UsageFault_Handler                       0x08002b09   Thumb Code     2  stm32f1xx_it.o(i.UsageFault_Handler)
    __0printf$8                              0x08002b0d   Thumb Code    22  printf8.o(i.__0printf$8)
    __1printf$8                              0x08002b0d   Thumb Code     0  printf8.o(i.__0printf$8)
    __2printf                                0x08002b0d   Thumb Code     0  printf8.o(i.__0printf$8)
    __scatterload_copy                       0x08002b2d   Thumb Code    14  handlers.o(i.__scatterload_copy)
    __scatterload_null                       0x08002b3b   Thumb Code     2  handlers.o(i.__scatterload_null)
    __scatterload_zeroinit                   0x08002b3d   Thumb Code    14  handlers.o(i.__scatterload_zeroinit)
    fat32_read                               0x08003129   Thumb Code   210  fat32.o(i.fat32_read)
    fat32_write                              0x0800321d   Thumb Code   242  fat32.o(i.fat32_write)
    fputc                                    0x08003325   Thumb Code    18  fputc.o(i.fputc)
    ihex_parser                              0x0800345d   Thumb Code   388  ihex_parser.o(i.ihex_parser)
    ihex_reset_state                         0x080035e9   Thumb Code    14  ihex_parser.o(i.ihex_reset_state)
    ihex_set_callback_func                   0x080035fd   Thumb Code     6  ihex_parser.o(i.ihex_set_callback_func)
    is_appcode_exist                         0x08003609   Thumb Code    42  main.o(i.is_appcode_exist)
    is_button_down                           0x08003639   Thumb Code    22  main.o(i.is_button_down)
    jmp_to_appcode                           0x08003655   Thumb Code    28  main.o(i.jmp_to_appcode)
    main                                     0x08003679   Thumb Code    82  main.o(i.main)
    STORAGE_Inquirydata_FS                   0x0800372e   Data          36  usbd_storage_if.o(.constdata)
    MSC_Page00_Inquiry_Data                  0x08003752   Data           7  usbd_msc_data.o(.constdata)
    MSC_Mode_Sense6_data                     0x08003759   Data           8  usbd_msc_data.o(.constdata)
    MSC_Mode_Sense10_data                    0x08003761   Data           8  usbd_msc_data.o(.constdata)
    Region$$Table$$Base                      0x0800376c   Number         0  anon$$obj.o(Region$$Table)
    Region$$Table$$Limit                     0x0800378c   Number         0  anon$$obj.o(Region$$Table)
    FS_Desc                                  0x2000000c   Data          28  usbd_desc.o(.data)
    USBD_LangIDDesc                          0x20000028   Data           4  usbd_desc.o(.data)
    USBD_FS_DeviceDesc                       0x2000002c   Data          18  usbd_desc.o(.data)
    USBD_StringSerial                        0x20000040   Data          26  usbd_desc.o(.data)
    USBD_Storage_Interface_fops_FS           0x2000005c   Data          32  usbd_storage_if.o(.data)
    uwTickFreq                               0x2000008c   Data           1  stm32f1xx_hal.o(.data)
    uwTickPrio                               0x20000090   Data           4  stm32f1xx_hal.o(.data)
    uwTick                                   0x20000094   Data           4  stm32f1xx_hal.o(.data)
    SystemCoreClock                          0x20000098   Data           4  system_stm32f1xx.o(.data)
    USBD_MSC                                 0x200000a0   Data          56  usbd_msc.o(.data)
    USBD_MSC_CfgHSDesc                       0x200000d8   Data          32  usbd_msc.o(.data)
    USBD_MSC_CfgFSDesc                       0x200000f8   Data          32  usbd_msc.o(.data)
    USBD_MSC_OtherSpeedCfgDesc               0x20000118   Data          32  usbd_msc.o(.data)
    USBD_MSC_DeviceQualifierDesc             0x20000138   Data          10  usbd_msc.o(.data)
    __stdout                                 0x20000144   Data           4  stdout.o(.data)
    hUsbDeviceFS                             0x20000148   Data         548  usb_device.o(.bss)
    hpcd_USB_FS                              0x200005dc   Data        1120  usbd_conf.o(.bss)
    USBD_StrDesc                             0x20000a3c   Data         512  usbd_desc.o(.bss)
    pFlash                                   0x20000d40   Data          32  stm32f1xx_hal_flash.o(.bss)
    __initial_sp                             0x20001160   Data           0  startup_stm32f103xb.o(STACK)



==============================================================================

Memory Map of the image

  Image Entry point : 0x080000ed

  Load Region LR_IROM1 (Base: 0x08000000, Size: 0x000038d4, Max: 0x00010000, ABSOLUTE, COMPRESSED[0x0000383c])

    Execution Region ER_IROM1 (Base: 0x08000000, Size: 0x0000378c, Max: 0x00010000, ABSOLUTE)

    Base Addr    Size         Type   Attr      Idx    E Section Name        Object

    0x08000000   0x000000ec   Data   RO            3    RESET               startup_stm32f103xb.o
    0x080000ec   0x00000000   Code   RO         3001  * .ARM.Collect$$$$00000000  mc_w.l(entry.o)
    0x080000ec   0x00000004   Code   RO         3275    .ARM.Collect$$$$00000001  mc_w.l(entry2.o)
    0x080000f0   0x00000004   Code   RO         3278    .ARM.Collect$$$$00000004  mc_w.l(entry5.o)
    0x080000f4   0x00000000   Code   RO         3280    .ARM.Collect$$$$00000008  mc_w.l(entry7b.o)
    0x080000f4   0x00000000   Code   RO         3282    .ARM.Collect$$$$0000000A  mc_w.l(entry8b.o)
    0x080000f4   0x00000008   Code   RO         3283    .ARM.Collect$$$$0000000B  mc_w.l(entry9a.o)
    0x080000fc   0x00000000   Code   RO         3285    .ARM.Collect$$$$0000000D  mc_w.l(entry10a.o)
    0x080000fc   0x00000000   Code   RO         3287    .ARM.Collect$$$$0000000F  mc_w.l(entry11a.o)
    0x080000fc   0x00000004   Code   RO         3276    .ARM.Collect$$$$00002712  mc_w.l(entry2.o)
    0x08000100   0x00000024   Code   RO            4    .text               startup_stm32f103xb.o
    0x08000124   0x00000020   Code   RO         3004    .text               mc_w.l(llushr.o)
    0x08000144   0x00000024   Code   RO         3006    .text               mc_w.l(memcpya.o)
    0x08000168   0x00000024   Code   RO         3008    .text               mc_w.l(memseta.o)
    0x0800018c   0x0000001a   Code   RO         3010    .text               mc_w.l(memcmp.o)
    0x080001a6   0x00000062   Code   RO         3294    .text               mc_w.l(uldiv.o)
    0x08000208   0x00000024   Code   RO         3307    .text               mc_w.l(init.o)
    0x0800022c   0x00000000   Code   RO         3309    .text               mc_w.l(semi.o)
    0x0800022c   0x0000001e   Code   RO         3310    .text               mc_w.l(llshl.o)
    0x0800024a   0x00000000   Code   RO         3314    .text               mc_w.l(iusesemip.o)
    0x0800024a   0x00000056   Code   RO         3325    .text               mc_w.l(__dczerorl2.o)
    0x080002a0   0x00000002   Code   RO          673    i.BusFault_Handler  stm32f1xx_it.o
    0x080002a2   0x00000002   Code   RO          674    i.DebugMon_Handler  stm32f1xx_it.o
    0x080002a4   0x00000002   Code   RO          156    i.Error_Handler     main.o
    0x080002a6   0x00000002   PAD
    0x080002a8   0x00000024   Code   RO         2368    i.FLASH_MassErase   stm32f1xx_hal_flash_ex.o
    0x080002cc   0x00000024   Code   RO         2373    i.FLASH_PageErase   stm32f1xx_hal_flash_ex.o
    0x080002f0   0x0000001c   Code   RO         2265    i.FLASH_Program_HalfWord  stm32f1xx_hal_flash.o
    0x0800030c   0x0000005c   Code   RO         2266    i.FLASH_SetErrorCode  stm32f1xx_hal_flash.o
    0x08000368   0x00000054   Code   RO         2267    i.FLASH_WaitForLastOperation  stm32f1xx_hal_flash.o
    0x080003bc   0x00000020   Code   RO         1568    i.HAL_DeInit        stm32f1xx_hal.o
    0x080003dc   0x000000a8   Code   RO         2374    i.HAL_FLASHEx_Erase  stm32f1xx_hal_flash_ex.o
    0x08000484   0x00000014   Code   RO         2271    i.HAL_FLASH_Lock    stm32f1xx_hal_flash.o
    0x08000498   0x00000080   Code   RO         2276    i.HAL_FLASH_Program  stm32f1xx_hal_flash.o
    0x08000518   0x00000028   Code   RO         2278    i.HAL_FLASH_Unlock  stm32f1xx_hal_flash.o
    0x08000540   0x0000000a   Code   RO         1867    i.HAL_GPIO_ReadPin  stm32f1xx_hal_gpio.o
    0x0800054a   0x00000002   PAD
    0x0800054c   0x0000000c   Code   RO         1573    i.HAL_GetTick       stm32f1xx_hal.o
    0x08000558   0x00000010   Code   RO         1577    i.HAL_IncTick       stm32f1xx_hal.o
    0x08000568   0x00000024   Code   RO         1578    i.HAL_Init          stm32f1xx_hal.o
    0x0800058c   0x00000040   Code   RO         1579    i.HAL_InitTick      stm32f1xx_hal.o
    0x080005cc   0x00000002   Code   RO         1580    i.HAL_MspDeInit     stm32f1xx_hal.o
    0x080005ce   0x00000002   PAD
    0x080005d0   0x0000003c   Code   RO          755    i.HAL_MspInit       stm32f1xx_hal_msp.o
    0x0800060c   0x00000016   Code   RO         2025    i.HAL_NVIC_EnableIRQ  stm32f1xx_hal_cortex.o
    0x08000622   0x00000002   PAD
    0x08000624   0x00000040   Code   RO         2031    i.HAL_NVIC_SetPriority  stm32f1xx_hal_cortex.o
    0x08000664   0x00000024   Code   RO         2032    i.HAL_NVIC_SetPriorityGrouping  stm32f1xx_hal_cortex.o
    0x08000688   0x00000034   Code   RO         1114    i.HAL_PCDEx_PMAConfig  stm32f1xx_hal_pcd_ex.o
    0x080006bc   0x00000002   Code   RO          327    i.HAL_PCDEx_SetConnectionState  usbd_conf.o
    0x080006be   0x0000000e   Code   RO          329    i.HAL_PCD_DataInStageCallback  usbd_conf.o
    0x080006cc   0x00000010   Code   RO          330    i.HAL_PCD_DataOutStageCallback  usbd_conf.o
    0x080006dc   0x00000040   Code   RO          908    i.HAL_PCD_EP_Close  stm32f1xx_hal_pcd.o
    0x0800071c   0x00000048   Code   RO          909    i.HAL_PCD_EP_ClrStall  stm32f1xx_hal_pcd.o
    0x08000764   0x00000034   Code   RO          910    i.HAL_PCD_EP_Flush  stm32f1xx_hal_pcd.o
    0x08000798   0x00000010   Code   RO          911    i.HAL_PCD_EP_GetRxCount  stm32f1xx_hal_pcd.o
    0x080007a8   0x00000044   Code   RO          912    i.HAL_PCD_EP_Open   stm32f1xx_hal_pcd.o
    0x080007ec   0x0000002e   Code   RO          913    i.HAL_PCD_EP_Receive  stm32f1xx_hal_pcd.o
    0x0800081a   0x00000056   Code   RO          914    i.HAL_PCD_EP_SetStall  stm32f1xx_hal_pcd.o
    0x08000870   0x0000002a   Code   RO          915    i.HAL_PCD_EP_Transmit  stm32f1xx_hal_pcd.o
    0x0800089a   0x0000010c   Code   RO          917    i.HAL_PCD_IRQHandler  stm32f1xx_hal_pcd.o
    0x080009a6   0x00000002   PAD
    0x080009a8   0x000000c0   Code   RO          920    i.HAL_PCD_Init      stm32f1xx_hal_pcd.o
    0x08000a68   0x0000003c   Code   RO          335    i.HAL_PCD_MspInit   usbd_conf.o
    0x08000aa4   0x00000026   Code   RO          336    i.HAL_PCD_ResetCallback  usbd_conf.o
    0x08000aca   0x00000008   Code   RO          337    i.HAL_PCD_ResumeCallback  usbd_conf.o
    0x08000ad2   0x00000008   Code   RO          338    i.HAL_PCD_SOFCallback  usbd_conf.o
    0x08000ada   0x00000028   Code   RO          926    i.HAL_PCD_SetAddress  stm32f1xx_hal_pcd.o
    0x08000b02   0x0000000e   Code   RO          339    i.HAL_PCD_SetupStageCallback  usbd_conf.o
    0x08000b10   0x00000032   Code   RO          928    i.HAL_PCD_Start     stm32f1xx_hal_pcd.o
    0x08000b42   0x00000002   PAD
    0x08000b44   0x00000024   Code   RO          340    i.HAL_PCD_SuspendCallback  usbd_conf.o
    0x08000b68   0x00000028   Code   RO         2036    i.HAL_SYSTICK_Config  stm32f1xx_hal_cortex.o
    0x08000b90   0x00000002   Code   RO          675    i.HardFault_Handler  stm32f1xx_it.o
    0x08000b92   0x00000002   PAD
    0x08000b94   0x00000038   Code   RO          539    i.IntToUnicode      usbd_desc.o
    0x08000bcc   0x000000f0   Code   RO          850    i.LL_GPIO_Init      stm32f1xx_ll_gpio.o
    0x08000cbc   0x0000001a   Code   RO         1444    i.LL_Init1msTick    stm32f1xx_ll_utils.o
    0x08000cd6   0x00000002   PAD
    0x08000cd8   0x0000000c   Code   RO         1448    i.LL_SetSystemCoreClock  stm32f1xx_ll_utils.o
    0x08000ce4   0x00000042   Code   RO         2839    i.MSC_BOT_Abort     usbd_msc_bot.o
    0x08000d26   0x00000002   PAD
    0x08000d28   0x000000cc   Code   RO         2840    i.MSC_BOT_CBW_Decode  usbd_msc_bot.o
    0x08000df4   0x0000002a   Code   RO         2841    i.MSC_BOT_CplClrFeature  usbd_msc_bot.o
    0x08000e1e   0x0000003a   Code   RO         2842    i.MSC_BOT_DataIn    usbd_msc_bot.o
    0x08000e58   0x0000003a   Code   RO         2843    i.MSC_BOT_DataOut   usbd_msc_bot.o
    0x08000e92   0x0000000a   Code   RO         2844    i.MSC_BOT_DeInit    usbd_msc_bot.o
    0x08000e9c   0x00000042   Code   RO         2845    i.MSC_BOT_Init      usbd_msc_bot.o
    0x08000ede   0x00000016   Code   RO         2846    i.MSC_BOT_Reset     usbd_msc_bot.o
    0x08000ef4   0x0000003c   Code   RO         2847    i.MSC_BOT_SendCSW   usbd_msc_bot.o
    0x08000f30   0x00000054   Code   RO          260    i.MX_USB_DEVICE_Init  usb_device.o
    0x08000f84   0x00000002   Code   RO          676    i.MemManage_Handler  stm32f1xx_it.o
    0x08000f86   0x00000002   Code   RO          677    i.NMI_Handler       stm32f1xx_it.o
    0x08000f88   0x00000020   Code   RO         2038    i.NVIC_SetPriority  stm32f1xx_hal_cortex.o
    0x08000fa8   0x00000362   Code   RO          931    i.PCD_EP_ISR_Handler  stm32f1xx_hal_pcd.o
    0x0800130a   0x00000002   Code   RO          678    i.PendSV_Handler    stm32f1xx_it.o
    0x0800130c   0x00000022   Code   RO         2935    i.SCSI_CheckAddressRange  usbd_msc_scsi.o
    0x0800132e   0x00000002   PAD
    0x08001330   0x000001cc   Code   RO         2936    i.SCSI_ProcessCmd   usbd_msc_scsi.o
    0x080014fc   0x0000008c   Code   RO         2937    i.SCSI_ProcessRead  usbd_msc_scsi.o
    0x08001588   0x00000098   Code   RO         2938    i.SCSI_ProcessWrite  usbd_msc_scsi.o
    0x08001620   0x000000aa   Code   RO         2939    i.SCSI_Read10       usbd_msc_scsi.o
    0x080016ca   0x00000056   Code   RO         2940    i.SCSI_ReadCapacity10  usbd_msc_scsi.o
    0x08001720   0x0000006e   Code   RO         2941    i.SCSI_ReadFormatCapacity  usbd_msc_scsi.o
    0x0800178e   0x00000036   Code   RO         2942    i.SCSI_SenseCode    usbd_msc_scsi.o
    0x080017c4   0x000000ca   Code   RO         2943    i.SCSI_Write10      usbd_msc_scsi.o
    0x0800188e   0x00000010   Code   RO          612    i.STORAGE_GetCapacity_FS  usbd_storage_if.o
    0x0800189e   0x00000004   Code   RO          613    i.STORAGE_GetMaxLun_FS  usbd_storage_if.o
    0x080018a2   0x00000004   Code   RO          614    i.STORAGE_Init_FS   usbd_storage_if.o
    0x080018a6   0x00000004   Code   RO          615    i.STORAGE_IsReady_FS  usbd_storage_if.o
    0x080018aa   0x00000004   Code   RO          616    i.STORAGE_IsWriteProtected_FS  usbd_storage_if.o
    0x080018ae   0x0000002c   Code   RO          617    i.STORAGE_Read_FS   usbd_storage_if.o
    0x080018da   0x0000002c   Code   RO          618    i.STORAGE_Write_FS  usbd_storage_if.o
    0x08001906   0x00000002   Code   RO          679    i.SVC_Handler       stm32f1xx_it.o
    0x08001908   0x00000004   Code   RO          680    i.SysTick_Handler   stm32f1xx_it.o
    0x0800190c   0x000000b4   Code   RO          157    i.SystemClock_Config  main.o
    0x080019c0   0x00000048   Code   RO         2454    i.SystemInit        system_stm32f1xx.o
    0x08001a08   0x0000000e   Code   RO         2491    i.USBD_ClrClassConfig  usbd_core.o
    0x08001a16   0x00000010   Code   RO         2694    i.USBD_CtlContinueRx  usbd_ioreq.o
    0x08001a26   0x00000010   Code   RO         2695    i.USBD_CtlContinueSendData  usbd_ioreq.o
    0x08001a36   0x00000016   Code   RO         2629    i.USBD_CtlError     usbd_ctlreq.o
    0x08001a4c   0x00000016   Code   RO         2697    i.USBD_CtlReceiveStatus  usbd_ioreq.o
    0x08001a62   0x0000001a   Code   RO         2698    i.USBD_CtlSendData  usbd_ioreq.o
    0x08001a7c   0x00000016   Code   RO         2699    i.USBD_CtlSendStatus  usbd_ioreq.o
    0x08001a92   0x00000002   PAD
    0x08001a94   0x00000020   Code   RO          540    i.USBD_FS_ConfigStrDescriptor  usbd_desc.o
    0x08001ab4   0x0000000c   Code   RO          541    i.USBD_FS_DeviceDescriptor  usbd_desc.o
    0x08001ac0   0x00000024   Code   RO          542    i.USBD_FS_InterfaceStrDescriptor  usbd_desc.o
    0x08001ae4   0x0000000c   Code   RO          543    i.USBD_FS_LangIDStrDescriptor  usbd_desc.o
    0x08001af0   0x00000028   Code   RO          544    i.USBD_FS_ManufacturerStrDescriptor  usbd_desc.o
    0x08001b18   0x00000028   Code   RO          545    i.USBD_FS_ProductStrDescriptor  usbd_desc.o
    0x08001b40   0x00000038   Code   RO          546    i.USBD_FS_SerialStrDescriptor  usbd_desc.o
    0x08001b78   0x000000e0   Code   RO         2630    i.USBD_GetDescriptor  usbd_ctlreq.o
    0x08001c58   0x00000046   Code   RO         2631    i.USBD_GetString    usbd_ctlreq.o
    0x08001c9e   0x00000018   Code   RO          341    i.USBD_Get_USB_Status  usbd_conf.o
    0x08001cb6   0x0000002a   Code   RO         2493    i.USBD_Init         usbd_core.o
    0x08001ce0   0x00000012   Code   RO          342    i.USBD_LL_ClearStallEP  usbd_conf.o
    0x08001cf2   0x00000012   Code   RO          343    i.USBD_LL_CloseEP   usbd_conf.o
    0x08001d04   0x000000aa   Code   RO         2494    i.USBD_LL_DataInStage  usbd_core.o
    0x08001dae   0x0000006a   Code   RO         2495    i.USBD_LL_DataOutStage  usbd_core.o
    0x08001e18   0x00000012   Code   RO          346    i.USBD_LL_FlushEP   usbd_conf.o
    0x08001e2a   0x00000008   Code   RO          347    i.USBD_LL_GetRxDataSize  usbd_conf.o
    0x08001e32   0x00000002   PAD
    0x08001e34   0x00000070   Code   RO          348    i.USBD_LL_Init      usbd_conf.o
    0x08001ea4   0x0000001c   Code   RO          349    i.USBD_LL_IsStallEP  usbd_conf.o
    0x08001ec0   0x00000018   Code   RO          350    i.USBD_LL_OpenEP    usbd_conf.o
    0x08001ed8   0x00000012   Code   RO          351    i.USBD_LL_PrepareReceive  usbd_conf.o
    0x08001eea   0x0000003e   Code   RO         2500    i.USBD_LL_Reset     usbd_core.o
    0x08001f28   0x0000000c   Code   RO         2501    i.USBD_LL_Resume    usbd_core.o
    0x08001f34   0x00000018   Code   RO         2502    i.USBD_LL_SOF       usbd_core.o
    0x08001f4c   0x00000006   Code   RO         2503    i.USBD_LL_SetSpeed  usbd_core.o
    0x08001f52   0x00000012   Code   RO          352    i.USBD_LL_SetUSBAddress  usbd_conf.o
    0x08001f64   0x0000005a   Code   RO         2504    i.USBD_LL_SetupStage  usbd_core.o
    0x08001fbe   0x00000012   Code   RO          353    i.USBD_LL_StallEP   usbd_conf.o
    0x08001fd0   0x00000012   Code   RO          354    i.USBD_LL_Start     usbd_conf.o
    0x08001fe2   0x00000012   Code   RO         2505    i.USBD_LL_Suspend   usbd_core.o
    0x08001ff4   0x00000012   Code   RO          356    i.USBD_LL_Transmit  usbd_conf.o
    0x08002006   0x0000000a   Code   RO         2754    i.USBD_MSC_DataIn   usbd_msc.o
    0x08002010   0x0000000a   Code   RO         2755    i.USBD_MSC_DataOut  usbd_msc.o
    0x0800201a   0x0000002c   Code   RO         2756    i.USBD_MSC_DeInit   usbd_msc.o
    0x08002046   0x00000002   PAD
    0x08002048   0x0000000c   Code   RO         2757    i.USBD_MSC_GetDeviceQualifierDescriptor  usbd_msc.o
    0x08002054   0x0000000c   Code   RO         2758    i.USBD_MSC_GetFSCfgDesc  usbd_msc.o
    0x08002060   0x0000000c   Code   RO         2759    i.USBD_MSC_GetHSCfgDesc  usbd_msc.o
    0x0800206c   0x0000000c   Code   RO         2760    i.USBD_MSC_GetOtherSpeedCfgDesc  usbd_msc.o
    0x08002078   0x00000052   Code   RO         2761    i.USBD_MSC_Init     usbd_msc.o
    0x080020ca   0x0000000a   Code   RO         2762    i.USBD_MSC_RegisterStorage  usbd_msc.o
    0x080020d4   0x000000c2   Code   RO         2763    i.USBD_MSC_Setup    usbd_msc.o
    0x08002196   0x00000028   Code   RO         2632    i.USBD_ParseSetupRequest  usbd_ctlreq.o
    0x080021be   0x00000010   Code   RO         2506    i.USBD_RegisterClass  usbd_core.o
    0x080021ce   0x00000016   Code   RO         2508    i.USBD_SetClassConfig  usbd_core.o
    0x080021e4   0x00000074   Code   RO         2633    i.USBD_SetConfig    usbd_ctlreq.o
    0x08002258   0x0000000a   Code   RO         2509    i.USBD_Start        usbd_core.o
    0x08002262   0x000000f2   Code   RO         2634    i.USBD_StdDevReq    usbd_ctlreq.o
    0x08002354   0x000000dc   Code   RO         2635    i.USBD_StdEPReq     usbd_ctlreq.o
    0x08002430   0x00000034   Code   RO         2636    i.USBD_StdItfReq    usbd_ctlreq.o
    0x08002464   0x00000002   Code   RO          357    i.USBD_static_free  usbd_conf.o
    0x08002466   0x00000002   PAD
    0x08002468   0x00000008   Code   RO          358    i.USBD_static_malloc  usbd_conf.o
    0x08002470   0x0000025c   Code   RO         1144    i.USB_ActivateEndpoint  stm32f1xx_ll_usb.o
    0x080026cc   0x00000004   Code   RO         1147    i.USB_CoreInit      stm32f1xx_ll_usb.o
    0x080026d0   0x00000124   Code   RO         1149    i.USB_DeactivateEndpoint  stm32f1xx_ll_usb.o
    0x080027f4   0x00000004   Code   RO         1150    i.USB_DevConnect    stm32f1xx_ll_usb.o
    0x080027f8   0x00000004   Code   RO         1151    i.USB_DevDisconnect  stm32f1xx_ll_usb.o
    0x080027fc   0x0000001e   Code   RO         1152    i.USB_DevInit       stm32f1xx_ll_usb.o
    0x0800281a   0x0000000e   Code   RO         1153    i.USB_DisableGlobalInt  stm32f1xx_ll_usb.o
    0x08002828   0x00000004   Code   RO         1154    i.USB_EP0_OutStart  stm32f1xx_ll_usb.o
    0x0800282c   0x0000006a   Code   RO         1155    i.USB_EPClearStall  stm32f1xx_ll_usb.o
    0x08002896   0x0000004a   Code   RO         1156    i.USB_EPSetStall    stm32f1xx_ll_usb.o
    0x080028e0   0x000001aa   Code   RO         1157    i.USB_EPStartXfer   stm32f1xx_ll_usb.o
    0x08002a8a   0x0000000e   Code   RO         1158    i.USB_EnableGlobalInt  stm32f1xx_ll_usb.o
    0x08002a98   0x00000004   Code   RO         1159    i.USB_FlushRxFifo   stm32f1xx_ll_usb.o
    0x08002a9c   0x00000004   Code   RO         1160    i.USB_FlushTxFifo   stm32f1xx_ll_usb.o
    0x08002aa0   0x0000000c   Code   RO          681    i.USB_LP_CAN1_RX0_IRQHandler  stm32f1xx_it.o
    0x08002aac   0x00000006   Code   RO         1165    i.USB_ReadInterrupts  stm32f1xx_ll_usb.o
    0x08002ab2   0x00000002   PAD
    0x08002ab4   0x0000001e   Code   RO         1166    i.USB_ReadPMA       stm32f1xx_ll_usb.o
    0x08002ad2   0x00000004   Code   RO         1168    i.USB_SetCurrentMode  stm32f1xx_ll_usb.o
    0x08002ad6   0x0000000c   Code   RO         1169    i.USB_SetDevAddress  stm32f1xx_ll_usb.o
    0x08002ae2   0x00000026   Code   RO         1171    i.USB_WritePMA      stm32f1xx_ll_usb.o
    0x08002b08   0x00000002   Code   RO          682    i.UsageFault_Handler  stm32f1xx_it.o
    0x08002b0a   0x00000002   PAD
    0x08002b0c   0x00000020   Code   RO         3221    i.__0printf$8       mc_w.l(printf8.o)
    0x08002b2c   0x0000000e   Code   RO         3319    i.__scatterload_copy  mc_w.l(handlers.o)
    0x08002b3a   0x00000002   Code   RO         3320    i.__scatterload_null  mc_w.l(handlers.o)
    0x08002b3c   0x0000000e   Code   RO         3321    i.__scatterload_zeroinit  mc_w.l(handlers.o)
    0x08002b4a   0x00000002   PAD
    0x08002b4c   0x00000088   Code   RO           13    i._fat32_read_dir_entry  fat32.o
    0x08002bd4   0x00000078   Code   RO           14    i._fat32_read_fat_table  fat32.o
    0x08002c4c   0x00000078   Code   RO           15    i._fat32_write_firmware  fat32.o
    0x08002cc4   0x00000410   Code   RO         3228    i._printf_core      mc_w.l(printf8.o)
    0x080030d4   0x00000024   Code   RO         3229    i._printf_post_padding  mc_w.l(printf8.o)
    0x080030f8   0x0000002e   Code   RO         3230    i._printf_pre_padding  mc_w.l(printf8.o)
    0x08003126   0x00000002   PAD
    0x08003128   0x000000f4   Code   RO           16    i.fat32_read        fat32.o
    0x0800321c   0x00000108   Code   RO           17    i.fat32_write       fat32.o
    0x08003324   0x00000012   Code   RO         3289    i.fputc             mc_w.l(fputc.o)
    0x08003336   0x00000002   PAD
    0x08003338   0x00000124   Code   RO          776    i.ihex_debug_output  ihex_parser.o
    0x0800345c   0x0000018c   Code   RO          777    i.ihex_parser       ihex_parser.o
    0x080035e8   0x00000014   Code   RO          778    i.ihex_reset_state  ihex_parser.o
    0x080035fc   0x0000000c   Code   RO          779    i.ihex_set_callback_func  ihex_parser.o
    0x08003608   0x00000030   Code   RO          158    i.is_appcode_exist  main.o
    0x08003638   0x0000001c   Code   RO          159    i.is_button_down    main.o
    0x08003654   0x00000024   Code   RO          160    i.jmp_to_appcode    main.o
    0x08003678   0x0000005c   Code   RO          161    i.main              main.o
    0x080036d4   0x0000005a   Data   RO           18    .constdata          fat32.o
    0x0800372e   0x00000024   Data   RO          619    .constdata          usbd_storage_if.o
    0x08003752   0x00000007   Data   RO         2909    .constdata          usbd_msc_data.o
    0x08003759   0x00000008   Data   RO         2910    .constdata          usbd_msc_data.o
    0x08003761   0x00000008   Data   RO         2911    .constdata          usbd_msc_data.o
    0x08003769   0x00000003   PAD
    0x0800376c   0x00000020   Data   RO         3317    Region$$Table       anon$$obj.o


    Execution Region RW_IRAM1 (Base: 0x20000000, Size: 0x00001160, Max: 0x00005000, ABSOLUTE, COMPRESSED[0x000000b0])

    Base Addr    Size         Type   Attr      Idx    E Section Name        Object

    0x20000000   0x0000000c   Data   RW           19    .data               fat32.o
    0x2000000c   0x0000001c   Data   RW          548    .data               usbd_desc.o
    0x20000028   0x00000032   Data   RW          549    .data               usbd_desc.o
    0x2000005a   0x00000002   PAD
    0x2000005c   0x00000020   Data   RW          620    .data               usbd_storage_if.o
    0x2000007c   0x00000010   Data   RW          781    .data               ihex_parser.o
    0x2000008c   0x0000000c   Data   RW         1585    .data               stm32f1xx_hal.o
    0x20000098   0x00000004   Data   RW         2457    .data               system_stm32f1xx.o
    0x2000009c   0x00000001   Data   RW         2637    .data               usbd_ctlreq.o
    0x2000009d   0x00000003   PAD
    0x200000a0   0x00000038   Data   RW         2764    .data               usbd_msc.o
    0x200000d8   0x0000006a   Data   RW         2765    .data               usbd_msc.o
    0x20000142   0x00000002   PAD
    0x20000144   0x00000004   Data   RW         3291    .data               mc_w.l(stdout.o)
    0x20000148   0x00000224   Zero   RW          261    .bss                usb_device.o
    0x2000036c   0x000006d0   Zero   RW          359    .bss                usbd_conf.o
    0x20000a3c   0x00000200   Zero   RW          547    .bss                usbd_desc.o
    0x20000c3c   0x000000ff   Zero   RW          780    .bss                ihex_parser.o
    0x20000d3b   0x00000005   PAD
    0x20000d40   0x00000020   Zero   RW         2279    .bss                stm32f1xx_hal_flash.o
    0x20000d60   0x00000400   Zero   RW            1    STACK               startup_stm32f103xb.o


==============================================================================

Image component sizes


      Code (inc. data)   RO Data    RW Data    ZI Data      Debug   Object Name

       884         98         90         12          0     384583   fat32.o
       720        206          0         16        255       4246   ihex_parser.o
       386         44          0          0          0      34257   main.o
        36          8        236          0       1024        804   startup_stm32f103xb.o
       162         30          0         12          0       6326   stm32f1xx_hal.o
       194         14          0          0          0      25675   stm32f1xx_hal_cortex.o
       392         46          0          0         32       4690   stm32f1xx_hal_flash.o
       240         26          0          0          0       3233   stm32f1xx_hal_flash_ex.o
        10          0          0          0          0       1527   stm32f1xx_hal_gpio.o
        60          8          0          0          0        850   stm32f1xx_hal_msp.o
      1862          0          0          0          0      10444   stm32f1xx_hal_pcd.o
        52          0          0          0          0       1182   stm32f1xx_hal_pcd_ex.o
        32          6          0          0          0       4263   stm32f1xx_it.o
       240          0          0          0          0      10331   stm32f1xx_ll_gpio.o
      1674          0          0          0          0      13555   stm32f1xx_ll_usb.o
        38          6          0          0          0       4949   stm32f1xx_ll_utils.o
        72         16          0          4          0       1163   system_stm32f1xx.o
        84         18          0          0        548       5921   usb_device.o
       546         28          0          0       1744      13639   usbd_conf.o
       592          0          0          0          0       8972   usbd_core.o
       986         30          0          1          0       7676   usbd_ctlreq.o
       284        100          0         78        512       5589   usbd_desc.o
       102          0          0          0          0       3600   usbd_ioreq.o
       398         16          0        162          0       9000   usbd_msc.o
       586         12          0          0          0       6977   usbd_msc_bot.o
         0          0         23          0          0        893   usbd_msc_data.o
      1408         12          0          0          0      10087   usbd_msc_scsi.o
       120          0         36         32          0       4799   usbd_storage_if.o

    ----------------------------------------------------------------------
     12192        724        420        324       4120     589231   Object Totals
         0          0         32          0          0          0   (incl. Generated)
        32          0          3          7          5          0   (incl. Padding)

    ----------------------------------------------------------------------

      Code (inc. data)   RO Data    RW Data    ZI Data      Debug   Library Member Name

        86          0          0          0          0          0   __dczerorl2.o
         0          0          0          0          0          0   entry.o
         0          0          0          0          0          0   entry10a.o
         0          0          0          0          0          0   entry11a.o
         8          4          0          0          0          0   entry2.o
         4          0          0          0          0          0   entry5.o
         0          0          0          0          0          0   entry7b.o
         0          0          0          0          0          0   entry8b.o
         8          4          0          0          0          0   entry9a.o
        18          0          0          0          0         80   fputc.o
        30          0          0          0          0          0   handlers.o
        36          8          0          0          0         68   init.o
         0          0          0          0          0          0   iusesemip.o
        30          0          0          0          0         68   llshl.o
        32          0          0          0          0         68   llushr.o
        26          0          0          0          0         80   memcmp.o
        36          0          0          0          0         68   memcpya.o
        36          0          0          0          0        108   memseta.o
      1154         54          0          0          0        352   printf8.o
         0          0          0          0          0          0   semi.o
         0          0          0          4          0          0   stdout.o
        98          0          0          0          0         92   uldiv.o

    ----------------------------------------------------------------------
      1608         70          0          4          0        984   Library Totals
         6          0          0          0          0          0   (incl. Padding)

    ----------------------------------------------------------------------

      Code (inc. data)   RO Data    RW Data    ZI Data      Debug   Library Name

      1602         70          0          4          0        984   mc_w.l

    ----------------------------------------------------------------------
      1608         70          0          4          0        984   Library Totals

    ----------------------------------------------------------------------

==============================================================================


      Code (inc. data)   RO Data    RW Data    ZI Data      Debug   

     13800        794        420        328       4120     580983   Grand Totals
     13800        794        420        176       4120     580983   ELF Image Totals (compressed)
     13800        794        420        176          0          0   ROM Totals

==============================================================================

    Total RO  Size (Code + RO Data)                14220 (  13.89kB)
    Total RW  Size (RW Data + ZI Data)              4448 (   4.34kB)
    Total ROM Size (Code + RO Data + RW Data)      14396 (  14.06kB)

==============================================================================

