Component: ARM Compiler 5.05 update 2 (build 169) Tool: armlink [4d0f33]

==============================================================================

Section Cross References

    startup_stm32f103xb.o(RESET) refers to startup_stm32f103xb.o(STACK) for __initial_sp
    startup_stm32f103xb.o(RESET) refers to startup_stm32f103xb.o(.text) for Reset_Handler
    startup_stm32f103xb.o(RESET) refers to stm32f1xx_it.o(i.NMI_Handler) for NMI_Handler
    startup_stm32f103xb.o(RESET) refers to stm32f1xx_it.o(i.HardFault_Handler) for HardFault_Handler
    startup_stm32f103xb.o(RESET) refers to stm32f1xx_it.o(i.MemManage_Handler) for MemManage_Handler
    startup_stm32f103xb.o(RESET) refers to stm32f1xx_it.o(i.BusFault_Handler) for BusFault_Handler
    startup_stm32f103xb.o(RESET) refers to stm32f1xx_it.o(i.UsageFault_Handler) for UsageFault_Handler
    startup_stm32f103xb.o(RESET) refers to stm32f1xx_it.o(i.SVC_Handler) for SVC_Handler
    startup_stm32f103xb.o(RESET) refers to stm32f1xx_it.o(i.DebugMon_Handler) for DebugMon_Handler
    startup_stm32f103xb.o(RESET) refers to stm32f1xx_it.o(i.PendSV_Handler) for PendSV_Handler
    startup_stm32f103xb.o(RESET) refers to stm32f1xx_it.o(i.SysTick_Handler) for SysTick_Handler
    startup_stm32f103xb.o(RESET) refers to stm32f1xx_it.o(i.USB_LP_CAN1_RX0_IRQHandler) for USB_LP_CAN1_RX0_IRQHandler
    startup_stm32f103xb.o(.text) refers to system_stm32f1xx.o(i.SystemInit) for SystemInit
    startup_stm32f103xb.o(.text) refers to entry.o(.ARM.Collect$$$$00000000) for __main
    fat32.o(i._fat32_read_dir_entry) refers to memseta.o(.text) for __aeabi_memclr
    fat32.o(i._fat32_write_firmware) refers to stm32f1xx_hal_flash.o(i.HAL_FLASH_Unlock) for HAL_FLASH_Unlock
    fat32.o(i._fat32_write_firmware) refers to ihex_parser.o(i.ihex_is_crypt_mode) for ihex_is_crypt_mode
    fat32.o(i._fat32_write_firmware) refers to crypt.o(i.decrypt) for decrypt
    fat32.o(i._fat32_write_firmware) refers to stm32f1xx_hal_flash_ex.o(i.HAL_FLASHEx_Erase) for HAL_FLASHEx_Erase
    fat32.o(i._fat32_write_firmware) refers to stm32f1xx_hal_flash.o(i.HAL_FLASH_Program) for HAL_FLASH_Program
    fat32.o(i._fat32_write_firmware) refers to stm32f1xx_hal_flash.o(i.HAL_FLASH_Lock) for HAL_FLASH_Lock
    fat32.o(i.fat32_read) refers to fat32.o(i._fat32_read_fat_table) for _fat32_read_fat_table
    fat32.o(i.fat32_read) refers to memcpya.o(.text) for __aeabi_memcpy
    fat32.o(i.fat32_read) refers to memseta.o(.text) for __aeabi_memclr
    fat32.o(i.fat32_read) refers to fat32.o(i._fat32_read_dir_entry) for _fat32_read_dir_entry
    fat32.o(i.fat32_read) refers to fat32.o(.constdata) for .constdata
    fat32.o(i.fat32_write) refers to ihex_parser.o(i.ihex_reset_state) for ihex_reset_state
    fat32.o(i.fat32_write) refers to ihex_parser.o(i.ihex_set_callback_func) for ihex_set_callback_func
    fat32.o(i.fat32_write) refers to ihex_parser.o(i.ihex_parser) for ihex_parser
    fat32.o(i.fat32_write) refers to fat32.o(i._fat32_write_firmware) for _fat32_write_firmware
    main.o(i.SystemClock_Config) refers to stm32f1xx_ll_utils.o(i.LL_Init1msTick) for LL_Init1msTick
    main.o(i.SystemClock_Config) refers to stm32f1xx_ll_utils.o(i.LL_SetSystemCoreClock) for LL_SetSystemCoreClock
    main.o(i.jmp_to_appcode) refers to stm32f1xx_hal.o(i.HAL_DeInit) for HAL_DeInit
    main.o(i.main) refers to stm32f1xx_hal.o(i.HAL_Init) for HAL_Init
    main.o(i.main) refers to main.o(i.SystemClock_Config) for SystemClock_Config
    main.o(i.main) refers to memseta.o(.text) for __aeabi_memclr4
    main.o(i.main) refers to stm32f1xx_ll_gpio.o(i.LL_GPIO_Init) for LL_GPIO_Init
    main.o(i.main) refers to main.o(i.is_appcode_exist) for is_appcode_exist
    main.o(i.main) refers to main.o(i.is_button_down) for is_button_down
    main.o(i.main) refers to usb_device.o(i.MX_USB_DEVICE_Init) for MX_USB_DEVICE_Init
    main.o(i.main) refers to main.o(i.jmp_to_appcode) for jmp_to_appcode
    usb_device.o(i.MX_USB_DEVICE_Init) refers to usbd_core.o(i.USBD_Init) for USBD_Init
    usb_device.o(i.MX_USB_DEVICE_Init) refers to main.o(i.Error_Handler) for Error_Handler
    usb_device.o(i.MX_USB_DEVICE_Init) refers to usbd_core.o(i.USBD_RegisterClass) for USBD_RegisterClass
    usb_device.o(i.MX_USB_DEVICE_Init) refers to usbd_msc.o(i.USBD_MSC_RegisterStorage) for USBD_MSC_RegisterStorage
    usb_device.o(i.MX_USB_DEVICE_Init) refers to usbd_core.o(i.USBD_Start) for USBD_Start
    usb_device.o(i.MX_USB_DEVICE_Init) refers to usbd_desc.o(.data) for FS_Desc
    usb_device.o(i.MX_USB_DEVICE_Init) refers to usb_device.o(.bss) for .bss
    usb_device.o(i.MX_USB_DEVICE_Init) refers to usbd_msc.o(.data) for USBD_MSC
    usb_device.o(i.MX_USB_DEVICE_Init) refers to usbd_storage_if.o(.data) for USBD_Storage_Interface_fops_FS
    usbd_conf.o(i.HAL_PCD_ConnectCallback) refers to usbd_core.o(i.USBD_LL_DevConnected) for USBD_LL_DevConnected
    usbd_conf.o(i.HAL_PCD_DataInStageCallback) refers to usbd_core.o(i.USBD_LL_DataInStage) for USBD_LL_DataInStage
[...]
    ../Middlewares/ST/STM32_USB_Device_Library/Core/Src/usbd_ioreq.c 0x00000000   Number         0  usbd_ioreq.o ABSOLUTE
    ../Src/main.c                            0x00000000   Number         0  main.o ABSOLUTE
    ../Src/stm32f1xx_hal_msp.c               0x00000000   Number         0  stm32f1xx_hal_msp.o ABSOLUTE
    ../Src/stm32f1xx_it.c                    0x00000000   Number         0  stm32f1xx_it.o ABSOLUTE
    ../Src/system_stm32f1xx.c                0x00000000   Number         0  system_stm32f1xx.o ABSOLUTE
    ../Src/usb_device.c                      0x00000000   Number         0  usb_device.o ABSOLUTE
    ../Src/usbd_conf.c                       0x00000000   Number         0  usbd_conf.o ABSOLUTE
    ../Src/usbd_desc.c                       0x00000000   Number         0  usbd_desc.o ABSOLUTE
    ../Src/usbd_storage_if.c                 0x00000000   Number         0  usbd_storage_if.o ABSOLUTE
    ../clib/../cmprslib/zerorunl2.c          0x00000000   Number         0  __dczerorl2.o ABSOLUTE
    ../clib/microlib/init/entry.s            0x00000000   Number         0  entry11a.o ABSOLUTE
    ../clib/microlib/init/entry.s            0x00000000   Number         0  entry9a.o ABSOLUTE
    ../clib/microlib/init/entry.s            0x00000000   Number         0  entry11b.o ABSOLUTE
    ../clib/microlib/init/entry.s            0x00000000   Number         0  entry7a.o ABSOLUTE
    ../clib/microlib/init/entry.s            0x00000000   Number         0  entry8b.o ABSOLUTE
    ../clib/microlib/init/entry.s            0x00000000   Number         0  entry10b.o ABSOLUTE
    ../clib/microlib/init/entry.s            0x00000000   Number         0  entry2.o ABSOLUTE
    ../clib/microlib/init/entry.s            0x00000000   Number         0  entry8a.o ABSOLUTE
    ../clib/microlib/init/entry.s            0x00000000   Number         0  entry5.o ABSOLUTE
    ../clib/microlib/init/entry.s            0x00000000   Number         0  entry.o ABSOLUTE
    ../clib/microlib/init/entry.s            0x00000000   Number         0  entry10a.o ABSOLUTE
    ../clib/microlib/init/entry.s            0x00000000   Number         0  entry9b.o ABSOLUTE
    ../clib/microlib/init/entry.s            0x00000000   Number         0  entry7b.o ABSOLUTE
    ../clib/microlib/longlong.c              0x00000000   Number         0  llushr.o ABSOLUTE
    ../clib/microlib/string/memcpy.c         0x00000000   Number         0  memcpyb.o ABSOLUTE
    ../clib/microlib/string/memcpy.c         0x00000000   Number         0  memcpya.o ABSOLUTE
    ../clib/microlib/string/memset.c         0x00000000   Number         0  memseta.o ABSOLUTE
    ..\Drivers\STM32F1xx_HAL_Driver\Src\stm32f1xx_hal.c 0x00000000   Number         0  stm32f1xx_hal.o ABSOLUTE
    ..\Drivers\STM32F1xx_HAL_Driver\Src\stm32f1xx_hal_cortex.c 0x00000000   Number         0  stm32f1xx_hal_cortex.o ABSOLUTE
    ..\Drivers\STM32F1xx_HAL_Driver\Src\stm32f1xx_hal_dma.c 0x00000000   Number         0  stm32f1xx_hal_dma.o ABSOLUTE
    ..\Drivers\STM32F1xx_HAL_Driver\Src\stm32f1xx_hal_flash.c 0x00000000   Number         0  stm32f1xx_hal_flash.o ABSOLUTE
    ..\Drivers\STM32F1xx_HAL_Driver\Src\stm32f1xx_hal_flash_ex.c 0x00000000   Number         0  stm32f1xx_hal_flash_ex.o ABSOLUTE
    ..\Drivers\STM32F1xx_HAL_Driver\Src\stm32f1xx_hal_gpio.c 0x00000000   Number         0  stm32f1xx_hal_gpio.o ABSOLUTE
    ..\Drivers\STM32F1xx_HAL_Driver\Src\stm32f1xx_hal_gpio_ex.c 0x00000000   Number         0  stm32f1xx_hal_gpio_ex.o ABSOLUTE
    ..\Drivers\STM32F1xx_HAL_Driver\Src\stm32f1xx_hal_pcd.c 0x00000000   Number         0  stm32f1xx_hal_pcd.o ABSOLUTE
    ..\Drivers\STM32F1xx_HAL_Driver\Src\stm32f1xx_hal_pcd_ex.c 0x00000000   Number         0  stm32f1xx_hal_pcd_ex.o ABSOLUTE
    ..\Drivers\STM32F1xx_HAL_Driver\Src\stm32f1xx_hal_pwr.c 0x00000000   Number         0  stm32f1xx_hal_pwr.o ABSOLUTE
    ..\Drivers\STM32F1xx_HAL_Driver\Src\stm32f1xx_hal_rcc.c 0x00000000   Number         0  stm32f1xx_hal_rcc.o ABSOLUTE
    ..\Drivers\STM32F1xx_HAL_Driver\Src\stm32f1xx_hal_rcc_ex.c 0x00000000   Number         0  stm32f1xx_hal_rcc_ex.o ABSOLUTE
    ..\Drivers\STM32F1xx_HAL_Driver\Src\stm32f1xx_hal_tim.c 0x00000000   Number         0  stm32f1xx_hal_tim.o ABSOLUTE
    ..\Drivers\STM32F1xx_HAL_Driver\Src\stm32f1xx_hal_tim_ex.c 0x00000000   Number         0  stm32f1xx_hal_tim_ex.o ABSOLUTE
    ..\Drivers\STM32F1xx_HAL_Driver\Src\stm32f1xx_ll_exti.c 0x00000000   Number         0  stm32f1xx_ll_exti.o ABSOLUTE
    ..\Drivers\STM32F1xx_HAL_Driver\Src\stm32f1xx_ll_gpio.c 0x00000000   Number         0  stm32f1xx_ll_gpio.o ABSOLUTE
    ..\Drivers\STM32F1xx_HAL_Driver\Src\stm32f1xx_ll_rcc.c 0x00000000   Number         0  stm32f1xx_ll_rcc.o ABSOLUTE
    ..\Drivers\STM32F1xx_HAL_Driver\Src\stm32f1xx_ll_usb.c 0x00000000   Number         0  stm32f1xx_ll_usb.o ABSOLUTE
    ..\Drivers\STM32F1xx_HAL_Driver\Src\stm32f1xx_ll_utils.c 0x00000000   Number         0  stm32f1xx_ll_utils.o ABSOLUTE
    ..\Middlewares\ST\STM32_USB_Device_Library\Class\MSC\Src\usbd_msc.c 0x00000000   Number         0  usbd_msc.o ABSOLUTE
    ..\Middlewares\ST\STM32_USB_Device_Library\Class\MSC\Src\usbd_msc_bot.c 0x00000000   Number         0  usbd_msc_bot.o ABSOLUTE
    ..\Middlewares\ST\STM32_USB_Device_Library\Class\MSC\Src\usbd_msc_data.c 0x00000000   Number         0  usbd_msc_data.o ABSOLUTE
    ..\Middlewares\ST\STM32_USB_Device_Library\Class\MSC\Src\usbd_msc_scsi.c 0x00000000   Number         0  usbd_msc_scsi.o ABSOLUTE
    ..\Middlewares\ST\STM32_USB_Device_Library\Core\Src\usbd_core.c 0x00000000   Number         0  usbd_core.o ABSOLUTE
    ..\Middlewares\ST\STM32_USB_Device_Library\Core\Src\usbd_ctlreq.c 0x00000000   Number         0  usbd_ctlreq.o ABSOLUTE
    ..\Middlewares\ST\STM32_USB_Device_Library\Core\Src\usbd_ioreq.c 0x00000000   Number         0  usbd_ioreq.o ABSOLUTE
    ..\Src\aes_ctr.c                         0x00000000   Number         0  aes_ctr.o ABSOLUTE
    ..\Src\crypt.c                           0x00000000   Number         0  crypt.o ABSOLUTE
    ..\Src\fat32.c                           0x00000000   Number         0  fat32.o ABSOLUTE
    ..\Src\ihex_parser.c                     0x00000000   Number         0  ihex_parser.o ABSOLUTE
    ..\Src\main.c                            0x00000000   Number         0  main.o ABSOLUTE
    ..\Src\stm32f1xx_hal_msp.c               0x00000000   Number         0  stm32f1xx_hal_msp.o ABSOLUTE
    ..\Src\stm32f1xx_it.c                    0x00000000   Number         0  stm32f1xx_it.o ABSOLUTE
    ..\Src\system_stm32f1xx.c                0x00000000   Number         0  system_stm32f1xx.o ABSOLUTE
    ..\Src\usb_device.c                      0x00000000   Number         0  usb_device.o ABSOLUTE
    ..\Src\usbd_conf.c                       0x00000000   Number         0  usbd_conf.o ABSOLUTE
    ..\Src\usbd_desc.c                       0x00000000   Number         0  usbd_desc.o ABSOLUTE
    ..\Src\usbd_storage_if.c                 0x00000000   Number         0  usbd_storage_if.o ABSOLUTE
    ..\\Src\\fat32.c                         0x00000000   Number         0  fat32.o ABSOLUTE
    ..\\Src\\ihex_parser.c                   0x00000000   Number         0  ihex_parser.o ABSOLUTE
    dc.s                                     0x00000000   Number         0  dc.o ABSOLUTE
    handlers.s                               0x00000000   Number         0  handlers.o ABSOLUTE
    init.s                                   0x00000000   Number         0  init.o ABSOLUTE
    startup_stm32f103xb.s                    0x00000000   Number         0  startup_stm32f103xb.o ABSOLUTE
    RESET                                    0x08000000   Section      236  startup_stm32f103xb.o(RESET)
    .ARM.Collect$$$$00000000                 0x080000ec   Section        0  entry.o(.ARM.Collect$$$$00000000)
    .ARM.Collect$$$$00000001                 0x080000ec   Section        4  entry2.o(.ARM.Collect$$$$00000001)
    .ARM.Collect$$$$00000004                 0x080000f0   Section        4  entry5.o(.ARM.Collect$$$$00000004)
    .ARM.Collect$$$$00000008                 0x080000f4   Section        0  entry7b.o(.ARM.Collect$$$$00000008)
    .ARM.Collect$$$$0000000A                 0x080000f4   Section        0  entry8b.o(.ARM.Collect$$$$0000000A)
    .ARM.Collect$$$$0000000B                 0x080000f4   Section        8  entry9a.o(.ARM.Collect$$$$0000000B)
    .ARM.Collect$$$$0000000D                 0x080000fc   Section        0  entry10a.o(.ARM.Collect$$$$0000000D)
    .ARM.Collect$$$$0000000F                 0x080000fc   Section        0  entry11a.o(.ARM.Collect$$$$0000000F)
    .ARM.Collect$$$$00002712                 0x080000fc   Section        4  entry2.o(.ARM.Collect$$$$00002712)
    __lit__00000000                          0x080000fc   Data           4  entry2.o(.ARM.Collect$$$$00002712)
    .text                                    0x08000100   Section       36  startup_stm32f103xb.o(.text)
    .text                                    0x08000124   Section        0  llushr.o(.text)
    .text                                    0x08000144   Section        0  memcpya.o(.text)
    .text                                    0x08000168   Section        0  memseta.o(.text)
    .text                                    0x0800018c   Section       36  init.o(.text)
    .text                                    0x080001b0   Section        0  __dczerorl2.o(.text)
    i.AddRoundKey                            0x08000208   Section        0  aes_ctr.o(i.AddRoundKey)
    AddRoundKey                              0x08000209   Thumb Code    54  aes_ctr.o(i.AddRoundKey)
    i.BusFault_Handler                       0x08000248   Section        0  stm32f1xx_it.o(i.BusFault_Handler)
    i.DebugMon_Handler                       0x0800024a   Section        0  stm32f1xx_it.o(i.DebugMon_Handler)
    i.Error_Handler                          0x0800024c   Section        0  main.o(i.Error_Handler)
    i.FLASH_MassErase                        0x08000250   Section        0  stm32f1xx_hal_flash_ex.o(i.FLASH_MassErase)
    FLASH_MassErase                          0x08000251   Thumb Code    26  stm32f1xx_hal_flash_ex.o(i.FLASH_MassErase)
    i.FLASH_PageErase                        0x08000274   Section        0  stm32f1xx_hal_flash_ex.o(i.FLASH_PageErase)
    i.FLASH_Program_HalfWord                 0x08000298   Section        0  stm32f1xx_hal_flash.o(i.FLASH_Program_HalfWord)
    FLASH_Program_HalfWord                   0x08000299   Thumb Code    20  stm32f1xx_hal_flash.o(i.FLASH_Program_HalfWord)
    i.FLASH_SetErrorCode                     0x080002b4   Section        0  stm32f1xx_hal_flash.o(i.FLASH_SetErrorCode)
    FLASH_SetErrorCode                       0x080002b5   Thumb Code    84  stm32f1xx_hal_flash.o(i.FLASH_SetErrorCode)
    i.FLASH_WaitForLastOperation             0x08000310   Section        0  stm32f1xx_hal_flash.o(i.FLASH_WaitForLastOperation)
    i.HAL_DeInit                             0x08000364   Section        0  stm32f1xx_hal.o(i.HAL_DeInit)
    i.HAL_FLASHEx_Erase                      0x08000384   Section        0  stm32f1xx_hal_flash_ex.o(i.HAL_FLASHEx_Erase)
    i.HAL_FLASH_Lock                         0x0800042c   Section        0  stm32f1xx_hal_flash.o(i.HAL_FLASH_Lock)
    i.HAL_FLASH_Program                      0x08000440   Section        0  stm32f1xx_hal_flash.o(i.HAL_FLASH_Program)
    i.HAL_FLASH_Unlock                       0x080004c0   Section        0  stm32f1xx_hal_flash.o(i.HAL_FLASH_Unlock)
    i.HAL_GetTick                            0x080004e8   Section        0  stm32f1xx_hal.o(i.HAL_GetTick)
    i.HAL_IncTick                            0x080004f4   Section        0  stm32f1xx_hal.o(i.HAL_IncTick)
    i.HAL_Init                               0x08000504   Section        0  stm32f1xx_hal.o(i.HAL_Init)
    i.HAL_InitTick                           0x08000528   Section        0  stm32f1xx_hal.o(i.HAL_InitTick)
    i.HAL_MspDeInit                          0x08000568   Section        0  stm32f1xx_hal.o(i.HAL_MspDeInit)
    i.HAL_MspInit                            0x0800056c   Section        0  stm32f1xx_hal_msp.o(i.HAL_MspInit)
    i.HAL_NVIC_EnableIRQ                     0x080005a8   Section        0  stm32f1xx_hal_cortex.o(i.HAL_NVIC_EnableIRQ)
    i.HAL_NVIC_SetPriority                   0x080005c0   Section        0  stm32f1xx_hal_cortex.o(i.HAL_NVIC_SetPriority)
    i.HAL_NVIC_SetPriorityGrouping           0x08000600   Section        0  stm32f1xx_hal_cortex.o(i.HAL_NVIC_SetPriorityGrouping)
    i.HAL_PCDEx_PMAConfig                    0x08000624   Section        0  stm32f1xx_hal_pcd_ex.o(i.HAL_PCDEx_PMAConfig)
    i.HAL_PCDEx_SetConnectionState           0x08000658   Section        0  usbd_conf.o(i.HAL_PCDEx_SetConnectionState)
    i.HAL_PCD_DataInStageCallback            0x0800065a   Section        0  usbd_conf.o(i.HAL_PCD_DataInStageCallback)
    i.HAL_PCD_DataOutStageCallback           0x08000668   Section        0  usbd_conf.o(i.HAL_PCD_DataOutStageCallback)
    i.HAL_PCD_EP_Close                       0x08000678   Section        0  stm32f1xx_hal_pcd.o(i.HAL_PCD_EP_Close)
    i.HAL_PCD_EP_ClrStall                    0x080006b8   Section        0  stm32f1xx_hal_pcd.o(i.HAL_PCD_EP_ClrStall)
    i.HAL_PCD_EP_Flush                       0x08000700   Section        0  stm32f1xx_hal_pcd.o(i.HAL_PCD_EP_Flush)
    i.HAL_PCD_EP_GetRxCount                  0x08000734   Section        0  stm32f1xx_hal_pcd.o(i.HAL_PCD_EP_GetRxCount)
    i.HAL_PCD_EP_Open                        0x08000744   Section        0  stm32f1xx_hal_pcd.o(i.HAL_PCD_EP_Open)
    i.HAL_PCD_EP_Receive                     0x08000788   Section        0  stm32f1xx_hal_pcd.o(i.HAL_PCD_EP_Receive)
    i.HAL_PCD_EP_SetStall                    0x080007b6   Section        0  stm32f1xx_hal_pcd.o(i.HAL_PCD_EP_SetStall)
    i.HAL_PCD_EP_Transmit                    0x0800080c   Section        0  stm32f1xx_hal_pcd.o(i.HAL_PCD_EP_Transmit)
    i.HAL_PCD_IRQHandler                     0x08000836   Section        0  stm32f1xx_hal_pcd.o(i.HAL_PCD_IRQHandler)
    i.HAL_PCD_Init                           0x08000944   Section        0  stm32f1xx_hal_pcd.o(i.HAL_PCD_Init)
    i.HAL_PCD_MspInit                        0x08000a04   Section        0  usbd_conf.o(i.HAL_PCD_MspInit)
    i.HAL_PCD_ResetCallback                  0x08000a40   Section        0  usbd_conf.o(i.HAL_PCD_ResetCallback)
    i.HAL_PCD_ResumeCallback                 0x08000a66   Section        0  usbd_conf.o(i.HAL_PCD_ResumeCallback)
    i.HAL_PCD_SOFCallback                    0x08000a6e   Section        0  usbd_conf.o(i.HAL_PCD_SOFCallback)
    i.HAL_PCD_SetAddress                     0x08000a76   Section        0  stm32f1xx_hal_pcd.o(i.HAL_PCD_SetAddress)
    i.HAL_PCD_SetupStageCallback             0x08000a9e   Section        0  usbd_conf.o(i.HAL_PCD_SetupStageCallback)
    i.HAL_PCD_Start                          0x08000aac   Section        0  stm32f1xx_hal_pcd.o(i.HAL_PCD_Start)
    i.HAL_PCD_SuspendCallback                0x08000ae0   Section        0  usbd_conf.o(i.HAL_PCD_SuspendCallback)
    i.HAL_SYSTICK_Config                     0x08000b04   Section        0  stm32f1xx_hal_cortex.o(i.HAL_SYSTICK_Config)
    i.HardFault_Handler                      0x08000b2c   Section        0  stm32f1xx_it.o(i.HardFault_Handler)
    i.IntToUnicode                           0x08000b30   Section        0  usbd_desc.o(i.IntToUnicode)
    IntToUnicode                             0x08000b31   Thumb Code    56  usbd_desc.o(i.IntToUnicode)
    i.KeyExpansion                           0x08000b68   Section        0  aes_ctr.o(i.KeyExpansion)
    KeyExpansion                             0x08000b69   Thumb Code   220  aes_ctr.o(i.KeyExpansion)
    i.LL_GPIO_Init                           0x08000c54   Section        0  stm32f1xx_ll_gpio.o(i.LL_GPIO_Init)
    i.LL_Init1msTick                         0x08000d44   Section        0  stm32f1xx_ll_utils.o(i.LL_Init1msTick)
    i.LL_SetSystemCoreClock                  0x08000d60   Section        0  stm32f1xx_ll_utils.o(i.LL_SetSystemCoreClock)
    i.MSC_BOT_Abort                          0x08000d6c   Section        0  usbd_msc_bot.o(i.MSC_BOT_Abort)
    MSC_BOT_Abort                            0x08000d6d   Thumb Code    66  usbd_msc_bot.o(i.MSC_BOT_Abort)
    i.MSC_BOT_CBW_Decode                     0x08000db0   Section        0  usbd_msc_bot.o(i.MSC_BOT_CBW_Decode)
    MSC_BOT_CBW_Decode                       0x08000db1   Thumb Code   198  usbd_msc_bot.o(i.MSC_BOT_CBW_Decode)
    i.MSC_BOT_CplClrFeature                  0x08000e7c   Section        0  usbd_msc_bot.o(i.MSC_BOT_CplClrFeature)
    i.MSC_BOT_DataIn                         0x08000ea6   Section        0  usbd_msc_bot.o(i.MSC_BOT_DataIn)
    i.MSC_BOT_DataOut                        0x08000ee0   Section        0  usbd_msc_bot.o(i.MSC_BOT_DataOut)
    i.MSC_BOT_DeInit                         0x08000f1a   Section        0  usbd_msc_bot.o(i.MSC_BOT_DeInit)
    i.MSC_BOT_Init                           0x08000f24   Section        0  usbd_msc_bot.o(i.MSC_BOT_Init)
    i.MSC_BOT_Reset                          0x08000f66   Section        0  usbd_msc_bot.o(i.MSC_BOT_Reset)
    i.MSC_BOT_SendCSW                        0x08000f7c   Section        0  usbd_msc_bot.o(i.MSC_BOT_SendCSW)
    i.MX_USB_DEVICE_Init                     0x08000fb8   Section        0  usb_device.o(i.MX_USB_DEVICE_Init)
    i.MemManage_Handler                      0x0800100c   Section        0  stm32f1xx_it.o(i.MemManage_Handler)
    i.MixColumns                             0x08001010   Section        0  aes_ctr.o(i.MixColumns)
    MixColumns                               0x08001011   Thumb Code   146  aes_ctr.o(i.MixColumns)
    i.NMI_Handler                            0x080010a8   Section        0  stm32f1xx_it.o(i.NMI_Handler)
    i.NVIC_SetPriority                       0x080010aa   Section        0  stm32f1xx_hal_cortex.o(i.NVIC_SetPriority)
    NVIC_SetPriority                         0x080010ab   Thumb Code    32  stm32f1xx_hal_cortex.o(i.NVIC_SetPriority)
    i.PCD_EP_ISR_Handler                     0x080010ca   Section        0  stm32f1xx_hal_pcd.o(i.PCD_EP_ISR_Handler)
    PCD_EP_ISR_Handler                       0x080010cb   Thumb Code   866  stm32f1xx_hal_pcd.o(i.PCD_EP_ISR_Handler)
    i.PendSV_Handler                         0x0800142c   Section        0  stm32f1xx_it.o(i.PendSV_Handler)
    i.SCSI_CheckAddressRange                 0x0800142e   Section        0  usbd_msc_scsi.o(i.SCSI_CheckAddressRange)
    SCSI_CheckAddressRange                   0x0800142f   Thumb Code    34  usbd_msc_scsi.o(i.SCSI_CheckAddressRange)
    i.SCSI_ProcessCmd                        0x08001450   Section        0  usbd_msc_scsi.o(i.SCSI_ProcessCmd)
    i.SCSI_ProcessRead                       0x0800161c   Section        0  usbd_msc_scsi.o(i.SCSI_ProcessRead)
    SCSI_ProcessRead                         0x0800161d   Thumb Code   140  usbd_msc_scsi.o(i.SCSI_ProcessRead)
    i.SCSI_ProcessWrite                      0x080016a8   Section        0  usbd_msc_scsi.o(i.SCSI_ProcessWrite)
    SCSI_ProcessWrite                        0x080016a9   Thumb Code   152  usbd_msc_scsi.o(i.SCSI_ProcessWrite)
    i.SCSI_Read10                            0x08001740   Section        0  usbd_msc_scsi.o(i.SCSI_Read10)
    SCSI_Read10                              0x08001741   Thumb Code   170  usbd_msc_scsi.o(i.SCSI_Read10)
    i.SCSI_ReadCapacity10                    0x080017ea   Section        0  usbd_msc_scsi.o(i.SCSI_ReadCapacity10)
    SCSI_ReadCapacity10                      0x080017eb   Thumb Code    86  usbd_msc_scsi.o(i.SCSI_ReadCapacity10)
    i.SCSI_ReadFormatCapacity                0x08001840   Section        0  usbd_msc_scsi.o(i.SCSI_ReadFormatCapacity)
    SCSI_ReadFormatCapacity                  0x08001841   Thumb Code   110  usbd_msc_scsi.o(i.SCSI_ReadFormatCapacity)
    i.SCSI_SenseCode                         0x080018ae   Section        0  usbd_msc_scsi.o(i.SCSI_SenseCode)
    i.SCSI_Write10                           0x080018e4   Section        0  usbd_msc_scsi.o(i.SCSI_Write10)
    SCSI_Write10                             0x080018e5   Thumb Code   202  usbd_msc_scsi.o(i.SCSI_Write10)
    i.STORAGE_GetCapacity_FS                 0x080019ae   Section        0  usbd_storage_if.o(i.STORAGE_GetCapacity_FS)
    STORAGE_GetCapacity_FS                   0x080019af   Thumb Code    16  usbd_storage_if.o(i.STORAGE_GetCapacity_FS)
    i.STORAGE_GetMaxLun_FS                   0x080019be   Section        0  usbd_storage_if.o(i.STORAGE_GetMaxLun_FS)
    STORAGE_GetMaxLun_FS                     0x080019bf   Thumb Code     4  usbd_storage_if.o(i.STORAGE_GetMaxLun_FS)
    i.STORAGE_Init_FS                        0x080019c2   Section        0  usbd_storage_if.o(i.STORAGE_Init_FS)
    STORAGE_Init_FS                          0x080019c3   Thumb Code     4  usbd_storage_if.o(i.STORAGE_Init_FS)
    i.STORAGE_IsReady_FS                     0x080019c6   Section        0  usbd_storage_if.o(i.STORAGE_IsReady_FS)
    STORAGE_IsReady_FS                       0x080019c7   Thumb Code     4  usbd_storage_if.o(i.STORAGE_IsReady_FS)
    i.STORAGE_IsWriteProtected_FS            0x080019ca   Section        0  usbd_storage_if.o(i.STORAGE_IsWriteProtected_FS)
    STORAGE_IsWriteProtected_FS              0x080019cb   Thumb Code     4  usbd_storage_if.o(i.STORAGE_IsWriteProtected_FS)
    i.STORAGE_Read_FS                        0x080019ce   Section        0  usbd_storage_if.o(i.STORAGE_Read_FS)
    STORAGE_Read_FS                          0x080019cf   Thumb Code    44  usbd_storage_if.o(i.STORAGE_Read_FS)
    i.STORAGE_Write_FS                       0x080019fa   Section        0  usbd_storage_if.o(i.STORAGE_Write_FS)
    STORAGE_Write_FS                         0x080019fb   Thumb Code    44  usbd_storage_if.o(i.STORAGE_Write_FS)
    i.SVC_Handler                            0x08001a26   Section        0  stm32f1xx_it.o(i.SVC_Handler)
    i.ShiftRows                              0x08001a28   Section        0  aes_ctr.o(i.ShiftRows)
    ShiftRows                                0x08001a29   Thumb Code    54  aes_ctr.o(i.ShiftRows)
    i.SubBytes                               0x08001a64   Section        0  aes_ctr.o(i.SubBytes)
    SubBytes                                 0x08001a65   Thumb Code    40  aes_ctr.o(i.SubBytes)
    i.SysTick_Handler                        0x08001a94   Section        0  stm32f1xx_it.o(i.SysTick_Handler)
    i.SystemClock_Config                     0x08001a98   Section        0  main.o(i.SystemClock_Config)
    i.SystemInit                             0x08001b4c   Section        0  system_stm32f1xx.o(i.SystemInit)
    i.USBD_ClrClassConfig                    0x08001b94   Section        0  usbd_core.o(i.USBD_ClrClassConfig)
    i.USBD_CtlContinueRx                     0x08001ba2   Section        0  usbd_ioreq.o(i.USBD_CtlContinueRx)
    i.USBD_CtlContinueSendData               0x08001bb2   Section        0  usbd_ioreq.o(i.USBD_CtlContinueSendData)
    i.USBD_CtlError                          0x08001bc2   Section        0  usbd_ctlreq.o(i.USBD_CtlError)
    i.USBD_CtlReceiveStatus                  0x08001bd8   Section        0  usbd_ioreq.o(i.USBD_CtlReceiveStatus)
    i.USBD_CtlSendData                       0x08001bee   Section        0  usbd_ioreq.o(i.USBD_CtlSendData)
    i.USBD_CtlSendStatus                     0x08001c08   Section        0  usbd_ioreq.o(i.USBD_CtlSendStatus)
    i.USBD_FS_ConfigStrDescriptor            0x08001c20   Section        0  usbd_desc.o(i.USBD_FS_ConfigStrDescriptor)
    i.USBD_FS_DeviceDescriptor               0x08001c40   Section        0  usbd_desc.o(i.USBD_FS_DeviceDescriptor)
    i.USBD_FS_InterfaceStrDescriptor         0x08001c4c   Section        0  usbd_desc.o(i.USBD_FS_InterfaceStrDescriptor)
    i.USBD_FS_LangIDStrDescriptor            0x08001c70   Section        0  usbd_desc.o(i.USBD_FS_LangIDStrDescriptor)
    i.USBD_FS_ManufacturerStrDescriptor      0x08001c7c   Section        0  usbd_desc.o(i.USBD_FS_ManufacturerStrDescriptor)
    i.USBD_FS_ProductStrDescriptor           0x08001ca4   Section        0  usbd_desc.o(i.USBD_FS_ProductStrDescriptor)
    i.USBD_FS_SerialStrDescriptor            0x08001ccc   Section        0  usbd_desc.o(i.USBD_FS_SerialStrDescriptor)
    i.USBD_GetDescriptor                     0x08001d04   Section        0  usbd_ctlreq.o(i.USBD_GetDescriptor)
    USBD_GetDescriptor                       0x08001d05   Thumb Code   224  usbd_ctlreq.o(i.USBD_GetDescriptor)
    i.USBD_GetString                         0x08001de4   Section        0  usbd_ctlreq.o(i.USBD_GetString)
    i.USBD_Get_USB_Status                    0x08001e2a   Section        0  usbd_conf.o(i.USBD_Get_USB_Status)
    USBD_Get_USB_Status                      0x08001e2b   Thumb Code    24  usbd_conf.o(i.USBD_Get_USB_Status)
    i.USBD_Init                              0x08001e42   Section        0  usbd_core.o(i.USBD_Init)
    i.USBD_LL_ClearStallEP                   0x08001e6c   Section        0  usbd_conf.o(i.USBD_LL_ClearStallEP)
    i.USBD_LL_CloseEP                        0x08001e7e   Section        0  usbd_conf.o(i.USBD_LL_CloseEP)
    i.USBD_LL_DataInStage                    0x08001e90   Section        0  usbd_core.o(i.USBD_LL_DataInStage)
    i.USBD_LL_DataOutStage                   0x08001f3a   Section        0  usbd_core.o(i.USBD_LL_DataOutStage)
    i.USBD_LL_FlushEP                        0x08001fa4   Section        0  usbd_conf.o(i.USBD_LL_FlushEP)
    i.USBD_LL_GetRxDataSize                  0x08001fb6   Section        0  usbd_conf.o(i.USBD_LL_GetRxDataSize)
    i.USBD_LL_Init                           0x08001fc0   Section        0  usbd_conf.o(i.USBD_LL_Init)
    i.USBD_LL_IsStallEP                      0x08002030   Section        0  usbd_conf.o(i.USBD_LL_IsStallEP)
    i.USBD_LL_OpenEP                         0x0800204c   Section        0  usbd_conf.o(i.USBD_LL_OpenEP)
    i.USBD_LL_PrepareReceive                 0x08002064   Section        0  usbd_conf.o(i.USBD_LL_PrepareReceive)
    i.USBD_LL_Reset                          0x08002076   Section        0  usbd_core.o(i.USBD_LL_Reset)
    i.USBD_LL_Resume                         0x080020b4   Section        0  usbd_core.o(i.USBD_LL_Resume)
    i.USBD_LL_SOF                            0x080020c0   Section        0  usbd_core.o(i.USBD_LL_SOF)
    i.USBD_LL_SetSpeed                       0x080020d8   Section        0  usbd_core.o(i.USBD_LL_SetSpeed)
    i.USBD_LL_SetUSBAddress                  0x080020de   Section        0  usbd_conf.o(i.USBD_LL_SetUSBAddress)
    i.USBD_LL_SetupStage                     0x080020f0   Section        0  usbd_core.o(i.USBD_LL_SetupStage)
    i.USBD_LL_StallEP                        0x0800214a   Section        0  usbd_conf.o(i.USBD_LL_StallEP)
    i.USBD_LL_Start                          0x0800215c   Section        0  usbd_conf.o(i.USBD_LL_Start)
    i.USBD_LL_Suspend                        0x0800216e   Section        0  usbd_core.o(i.USBD_LL_Suspend)
    i.USBD_LL_Transmit                       0x08002180   Section        0  usbd_conf.o(i.USBD_LL_Transmit)
    i.USBD_MSC_DataIn                        0x08002192   Section        0  usbd_msc.o(i.USBD_MSC_DataIn)
    i.USBD_MSC_DataOut                       0x0800219c   Section        0  usbd_msc.o(i.USBD_MSC_DataOut)
    i.USBD_MSC_DeInit                        0x080021a6   Section        0  usbd_msc.o(i.USBD_MSC_DeInit)
    i.USBD_MSC_GetDeviceQualifierDescriptor  0x080021d4   Section        0  usbd_msc.o(i.USBD_MSC_GetDeviceQualifierDescriptor)
    i.USBD_MSC_GetFSCfgDesc                  0x080021e0   Section        0  usbd_msc.o(i.USBD_MSC_GetFSCfgDesc)
    i.USBD_MSC_GetHSCfgDesc                  0x080021ec   Section        0  usbd_msc.o(i.USBD_MSC_GetHSCfgDesc)
    i.USBD_MSC_GetOtherSpeedCfgDesc          0x080021f8   Section        0  usbd_msc.o(i.USBD_MSC_GetOtherSpeedCfgDesc)
    i.USBD_MSC_Init                          0x08002204   Section        0  usbd_msc.o(i.USBD_MSC_Init)
    i.USBD_MSC_RegisterStorage               0x08002256   Section        0  usbd_msc.o(i.USBD_MSC_RegisterStorage)
    i.USBD_MSC_Setup                         0x08002260   Section        0  usbd_msc.o(i.USBD_MSC_Setup)
    i.USBD_ParseSetupRequest                 0x08002322   Section        0  usbd_ctlreq.o(i.USBD_ParseSetupRequest)
    i.USBD_RegisterClass                     0x0800234a   Section        0  usbd_core.o(i.USBD_RegisterClass)
    i.USBD_SetClassConfig                    0x0800235a   Section        0  usbd_core.o(i.USBD_SetClassConfig)
    i.USBD_SetConfig                         0x08002370   Section        0  usbd_ctlreq.o(i.USBD_SetConfig)
    USBD_SetConfig                           0x08002371   Thumb Code   110  usbd_ctlreq.o(i.USBD_SetConfig)
    i.USBD_Start                             0x080023e4   Section        0  usbd_core.o(i.USBD_Start)
    i.USBD_StdDevReq                         0x080023ee   Section        0  usbd_ctlreq.o(i.USBD_StdDevReq)
    i.USBD_StdEPReq                          0x080024e0   Section        0  usbd_ctlreq.o(i.USBD_StdEPReq)
    i.USBD_StdItfReq                         0x080025bc   Section        0  usbd_ctlreq.o(i.USBD_StdItfReq)
    i.USBD_static_free                       0x080025f0   Section        0  usbd_conf.o(i.USBD_static_free)
    i.USBD_static_malloc                     0x080025f4   Section        0  usbd_conf.o(i.USBD_static_malloc)
    i.USB_ActivateEndpoint                   0x080025fc   Section        0  stm32f1xx_ll_usb.o(i.USB_ActivateEndpoint)
    i.USB_CoreInit                           0x08002858   Section        0  stm32f1xx_ll_usb.o(i.USB_CoreInit)
    i.USB_DeactivateEndpoint                 0x0800285c   Section        0  stm32f1xx_ll_usb.o(i.USB_DeactivateEndpoint)
    i.USB_DevConnect                         0x08002980   Section        0  stm32f1xx_ll_usb.o(i.USB_DevConnect)
    i.USB_DevDisconnect                      0x08002984   Section        0  stm32f1xx_ll_usb.o(i.USB_DevDisconnect)
    i.USB_DevInit                            0x08002988   Section        0  stm32f1xx_ll_usb.o(i.USB_DevInit)
    i.USB_DisableGlobalInt                   0x080029a6   Section        0  stm32f1xx_ll_usb.o(i.USB_DisableGlobalInt)
    i.USB_EP0_OutStart                       0x080029b4   Section        0  stm32f1xx_ll_usb.o(i.USB_EP0_OutStart)
    i.USB_EPClearStall                       0x080029b8   Section        0  stm32f1xx_ll_usb.o(i.USB_EPClearStall)
    i.USB_EPSetStall                         0x08002a22   Section        0  stm32f1xx_ll_usb.o(i.USB_EPSetStall)
    i.USB_EPStartXfer                        0x08002a6c   Section        0  stm32f1xx_ll_usb.o(i.USB_EPStartXfer)
    i.USB_EnableGlobalInt                    0x08002c16   Section        0  stm32f1xx_ll_usb.o(i.USB_EnableGlobalInt)
    i.USB_FlushRxFifo                        0x08002c24   Section        0  stm32f1xx_ll_usb.o(i.USB_FlushRxFifo)
    i.USB_FlushTxFifo                        0x08002c28   Section        0  stm32f1xx_ll_usb.o(i.USB_FlushTxFifo)
    i.USB_LP_CAN1_RX0_IRQHandler             0x08002c2c   Section        0  stm32f1xx_it.o(i.USB_LP_CAN1_RX0_IRQHandler)
    i.USB_ReadInterrupts                     0x08002c38   Section        0  stm32f1xx_ll_usb.o(i.USB_ReadInterrupts)
    i.USB_ReadPMA                            0x08002c40   Section        0  stm32f1xx_ll_usb.o(i.USB_ReadPMA)
    i.USB_SetCurrentMode                     0x08002c5e   Section        0  stm32f1xx_ll_usb.o(i.USB_SetCurrentMode)
    i.USB_SetDevAddress                      0x08002c62   Section        0  stm32f1xx_ll_usb.o(i.USB_SetDevAddress)
    i.USB_WritePMA                           0x08002c6e   Section        0  stm32f1xx_ll_usb.o(i.USB_WritePMA)
    i.UsageFault_Handler                     0x08002c94   Section        0  stm32f1xx_it.o(i.UsageFault_Handler)
    i.__scatterload_copy                     0x08002c96   Section       14  handlers.o(i.__scatterload_copy)
    i.__scatterload_null                     0x08002ca4   Section        2  handlers.o(i.__scatterload_null)
    i.__scatterload_zeroinit                 0x08002ca6   Section       14  handlers.o(i.__scatterload_zeroinit)
    i._fat32_read_dir_entry                  0x08002cb4   Section        0  fat32.o(i._fat32_read_dir_entry)
    _fat32_read_dir_entry                    0x08002cb5   Thumb Code   114  fat32.o(i._fat32_read_dir_entry)
    i._fat32_read_fat_table                  0x08002d40   Section        0  fat32.o(i._fat32_read_fat_table)
    _fat32_read_fat_table                    0x08002d41   Thumb Code   112  fat32.o(i._fat32_read_fat_table)
    i._fat32_write_firmware                  0x08002db8   Section        0  fat32.o(i._fat32_write_firmware)
    _fat32_write_firmware                    0x08002db9   Thumb Code   302  fat32.o(i._fat32_write_firmware)
    i.aes_ctr_crypt_buffer                   0x08002ef0   Section        0  aes_ctr.o(i.aes_ctr_crypt_buffer)
    i.decrypt                                0x08002f78   Section        0  crypt.o(i.decrypt)
    i.fat32_read                             0x08002fa4   Section        0  fat32.o(i.fat32_read)
    i.fat32_write                            0x08003064   Section        0  fat32.o(i.fat32_write)
    i.gen_iv_by_lfsr                         0x080030b8   Section        0  crypt.o(i.gen_iv_by_lfsr)
    gen_iv_by_lfsr                           0x080030b9   Thumb Code   100  crypt.o(i.gen_iv_by_lfsr)
    i.ihex_is_crypt_mode                     0x08003120   Section        0  ihex_parser.o(i.ihex_is_crypt_mode)
    i.ihex_parser                            0x0800312c   Section        0  ihex_parser.o(i.ihex_parser)
    i.ihex_reset_state                       0x080032ec   Section        0  ihex_parser.o(i.ihex_reset_state)
    i.ihex_set_callback_func                 0x08003300   Section        0  ihex_parser.o(i.ihex_set_callback_func)
    i.is_appcode_exist                       0x0800330c   Section        0  main.o(i.is_appcode_exist)
    i.is_button_down                         0x0800333c   Section        0  main.o(i.is_button_down)
    i.jmp_to_appcode                         0x08003350   Section        0  main.o(i.jmp_to_appcode)
    i.main                                   0x08003374   Section        0  main.o(i.main)
    .constdata                               0x080033d0   Section       90  fat32.o(.constdata)
    FAT32_MBR_DATA0                          0x080033d0   Data          90  fat32.o(.constdata)
    .constdata                               0x0800342a   Section       36  usbd_storage_if.o(.constdata)
    .constdata                               0x0800344e   Section      512  aes_ctr.o(.constdata)
    sbox                                     0x0800344e   Data         256  aes_ctr.o(.constdata)
    Rcon                                     0x0800354e   Data         256  aes_ctr.o(.constdata)
    .constdata                               0x0800364e   Section       48  crypt.o(.constdata)
    AES_INIT_IV                              0x0800364e   Data          16  crypt.o(.constdata)
    AES_KEY                                  0x0800365e   Data          32  crypt.o(.constdata)
    .constdata                               0x0800367e   Section        7  usbd_msc_data.o(.constdata)
    .constdata                               0x08003685   Section        8  usbd_msc_data.o(.constdata)
    .constdata                               0x0800368d   Section        8  usbd_msc_data.o(.constdata)
    .data                                    0x20000000   Section       28  usbd_desc.o(.data)
    .data                                    0x2000001c   Section       50  usbd_desc.o(.data)
    .data                                    0x20000050   Section       32  usbd_storage_if.o(.data)
    .data                                    0x20000070   Section       20  ihex_parser.o(.data)
    ex_segment_addr_mode                     0x20000070   Data           1  ihex_parser.o(.data)
    calc_cs_toogle                           0x20000071   Data           1  ihex_parser.o(.data)
    crypt_mode                               0x20000072   Data           1  ihex_parser.o(.data)
    state                                    0x20000073   Data           1  ihex_parser.o(.data)
    byte_count                               0x20000074   Data           1  ihex_parser.o(.data)
    record_type                              0x20000075   Data           1  ihex_parser.o(.data)
    temp_cs                                  0x20000076   Data           1  ihex_parser.o(.data)
    calc_cs                                  0x20000077   Data           1  ihex_parser.o(.data)
    address_lo                               0x20000078   Data           2  ihex_parser.o(.data)
    address_hi                               0x2000007a   Data           2  ihex_parser.o(.data)
    data_size_in_nibble                      0x2000007c   Data           2  ihex_parser.o(.data)
    callback_fp                              0x20000080   Data           4  ihex_parser.o(.data)
    .data                                    0x20000084   Section        8  aes_ctr.o(.data)
    state                                    0x20000084   Data           4  aes_ctr.o(.data)
    Key                                      0x20000088   Data           4  aes_ctr.o(.data)
    .data                                    0x2000008c   Section       12  stm32f1xx_hal.o(.data)
    .data                                    0x20000098   Section        4  system_stm32f1xx.o(.data)
    .data                                    0x2000009c   Section        1  usbd_ctlreq.o(.data)
    cfgidx                                   0x2000009c   Data           1  usbd_ctlreq.o(.data)
    .data                                    0x200000a0   Section       56  usbd_msc.o(.data)
    .data                                    0x200000d8   Section      106  usbd_msc.o(.data)
    .bss                                     0x20000144   Section      548  usb_device.o(.bss)
    .bss                                     0x20000368   Section     1744  usbd_conf.o(.bss)
    mem                                      0x20000368   Data         624  usbd_conf.o(.bss)
    .bss                                     0x20000a38   Section      512  usbd_desc.o(.bss)
    .bss                                     0x20000c38   Section      255  ihex_parser.o(.bss)
    data                                     0x20000c38   Data         255  ihex_parser.o(.bss)
    .bss                                     0x20000d37   Section      240  aes_ctr.o(.bss)
    RoundKey                                 0x20000d37   Data         240  aes_ctr.o(.bss)
    .bss                                     0x20000e28   Section       32  stm32f1xx_hal_flash.o(.bss)
    STACK                                    0x20000e48   Section     1024  startup_stm32f103xb.o(STACK)

    Global Symbols

    Symbol Name                              Value     Ov Type        Size  Object(Section)

    BuildAttributes$$THM_ISAv4$P$D$K$B$S$PE$A:L22UL41UL21$X:L11$S22US41US21$IEEE1$IW$USESV6$~STKCKD$USESV7$~SHL$OSPACE$EBA8$MICROLIB$REQ8$PRES8$EABIv2 0x00000000   Number         0  anon$$obj.o ABSOLUTE
    __ARM_use_no_argv                        0x00000000   Number         0  main.o ABSOLUTE
    __cpp_initialize__aeabi_                  - Undefined Weak Reference
    __cxa_finalize                            - Undefined Weak Reference
    _clock_init                               - Undefined Weak Reference
    _microlib_exit                            - Undefined Weak Reference
    __Vectors_Size                           0x000000ec   Number         0  startup_stm32f103xb.o ABSOLUTE
    __Vectors                                0x08000000   Data           4  startup_stm32f103xb.o(RESET)
    __Vectors_End                            0x080000ec   Data           0  startup_stm32f103xb.o(RESET)
    __main                                   0x080000ed   Thumb Code     0  entry.o(.ARM.Collect$$$$00000000)
    _main_stk                                0x080000ed   Thumb Code     0  entry2.o(.ARM.Collect$$$$00000001)
    _main_scatterload                        0x080000f1   Thumb Code     0  entry5.o(.ARM.Collect$$$$00000004)
    __main_after_scatterload                 0x080000f5   Thumb Code     0  entry5.o(.ARM.Collect$$$$00000004)
    _main_clock                              0x080000f5   Thumb Code     0  entry7b.o(.ARM.Collect$$$$00000008)
    _main_cpp_init                           0x080000f5   Thumb Code     0  entry8b.o(.ARM.Collect$$$$0000000A)
    _main_init                               0x080000f5   Thumb Code     0  entry9a.o(.ARM.Collect$$$$0000000B)
    __rt_final_cpp                           0x080000fd   Thumb Code     0  entry10a.o(.ARM.Collect$$$$0000000D)
    __rt_final_exit                          0x080000fd   Thumb Code     0  entry11a.o(.ARM.Collect$$$$0000000F)
    Reset_Handler                            0x08000101   Thumb Code     8  startup_stm32f103xb.o(.text)
    ADC1_2_IRQHandler                        0x0800011b   Thumb Code     0  startup_stm32f103xb.o(.text)
    CAN1_RX1_IRQHandler                      0x0800011b   Thumb Code     0  startup_stm32f103xb.o(.text)
    CAN1_SCE_IRQHandler                      0x0800011b   Thumb Code     0  startup_stm32f103xb.o(.text)
    DMA1_Channel1_IRQHandler                 0x0800011b   Thumb Code     0  startup_stm32f103xb.o(.text)
    DMA1_Channel2_IRQHandler                 0x0800011b   Thumb Code     0  startup_stm32f103xb.o(.text)
    DMA1_Channel3_IRQHandler                 0x0800011b   Thumb Code     0  startup_stm32f103xb.o(.text)
    DMA1_Channel4_IRQHandler                 0x0800011b   Thumb Code     0  startup_stm32f103xb.o(.text)
    DMA1_Channel5_IRQHandler                 0x0800011b   Thumb Code     0  startup_stm32f103xb.o(.text)
    DMA1_Channel6_IRQHandler                 0x0800011b   Thumb Code     0  startup_stm32f103xb.o(.text)
    DMA1_Channel7_IRQHandler                 0x0800011b   Thumb Code     0  startup_stm32f103xb.o(.text)
    EXTI0_IRQHandler                         0x0800011b   Thumb Code     0  startup_stm32f103xb.o(.text)
    EXTI15_10_IRQHandler                     0x0800011b   Thumb Code     0  startup_stm32f103xb.o(.text)
    EXTI1_IRQHandler                         0x0800011b   Thumb Code     0  startup_stm32f103xb.o(.text)
    EXTI2_IRQHandler                         0x0800011b   Thumb Code     0  startup_stm32f103xb.o(.text)
    EXTI3_IRQHandler                         0x0800011b   Thumb Code     0  startup_stm32f103xb.o(.text)
    EXTI4_IRQHandler                         0x0800011b   Thumb Code     0  startup_stm32f103xb.o(.text)
    EXTI9_5_IRQHandler                       0x0800011b   Thumb Code     0  startup_stm32f103xb.o(.text)
    FLASH_IRQHandler                         0x0800011b   Thumb Code     0  startup_stm32f103xb.o(.text)
    I2C1_ER_IRQHandler                       0x0800011b   Thumb Code     0  startup_stm32f103xb.o(.text)
    I2C1_EV_IRQHandler                       0x0800011b   Thumb Code     0  startup_stm32f103xb.o(.text)
    I2C2_ER_IRQHandler                       0x0800011b   Thumb Code     0  startup_stm32f103xb.o(.text)
    I2C2_EV_IRQHandler                       0x0800011b   Thumb Code     0  startup_stm32f103xb.o(.text)
    PVD_IRQHandler                           0x0800011b   Thumb Code     0  startup_stm32f103xb.o(.text)
    RCC_IRQHandler                           0x0800011b   Thumb Code     0  startup_stm32f103xb.o(.text)
    RTC_Alarm_IRQHandler                     0x0800011b   Thumb Code     0  startup_stm32f103xb.o(.text)
    RTC_IRQHandler                           0x0800011b   Thumb Code     0  startup_stm32f103xb.o(.text)
    SPI1_IRQHandler                          0x0800011b   Thumb Code     0  startup_stm32f103xb.o(.text)
    SPI2_IRQHandler                          0x0800011b   Thumb Code     0  startup_stm32f103xb.o(.text)
    TAMPER_IRQHandler                        0x0800011b   Thumb Code     0  startup_stm32f103xb.o(.text)
    TIM1_BRK_IRQHandler                      0x0800011b   Thumb Code     0  startup_stm32f103xb.o(.text)
    TIM1_CC_IRQHandler                       0x0800011b   Thumb Code     0  startup_stm32f103xb.o(.text)
    TIM1_TRG_COM_IRQHandler                  0x0800011b   Thumb Code     0  startup_stm32f103xb.o(.text)
    TIM1_UP_IRQHandler                       0x0800011b   Thumb Code     0  startup_stm32f103xb.o(.text)
    TIM2_IRQHandler                          0x0800011b   Thumb Code     0  startup_stm32f103xb.o(.text)
    TIM3_IRQHandler                          0x0800011b   Thumb Code     0  startup_stm32f103xb.o(.text)
    TIM4_IRQHandler                          0x0800011b   Thumb Code     0  startup_stm32f103xb.o(.text)
    USART1_IRQHandler                        0x0800011b   Thumb Code     0  startup_stm32f103xb.o(.text)
    USART2_IRQHandler                        0x0800011b   Thumb Code     0  startup_stm32f103xb.o(.text)
    USART3_IRQHandler                        0x0800011b   Thumb Code     0  startup_stm32f103xb.o(.text)
    USBWakeUp_IRQHandler                     0x0800011b   Thumb Code     0  startup_stm32f103xb.o(.text)
    USB_HP_CAN1_TX_IRQHandler                0x0800011b   Thumb Code     0  startup_stm32f103xb.o(.text)
    WWDG_IRQHandler                          0x0800011b   Thumb Code     0  startup_stm32f103xb.o(.text)
    __aeabi_llsr                             0x08000125   Thumb Code    32  llushr.o(.text)
    _ll_ushift_r                             0x08000125   Thumb Code     0  llushr.o(.text)
    __aeabi_memcpy                           0x08000145   Thumb Code    36  memcpya.o(.text)
    __aeabi_memcpy4                          0x08000145   Thumb Code     0  memcpya.o(.text)
    __aeabi_memcpy8                          0x08000145   Thumb Code     0  memcpya.o(.text)
    __aeabi_memset                           0x08000169   Thumb Code    14  memseta.o(.text)
    __aeabi_memset4                          0x08000169   Thumb Code     0  memseta.o(.text)
    __aeabi_memset8                          0x08000169   Thumb Code     0  memseta.o(.text)
    __aeabi_memclr                           0x08000177   Thumb Code     4  memseta.o(.text)
    __aeabi_memclr4                          0x08000177   Thumb Code     0  memseta.o(.text)
    __aeabi_memclr8                          0x08000177   Thumb Code     0  memseta.o(.text)
    _memset$wrapper                          0x0800017b   Thumb Code    18  memseta.o(.text)
    __scatterload                            0x0800018d   Thumb Code    28  init.o(.text)
    __scatterload_rt2                        0x0800018d   Thumb Code     0  init.o(.text)
    __decompress                             0x080001b1   Thumb Code     0  __dczerorl2.o(.text)
    __decompress1                            0x080001b1   Thumb Code    86  __dczerorl2.o(.text)
    BusFault_Handler                         0x08000249   Thumb Code     2  stm32f1xx_it.o(i.BusFault_Handler)
    DebugMon_Handler                         0x0800024b   Thumb Code     2  stm32f1xx_it.o(i.DebugMon_Handler)
    Error_Handler                            0x0800024d   Thumb Code     2  main.o(i.Error_Handler)
    FLASH_PageErase                          0x08000275   Thumb Code    28  stm32f1xx_hal_flash_ex.o(i.FLASH_PageErase)
    FLASH_WaitForLastOperation               0x08000311   Thumb Code    80  stm32f1xx_hal_flash.o(i.FLASH_WaitForLastOperation)
    HAL_DeInit                               0x08000365   Thumb Code    26  stm32f1xx_hal.o(i.HAL_DeInit)
    HAL_FLASHEx_Erase                        0x08000385   Thumb Code   160  stm32f1xx_hal_flash_ex.o(i.HAL_FLASHEx_Erase)
    HAL_FLASH_Lock                           0x0800042d   Thumb Code    14  stm32f1xx_hal_flash.o(i.HAL_FLASH_Lock)
    HAL_FLASH_Program                        0x08000441   Thumb Code   120  stm32f1xx_hal_flash.o(i.HAL_FLASH_Program)
    HAL_FLASH_Unlock                         0x080004c1   Thumb Code    28  stm32f1xx_hal_flash.o(i.HAL_FLASH_Unlock)
    HAL_GetTick                              0x080004e9   Thumb Code     6  stm32f1xx_hal.o(i.HAL_GetTick)
    HAL_IncTick                              0x080004f5   Thumb Code    12  stm32f1xx_hal.o(i.HAL_IncTick)
    HAL_Init                                 0x08000505   Thumb Code    32  stm32f1xx_hal.o(i.HAL_Init)
    HAL_InitTick                             0x08000529   Thumb Code    54  stm32f1xx_hal.o(i.HAL_InitTick)
    HAL_MspDeInit                            0x08000569   Thumb Code     2  stm32f1xx_hal.o(i.HAL_MspDeInit)
    HAL_MspInit                              0x0800056d   Thumb Code    52  stm32f1xx_hal_msp.o(i.HAL_MspInit)
    HAL_NVIC_EnableIRQ                       0x080005a9   Thumb Code    22  stm32f1xx_hal_cortex.o(i.HAL_NVIC_EnableIRQ)
    HAL_NVIC_SetPriority                     0x080005c1   Thumb Code    60  stm32f1xx_hal_cortex.o(i.HAL_NVIC_SetPriority)
    HAL_NVIC_SetPriorityGrouping             0x08000601   Thumb Code    26  stm32f1xx_hal_cortex.o(i.HAL_NVIC_SetPriorityGrouping)
    HAL_PCDEx_PMAConfig                      0x08000625   Thumb Code    52  stm32f1xx_hal_pcd_ex.o(i.HAL_PCDEx_PMAConfig)
    HAL_PCDEx_SetConnectionState             0x08000659   Thumb Code     2  usbd_conf.o(i.HAL_PCDEx_SetConnectionState)
    HAL_PCD_DataInStageCallback              0x0800065b   Thumb Code    14  usbd_conf.o(i.HAL_PCD_DataInStageCallback)
    HAL_PCD_DataOutStageCallback             0x08000669   Thumb Code    16  usbd_conf.o(i.HAL_PCD_DataOutStageCallback)
    HAL_PCD_EP_Close                         0x08000679   Thumb Code    64  stm32f1xx_hal_pcd.o(i.HAL_PCD_EP_Close)
    HAL_PCD_EP_ClrStall                      0x080006b9   Thumb Code    72  stm32f1xx_hal_pcd.o(i.HAL_PCD_EP_ClrStall)
    HAL_PCD_EP_Flush                         0x08000701   Thumb Code    52  stm32f1xx_hal_pcd.o(i.HAL_PCD_EP_Flush)
    HAL_PCD_EP_GetRxCount                    0x08000735   Thumb Code    16  stm32f1xx_hal_pcd.o(i.HAL_PCD_EP_GetRxCount)
    HAL_PCD_EP_Open                          0x08000745   Thumb Code    68  stm32f1xx_hal_pcd.o(i.HAL_PCD_EP_Open)
    HAL_PCD_EP_Receive                       0x08000789   Thumb Code    46  stm32f1xx_hal_pcd.o(i.HAL_PCD_EP_Receive)
    HAL_PCD_EP_SetStall                      0x080007b7   Thumb Code    86  stm32f1xx_hal_pcd.o(i.HAL_PCD_EP_SetStall)
    HAL_PCD_EP_Transmit                      0x0800080d   Thumb Code    42  stm32f1xx_hal_pcd.o(i.HAL_PCD_EP_Transmit)
    HAL_PCD_IRQHandler                       0x08000837   Thumb Code   268  stm32f1xx_hal_pcd.o(i.HAL_PCD_IRQHandler)
    HAL_PCD_Init                             0x08000945   Thumb Code   192  stm32f1xx_hal_pcd.o(i.HAL_PCD_Init)
    HAL_PCD_MspInit                          0x08000a05   Thumb Code    50  usbd_conf.o(i.HAL_PCD_MspInit)
    HAL_PCD_ResetCallback                    0x08000a41   Thumb Code    38  usbd_conf.o(i.HAL_PCD_ResetCallback)
    HAL_PCD_ResumeCallback                   0x08000a67   Thumb Code     8  usbd_conf.o(i.HAL_PCD_ResumeCallback)
    HAL_PCD_SOFCallback                      0x08000a6f   Thumb Code     8  usbd_conf.o(i.HAL_PCD_SOFCallback)
    HAL_PCD_SetAddress                       0x08000a77   Thumb Code    40  stm32f1xx_hal_pcd.o(i.HAL_PCD_SetAddress)
    HAL_PCD_SetupStageCallback               0x08000a9f   Thumb Code    14  usbd_conf.o(i.HAL_PCD_SetupStageCallback)
    HAL_PCD_Start                            0x08000aad   Thumb Code    50  stm32f1xx_hal_pcd.o(i.HAL_PCD_Start)
    HAL_PCD_SuspendCallback                  0x08000ae1   Thumb Code    30  usbd_conf.o(i.HAL_PCD_SuspendCallback)
    HAL_SYSTICK_Config                       0x08000b05   Thumb Code    40  stm32f1xx_hal_cortex.o(i.HAL_SYSTICK_Config)
    HardFault_Handler                        0x08000b2d   Thumb Code     2  stm32f1xx_it.o(i.HardFault_Handler)
    LL_GPIO_Init                             0x08000c55   Thumb Code   240  stm32f1xx_ll_gpio.o(i.LL_GPIO_Init)
    LL_Init1msTick                           0x08000d45   Thumb Code    26  stm32f1xx_ll_utils.o(i.LL_Init1msTick)
    LL_SetSystemCoreClock                    0x08000d61   Thumb Code     6  stm32f1xx_ll_utils.o(i.LL_SetSystemCoreClock)
    MSC_BOT_CplClrFeature                    0x08000e7d   Thumb Code    42  usbd_msc_bot.o(i.MSC_BOT_CplClrFeature)
    MSC_BOT_DataIn                           0x08000ea7   Thumb Code    58  usbd_msc_bot.o(i.MSC_BOT_DataIn)
    MSC_BOT_DataOut                          0x08000ee1   Thumb Code    58  usbd_msc_bot.o(i.MSC_BOT_DataOut)
    MSC_BOT_DeInit                           0x08000f1b   Thumb Code    10  usbd_msc_bot.o(i.MSC_BOT_DeInit)
    MSC_BOT_Init                             0x08000f25   Thumb Code    66  usbd_msc_bot.o(i.MSC_BOT_Init)
    MSC_BOT_Reset                            0x08000f67   Thumb Code    22  usbd_msc_bot.o(i.MSC_BOT_Reset)
    MSC_BOT_SendCSW                          0x08000f7d   Thumb Code    54  usbd_msc_bot.o(i.MSC_BOT_SendCSW)
    MX_USB_DEVICE_Init                       0x08000fb9   Thumb Code    66  usb_device.o(i.MX_USB_DEVICE_Init)
    MemManage_Handler                        0x0800100d   Thumb Code     2  stm32f1xx_it.o(i.MemManage_Handler)
    NMI_Handler                              0x080010a9   Thumb Code     2  stm32f1xx_it.o(i.NMI_Handler)
    PendSV_Handler                           0x0800142d   Thumb Code     2  stm32f1xx_it.o(i.PendSV_Handler)
    SCSI_ProcessCmd                          0x08001451   Thumb Code   448  usbd_msc_scsi.o(i.SCSI_ProcessCmd)
    SCSI_SenseCode                           0x080018af   Thumb Code    54  usbd_msc_scsi.o(i.SCSI_SenseCode)
    SVC_Handler                              0x08001a27   Thumb Code     2  stm32f1xx_it.o(i.SVC_Handler)
    SysTick_Handler                          0x08001a95   Thumb Code     4  stm32f1xx_it.o(i.SysTick_Handler)
    SystemClock_Config                       0x08001a99   Thumb Code   166  main.o(i.SystemClock_Config)
    SystemInit                               0x08001b4d   Thumb Code    56  system_stm32f1xx.o(i.SystemInit)
    USBD_ClrClassConfig                      0x08001b95   Thumb Code    14  usbd_core.o(i.USBD_ClrClassConfig)
    USBD_CtlContinueRx                       0x08001ba3   Thumb Code    16  usbd_ioreq.o(i.USBD_CtlContinueRx)
    USBD_CtlContinueSendData                 0x08001bb3   Thumb Code    16  usbd_ioreq.o(i.USBD_CtlContinueSendData)
    USBD_CtlError                            0x08001bc3   Thumb Code    22  usbd_ctlreq.o(i.USBD_CtlError)
    USBD_CtlReceiveStatus                    0x08001bd9   Thumb Code    22  usbd_ioreq.o(i.USBD_CtlReceiveStatus)
    USBD_CtlSendData                         0x08001bef   Thumb Code    26  usbd_ioreq.o(i.USBD_CtlSendData)
    USBD_CtlSendStatus                       0x08001c09   Thumb Code    22  usbd_ioreq.o(i.USBD_CtlSendStatus)
    USBD_FS_ConfigStrDescriptor              0x08001c21   Thumb Code    16  usbd_desc.o(i.USBD_FS_ConfigStrDescriptor)
    USBD_FS_DeviceDescriptor                 0x08001c41   Thumb Code     8  usbd_desc.o(i.USBD_FS_DeviceDescriptor)
    USBD_FS_InterfaceStrDescriptor           0x08001c4d   Thumb Code    16  usbd_desc.o(i.USBD_FS_InterfaceStrDescriptor)
    USBD_FS_LangIDStrDescriptor              0x08001c71   Thumb Code     8  usbd_desc.o(i.USBD_FS_LangIDStrDescriptor)
    USBD_FS_ManufacturerStrDescriptor        0x08001c7d   Thumb Code    16  usbd_desc.o(i.USBD_FS_ManufacturerStrDescriptor)
    USBD_FS_ProductStrDescriptor             0x08001ca5   Thumb Code    16  usbd_desc.o(i.USBD_FS_ProductStrDescriptor)
    USBD_FS_SerialStrDescriptor              0x08001ccd   Thumb Code    48  usbd_desc.o(i.USBD_FS_SerialStrDescriptor)
    USBD_GetString                           0x08001de5   Thumb Code    70  usbd_ctlreq.o(i.USBD_GetString)
    USBD_Init                                0x08001e43   Thumb Code    42  usbd_core.o(i.USBD_Init)
    USBD_LL_ClearStallEP                     0x08001e6d   Thumb Code    18  usbd_conf.o(i.USBD_LL_ClearStallEP)
    USBD_LL_CloseEP                          0x08001e7f   Thumb Code    18  usbd_conf.o(i.USBD_LL_CloseEP)
    USBD_LL_DataInStage                      0x08001e91   Thumb Code   170  usbd_core.o(i.USBD_LL_DataInStage)
    USBD_LL_DataOutStage                     0x08001f3b   Thumb Code   106  usbd_core.o(i.USBD_LL_DataOutStage)
    USBD_LL_FlushEP                          0x08001fa5   Thumb Code    18  usbd_conf.o(i.USBD_LL_FlushEP)
    USBD_LL_GetRxDataSize                    0x08001fb7   Thumb Code     8  usbd_conf.o(i.USBD_LL_GetRxDataSize)
    USBD_LL_Init                             0x08001fc1   Thumb Code   104  usbd_conf.o(i.USBD_LL_Init)
    USBD_LL_IsStallEP                        0x08002031   Thumb Code    28  usbd_conf.o(i.USBD_LL_IsStallEP)
    USBD_LL_OpenEP                           0x0800204d   Thumb Code    24  usbd_conf.o(i.USBD_LL_OpenEP)
    USBD_LL_PrepareReceive                   0x08002065   Thumb Code    18  usbd_conf.o(i.USBD_LL_PrepareReceive)
    USBD_LL_Reset                            0x08002077   Thumb Code    62  usbd_core.o(i.USBD_LL_Reset)
    USBD_LL_Resume                           0x080020b5   Thumb Code    12  usbd_core.o(i.USBD_LL_Resume)
    USBD_LL_SOF                              0x080020c1   Thumb Code    24  usbd_core.o(i.USBD_LL_SOF)
    USBD_LL_SetSpeed                         0x080020d9   Thumb Code     6  usbd_core.o(i.USBD_LL_SetSpeed)
    USBD_LL_SetUSBAddress                    0x080020df   Thumb Code    18  usbd_conf.o(i.USBD_LL_SetUSBAddress)
    USBD_LL_SetupStage                       0x080020f1   Thumb Code    90  usbd_core.o(i.USBD_LL_SetupStage)
    USBD_LL_StallEP                          0x0800214b   Thumb Code    18  usbd_conf.o(i.USBD_LL_StallEP)
    USBD_LL_Start                            0x0800215d   Thumb Code    18  usbd_conf.o(i.USBD_LL_Start)
    USBD_LL_Suspend                          0x0800216f   Thumb Code    18  usbd_core.o(i.USBD_LL_Suspend)
    USBD_LL_Transmit                         0x08002181   Thumb Code    18  usbd_conf.o(i.USBD_LL_Transmit)
    USBD_MSC_DataIn                          0x08002193   Thumb Code    10  usbd_msc.o(i.USBD_MSC_DataIn)
    USBD_MSC_DataOut                         0x0800219d   Thumb Code    10  usbd_msc.o(i.USBD_MSC_DataOut)
    USBD_MSC_DeInit                          0x080021a7   Thumb Code    44  usbd_msc.o(i.USBD_MSC_DeInit)
    USBD_MSC_GetDeviceQualifierDescriptor    0x080021d5   Thumb Code     8  usbd_msc.o(i.USBD_MSC_GetDeviceQualifierDescriptor)
    USBD_MSC_GetFSCfgDesc                    0x080021e1   Thumb Code     8  usbd_msc.o(i.USBD_MSC_GetFSCfgDesc)
    USBD_MSC_GetHSCfgDesc                    0x080021ed   Thumb Code     8  usbd_msc.o(i.USBD_MSC_GetHSCfgDesc)
    USBD_MSC_GetOtherSpeedCfgDesc            0x080021f9   Thumb Code     8  usbd_msc.o(i.USBD_MSC_GetOtherSpeedCfgDesc)
    USBD_MSC_Init                            0x08002205   Thumb Code    82  usbd_msc.o(i.USBD_MSC_Init)
    USBD_MSC_RegisterStorage                 0x08002257   Thumb Code    10  usbd_msc.o(i.USBD_MSC_RegisterStorage)
    USBD_MSC_Setup                           0x08002261   Thumb Code   194  usbd_msc.o(i.USBD_MSC_Setup)
    USBD_ParseSetupRequest                   0x08002323   Thumb Code    40  usbd_ctlreq.o(i.USBD_ParseSetupRequest)
    USBD_RegisterClass                       0x0800234b   Thumb Code    16  usbd_core.o(i.USBD_RegisterClass)
    USBD_SetClassConfig                      0x0800235b   Thumb Code    22  usbd_core.o(i.USBD_SetClassConfig)
    USBD_Start                               0x080023e5   Thumb Code    10  usbd_core.o(i.USBD_Start)
    USBD_StdDevReq                           0x080023ef   Thumb Code   242  usbd_ctlreq.o(i.USBD_StdDevReq)
    USBD_StdEPReq                            0x080024e1   Thumb Code   220  usbd_ctlreq.o(i.USBD_StdEPReq)
    USBD_StdItfReq                           0x080025bd   Thumb Code    52  usbd_ctlreq.o(i.USBD_StdItfReq)
    USBD_static_free                         0x080025f1   Thumb Code     2  usbd_conf.o(i.USBD_static_free)
    USBD_static_malloc                       0x080025f5   Thumb Code     4  usbd_conf.o(i.USBD_static_malloc)
    USB_ActivateEndpoint                     0x080025fd   Thumb Code   604  stm32f1xx_ll_usb.o(i.USB_ActivateEndpoint)
    USB_CoreInit                             0x08002859   Thumb Code     4  stm32f1xx_ll_usb.o(i.USB_CoreInit)
    USB_DeactivateEndpoint                   0x0800285d   Thumb Code   292  stm32f1xx_ll_usb.o(i.USB_DeactivateEndpoint)
    USB_DevConnect                           0x08002981   Thumb Code     4  stm32f1xx_ll_usb.o(i.USB_DevConnect)
    USB_DevDisconnect                        0x08002985   Thumb Code     4  stm32f1xx_ll_usb.o(i.USB_DevDisconnect)
    USB_DevInit                              0x08002989   Thumb Code    30  stm32f1xx_ll_usb.o(i.USB_DevInit)
    USB_DisableGlobalInt                     0x080029a7   Thumb Code    14  stm32f1xx_ll_usb.o(i.USB_DisableGlobalInt)
    USB_EP0_OutStart                         0x080029b5   Thumb Code     4  stm32f1xx_ll_usb.o(i.USB_EP0_OutStart)
    USB_EPClearStall                         0x080029b9   Thumb Code   106  stm32f1xx_ll_usb.o(i.USB_EPClearStall)
    USB_EPSetStall                           0x08002a23   Thumb Code    74  stm32f1xx_ll_usb.o(i.USB_EPSetStall)
    USB_EPStartXfer                          0x08002a6d   Thumb Code   426  stm32f1xx_ll_usb.o(i.USB_EPStartXfer)
    USB_EnableGlobalInt                      0x08002c17   Thumb Code    14  stm32f1xx_ll_usb.o(i.USB_EnableGlobalInt)
    USB_FlushRxFifo                          0x08002c25   Thumb Code     4  stm32f1xx_ll_usb.o(i.USB_FlushRxFifo)
    USB_FlushTxFifo                          0x08002c29   Thumb Code     4  stm32f1xx_ll_usb.o(i.USB_FlushTxFifo)
    USB_LP_CAN1_RX0_IRQHandler               0x08002c2d   Thumb Code     6  stm32f1xx_it.o(i.USB_LP_CAN1_RX0_IRQHandler)
    USB_ReadInterrupts                       0x08002c39   Thumb Code     6  stm32f1xx_ll_usb.o(i.USB_ReadInterrupts)
    USB_ReadPMA                              0x08002c41   Thumb Code    30  stm32f1xx_ll_usb.o(i.USB_ReadPMA)
    USB_SetCurrentMode                       0x08002c5f   Thumb Code     4  stm32f1xx_ll_usb.o(i.USB_SetCurrentMode)
    USB_SetDevAddress                        0x08002c63   Thumb Code    12  stm32f1xx_ll_usb.o(i.USB_SetDevAddress)
    USB_WritePMA                             0x08002c6f   Thumb Code    38  stm32f1xx_ll_usb.o(i.USB_WritePMA)
    UsageFault_Handler                       0x08002c95   Thumb Code     2  stm32f1xx_it.o(i.UsageFault_Handler)
    __scatterload_copy                       0x08002c97   Thumb Code    14  handlers.o(i.__scatterload_copy)
    __scatterload_null                       0x08002ca5   Thumb Code     2  handlers.o(i.__scatterload_null)
    __scatterload_zeroinit                   0x08002ca7   Thumb Code    14  handlers.o(i.__scatterload_zeroinit)
    aes_ctr_crypt_buffer                     0x08002ef1   Thumb Code   132  aes_ctr.o(i.aes_ctr_crypt_buffer)
    decrypt                                  0x08002f79   Thumb Code    38  crypt.o(i.decrypt)
    fat32_read                               0x08002fa5   Thumb Code   168  fat32.o(i.fat32_read)
    fat32_write                              0x08003065   Thumb Code    78  fat32.o(i.fat32_write)
    ihex_is_crypt_mode                       0x08003121   Thumb Code     6  ihex_parser.o(i.ihex_is_crypt_mode)
    ihex_parser                              0x0800312d   Thumb Code   430  ihex_parser.o(i.ihex_parser)
    ihex_reset_state                         0x080032ed   Thumb Code    16  ihex_parser.o(i.ihex_reset_state)
    ihex_set_callback_func                   0x08003301   Thumb Code     6  ihex_parser.o(i.ihex_set_callback_func)
    is_appcode_exist                         0x0800330d   Thumb Code    42  main.o(i.is_appcode_exist)
    is_button_down                           0x0800333d   Thumb Code    14  main.o(i.is_button_down)
    jmp_to_appcode                           0x08003351   Thumb Code    28  main.o(i.jmp_to_appcode)
    main                                     0x08003375   Thumb Code    82  main.o(i.main)
    STORAGE_Inquirydata_FS                   0x0800342a   Data          36  usbd_storage_if.o(.constdata)
    MSC_Page00_Inquiry_Data                  0x0800367e   Data           7  usbd_msc_data.o(.constdata)
    MSC_Mode_Sense6_data                     0x08003685   Data           8  usbd_msc_data.o(.constdata)
    MSC_Mode_Sense10_data                    0x0800368d   Data           8  usbd_msc_data.o(.constdata)
    Region$$Table$$Base                      0x08003698   Number         0  anon$$obj.o(Region$$Table)
    Region$$Table$$Limit                     0x080036b8   Number         0  anon$$obj.o(Region$$Table)
    FS_Desc                                  0x20000000   Data          28  usbd_desc.o(.data)
    USBD_LangIDDesc                          0x2000001c   Data           4  usbd_desc.o(.data)
    USBD_FS_DeviceDesc                       0x20000020   Data          18  usbd_desc.o(.data)
    USBD_StringSerial                        0x20000034   Data          26  usbd_desc.o(.data)
    USBD_Storage_Interface_fops_FS           0x20000050   Data          32  usbd_storage_if.o(.data)
    uwTickFreq                               0x2000008c   Data           1  stm32f1xx_hal.o(.data)
    uwTickPrio                               0x20000090   Data           4  stm32f1xx_hal.o(.data)
    uwTick                                   0x20000094   Data           4  stm32f1xx_hal.o(.data)
    SystemCoreClock                          0x20000098   Data           4  system_stm32f1xx.o(.data)
    USBD_MSC                                 0x200000a0   Data          56  usbd_msc.o(.data)
    USBD_MSC_CfgHSDesc                       0x200000d8   Data          32  usbd_msc.o(.data)
    USBD_MSC_CfgFSDesc                       0x200000f8   Data          32  usbd_msc.o(.data)
    USBD_MSC_OtherSpeedCfgDesc               0x20000118   Data          32  usbd_msc.o(.data)
    USBD_MSC_DeviceQualifierDesc             0x20000138   Data          10  usbd_msc.o(.data)
    hUsbDeviceFS                             0x20000144   Data         548  usb_device.o(.bss)
    hpcd_USB_FS                              0x200005d8   Data        1120  usbd_conf.o(.bss)
    USBD_StrDesc                             0x20000a38   Data         512  usbd_desc.o(.bss)
    pFlash                                   0x20000e28   Data          32  stm32f1xx_hal_flash.o(.bss)
    __initial_sp                             0x20001248   Data           0  startup_stm32f103xb.o(STACK)



==============================================================================

Memory Map of the image

  Image Entry point : 0x080000ed

  Load Region LR_IROM1 (Base: 0x08000000, Size: 0x000037fc, Max: 0x00010000, ABSOLUTE, COMPRESSED[0x00003760])

    Execution Region ER_IROM1 (Base: 0x08000000, Size: 0x000036b8, Max: 0x00010000, ABSOLUTE)

    Base Addr    Size         Type   Attr      Idx    E Section Name        Object

    0x08000000   0x000000ec   Data   RO            3    RESET               startup_stm32f103xb.o
    0x080000ec   0x00000000   Code   RO         3086  * .ARM.Collect$$$$00000000  mc_w.l(entry.o)
    0x080000ec   0x00000004   Code   RO         3097    .ARM.Collect$$$$00000001  mc_w.l(entry2.o)
    0x080000f0   0x00000004   Code   RO         3100    .ARM.Collect$$$$00000004  mc_w.l(entry5.o)
    0x080000f4   0x00000000   Code   RO         3102    .ARM.Collect$$$$00000008  mc_w.l(entry7b.o)
    0x080000f4   0x00000000   Code   RO         3104    .ARM.Collect$$$$0000000A  mc_w.l(entry8b.o)
    0x080000f4   0x00000008   Code   RO         3105    .ARM.Collect$$$$0000000B  mc_w.l(entry9a.o)
    0x080000fc   0x00000000   Code   RO         3107    .ARM.Collect$$$$0000000D  mc_w.l(entry10a.o)
    0x080000fc   0x00000000   Code   RO         3109    .ARM.Collect$$$$0000000F  mc_w.l(entry11a.o)
    0x080000fc   0x00000004   Code   RO         3098    .ARM.Collect$$$$00002712  mc_w.l(entry2.o)
    0x08000100   0x00000024   Code   RO            4    .text               startup_stm32f103xb.o
    0x08000124   0x00000020   Code   RO         3089    .text               mc_w.l(llushr.o)
    0x08000144   0x00000024   Code   RO         3091    .text               mc_w.l(memcpya.o)
    0x08000168   0x00000024   Code   RO         3093    .text               mc_w.l(memseta.o)
    0x0800018c   0x00000024   Code   RO         3111    .text               mc_w.l(init.o)
    0x080001b0   0x00000056   Code   RO         3121    .text               mc_w.l(__dczerorl2.o)
    0x08000206   0x00000002   PAD
    0x08000208   0x00000040   Code   RO          833    i.AddRoundKey       aes_ctr.o
    0x08000248   0x00000002   Code   RO          681    i.BusFault_Handler  stm32f1xx_it.o
    0x0800024a   0x00000002   Code   RO          682    i.DebugMon_Handler  stm32f1xx_it.o
    0x0800024c   0x00000002   Code   RO          161    i.Error_Handler     main.o
    0x0800024e   0x00000002   PAD
    0x08000250   0x00000024   Code   RO         2453    i.FLASH_MassErase   stm32f1xx_hal_flash_ex.o
    0x08000274   0x00000024   Code   RO         2458    i.FLASH_PageErase   stm32f1xx_hal_flash_ex.o
    0x08000298   0x0000001c   Code   RO         2350    i.FLASH_Program_HalfWord  stm32f1xx_hal_flash.o
    0x080002b4   0x0000005c   Code   RO         2351    i.FLASH_SetErrorCode  stm32f1xx_hal_flash.o
    0x08000310   0x00000054   Code   RO         2352    i.FLASH_WaitForLastOperation  stm32f1xx_hal_flash.o
    0x08000364   0x00000020   Code   RO         1653    i.HAL_DeInit        stm32f1xx_hal.o
    0x08000384   0x000000a8   Code   RO         2459    i.HAL_FLASHEx_Erase  stm32f1xx_hal_flash_ex.o
    0x0800042c   0x00000014   Code   RO         2356    i.HAL_FLASH_Lock    stm32f1xx_hal_flash.o
    0x08000440   0x00000080   Code   RO         2361    i.HAL_FLASH_Program  stm32f1xx_hal_flash.o
    0x080004c0   0x00000028   Code   RO         2363    i.HAL_FLASH_Unlock  stm32f1xx_hal_flash.o
    0x080004e8   0x0000000c   Code   RO         1658    i.HAL_GetTick       stm32f1xx_hal.o
    0x080004f4   0x00000010   Code   RO         1662    i.HAL_IncTick       stm32f1xx_hal.o
    0x08000504   0x00000024   Code   RO         1663    i.HAL_Init          stm32f1xx_hal.o
    0x08000528   0x00000040   Code   RO         1664    i.HAL_InitTick      stm32f1xx_hal.o
    0x08000568   0x00000002   Code   RO         1665    i.HAL_MspDeInit     stm32f1xx_hal.o
    0x0800056a   0x00000002   PAD
    0x0800056c   0x0000003c   Code   RO          763    i.HAL_MspInit       stm32f1xx_hal_msp.o
    0x080005a8   0x00000016   Code   RO         2110    i.HAL_NVIC_EnableIRQ  stm32f1xx_hal_cortex.o
    0x080005be   0x00000002   PAD
    0x080005c0   0x00000040   Code   RO         2116    i.HAL_NVIC_SetPriority  stm32f1xx_hal_cortex.o
    0x08000600   0x00000024   Code   RO         2117    i.HAL_NVIC_SetPriorityGrouping  stm32f1xx_hal_cortex.o
    0x08000624   0x00000034   Code   RO         1199    i.HAL_PCDEx_PMAConfig  stm32f1xx_hal_pcd_ex.o
    0x08000658   0x00000002   Code   RO          335    i.HAL_PCDEx_SetConnectionState  usbd_conf.o
    0x0800065a   0x0000000e   Code   RO          337    i.HAL_PCD_DataInStageCallback  usbd_conf.o
    0x08000668   0x00000010   Code   RO          338    i.HAL_PCD_DataOutStageCallback  usbd_conf.o
    0x08000678   0x00000040   Code   RO          993    i.HAL_PCD_EP_Close  stm32f1xx_hal_pcd.o
    0x080006b8   0x00000048   Code   RO          994    i.HAL_PCD_EP_ClrStall  stm32f1xx_hal_pcd.o
    0x08000700   0x00000034   Code   RO          995    i.HAL_PCD_EP_Flush  stm32f1xx_hal_pcd.o
    0x08000734   0x00000010   Code   RO          996    i.HAL_PCD_EP_GetRxCount  stm32f1xx_hal_pcd.o
    0x08000744   0x00000044   Code   RO          997    i.HAL_PCD_EP_Open   stm32f1xx_hal_pcd.o
    0x08000788   0x0000002e   Code   RO          998    i.HAL_PCD_EP_Receive  stm32f1xx_hal_pcd.o
    0x080007b6   0x00000056   Code   RO          999    i.HAL_PCD_EP_SetStall  stm32f1xx_hal_pcd.o
    0x0800080c   0x0000002a   Code   RO         1000    i.HAL_PCD_EP_Transmit  stm32f1xx_hal_pcd.o
    0x08000836   0x0000010c   Code   RO         1002    i.HAL_PCD_IRQHandler  stm32f1xx_hal_pcd.o
    0x08000942   0x00000002   PAD
    0x08000944   0x000000c0   Code   RO         1005    i.HAL_PCD_Init      stm32f1xx_hal_pcd.o
    0x08000a04   0x0000003c   Code   RO          343    i.HAL_PCD_MspInit   usbd_conf.o
    0x08000a40   0x00000026   Code   RO          344    i.HAL_PCD_ResetCallback  usbd_conf.o
    0x08000a66   0x00000008   Code   RO          345    i.HAL_PCD_ResumeCallback  usbd_conf.o
    0x08000a6e   0x00000008   Code   RO          346    i.HAL_PCD_SOFCallback  usbd_conf.o
    0x08000a76   0x00000028   Code   RO         1011    i.HAL_PCD_SetAddress  stm32f1xx_hal_pcd.o
    0x08000a9e   0x0000000e   Code   RO          347    i.HAL_PCD_SetupStageCallback  usbd_conf.o
    0x08000aac   0x00000032   Code   RO         1013    i.HAL_PCD_Start     stm32f1xx_hal_pcd.o
    0x08000ade   0x00000002   PAD
    0x08000ae0   0x00000024   Code   RO          348    i.HAL_PCD_SuspendCallback  usbd_conf.o
    0x08000b04   0x00000028   Code   RO         2121    i.HAL_SYSTICK_Config  stm32f1xx_hal_cortex.o
    0x08000b2c   0x00000002   Code   RO          683    i.HardFault_Handler  stm32f1xx_it.o
    0x08000b2e   0x00000002   PAD
    0x08000b30   0x00000038   Code   RO          547    i.IntToUnicode      usbd_desc.o
    0x08000b68   0x000000ec   Code   RO          834    i.KeyExpansion      aes_ctr.o
    0x08000c54   0x000000f0   Code   RO          935    i.LL_GPIO_Init      stm32f1xx_ll_gpio.o
    0x08000d44   0x0000001a   Code   RO         1529    i.LL_Init1msTick    stm32f1xx_ll_utils.o
    0x08000d5e   0x00000002   PAD
    0x08000d60   0x0000000c   Code   RO         1533    i.LL_SetSystemCoreClock  stm32f1xx_ll_utils.o
    0x08000d6c   0x00000042   Code   RO         2924    i.MSC_BOT_Abort     usbd_msc_bot.o
    0x08000dae   0x00000002   PAD
    0x08000db0   0x000000cc   Code   RO         2925    i.MSC_BOT_CBW_Decode  usbd_msc_bot.o
    0x08000e7c   0x0000002a   Code   RO         2926    i.MSC_BOT_CplClrFeature  usbd_msc_bot.o
    0x08000ea6   0x0000003a   Code   RO         2927    i.MSC_BOT_DataIn    usbd_msc_bot.o
    0x08000ee0   0x0000003a   Code   RO         2928    i.MSC_BOT_DataOut   usbd_msc_bot.o
    0x08000f1a   0x0000000a   Code   RO         2929    i.MSC_BOT_DeInit    usbd_msc_bot.o
    0x08000f24   0x00000042   Code   RO         2930    i.MSC_BOT_Init      usbd_msc_bot.o
    0x08000f66   0x00000016   Code   RO         2931    i.MSC_BOT_Reset     usbd_msc_bot.o
    0x08000f7c   0x0000003c   Code   RO         2932    i.MSC_BOT_SendCSW   usbd_msc_bot.o
    0x08000fb8   0x00000054   Code   RO          265    i.MX_USB_DEVICE_Init  usb_device.o
    0x0800100c   0x00000002   Code   RO          684    i.MemManage_Handler  stm32f1xx_it.o
    0x0800100e   0x00000002   PAD
    0x08001010   0x00000098   Code   RO          835    i.MixColumns        aes_ctr.o
    0x080010a8   0x00000002   Code   RO          685    i.NMI_Handler       stm32f1xx_it.o
    0x080010aa   0x00000020   Code   RO         2123    i.NVIC_SetPriority  stm32f1xx_hal_cortex.o
    0x080010ca   0x00000362   Code   RO         1016    i.PCD_EP_ISR_Handler  stm32f1xx_hal_pcd.o
    0x0800142c   0x00000002   Code   RO          686    i.PendSV_Handler    stm32f1xx_it.o
    0x0800142e   0x00000022   Code   RO         3020    i.SCSI_CheckAddressRange  usbd_msc_scsi.o
    0x08001450   0x000001cc   Code   RO         3021    i.SCSI_ProcessCmd   usbd_msc_scsi.o
    0x0800161c   0x0000008c   Code   RO         3022    i.SCSI_ProcessRead  usbd_msc_scsi.o
    0x080016a8   0x00000098   Code   RO         3023    i.SCSI_ProcessWrite  usbd_msc_scsi.o
    0x08001740   0x000000aa   Code   RO         3024    i.SCSI_Read10       usbd_msc_scsi.o
    0x080017ea   0x00000056   Code   RO         3025    i.SCSI_ReadCapacity10  usbd_msc_scsi.o
    0x08001840   0x0000006e   Code   RO         3026    i.SCSI_ReadFormatCapacity  usbd_msc_scsi.o
    0x080018ae   0x00000036   Code   RO         3027    i.SCSI_SenseCode    usbd_msc_scsi.o
    0x080018e4   0x000000ca   Code   RO         3028    i.SCSI_Write10      usbd_msc_scsi.o
    0x080019ae   0x00000010   Code   RO          620    i.STORAGE_GetCapacity_FS  usbd_storage_if.o
    0x080019be   0x00000004   Code   RO          621    i.STORAGE_GetMaxLun_FS  usbd_storage_if.o
    0x080019c2   0x00000004   Code   RO          622    i.STORAGE_Init_FS   usbd_storage_if.o
    0x080019c6   0x00000004   Code   RO          623    i.STORAGE_IsReady_FS  usbd_storage_if.o
    0x080019ca   0x00000004   Code   RO          624    i.STORAGE_IsWriteProtected_FS  usbd_storage_if.o
    0x080019ce   0x0000002c   Code   RO          625    i.STORAGE_Read_FS   usbd_storage_if.o
    0x080019fa   0x0000002c   Code   RO          626    i.STORAGE_Write_FS  usbd_storage_if.o
    0x08001a26   0x00000002   Code   RO          687    i.SVC_Handler       stm32f1xx_it.o
    0x08001a28   0x0000003c   Code   RO          836    i.ShiftRows         aes_ctr.o
    0x08001a64   0x00000030   Code   RO          837    i.SubBytes          aes_ctr.o
    0x08001a94   0x00000004   Code   RO          688    i.SysTick_Handler   stm32f1xx_it.o
    0x08001a98   0x000000b4   Code   RO          162    i.SystemClock_Config  main.o
    0x08001b4c   0x00000048   Code   RO         2539    i.SystemInit        system_stm32f1xx.o
    0x08001b94   0x0000000e   Code   RO         2576    i.USBD_ClrClassConfig  usbd_core.o
    0x08001ba2   0x00000010   Code   RO         2779    i.USBD_CtlContinueRx  usbd_ioreq.o
    0x08001bb2   0x00000010   Code   RO         2780    i.USBD_CtlContinueSendData  usbd_ioreq.o
    0x08001bc2   0x00000016   Code   RO         2714    i.USBD_CtlError     usbd_ctlreq.o
    0x08001bd8   0x00000016   Code   RO         2782    i.USBD_CtlReceiveStatus  usbd_ioreq.o
    0x08001bee   0x0000001a   Code   RO         2783    i.USBD_CtlSendData  usbd_ioreq.o
    0x08001c08   0x00000016   Code   RO         2784    i.USBD_CtlSendStatus  usbd_ioreq.o
    0x08001c1e   0x00000002   PAD
    0x08001c20   0x00000020   Code   RO          548    i.USBD_FS_ConfigStrDescriptor  usbd_desc.o
    0x08001c40   0x0000000c   Code   RO          549    i.USBD_FS_DeviceDescriptor  usbd_desc.o
    0x08001c4c   0x00000024   Code   RO          550    i.USBD_FS_InterfaceStrDescriptor  usbd_desc.o
    0x08001c70   0x0000000c   Code   RO          551    i.USBD_FS_LangIDStrDescriptor  usbd_desc.o
    0x08001c7c   0x00000028   Code   RO          552    i.USBD_FS_ManufacturerStrDescriptor  usbd_desc.o
    0x08001ca4   0x00000028   Code   RO          553    i.USBD_FS_ProductStrDescriptor  usbd_desc.o
    0x08001ccc   0x00000038   Code   RO          554    i.USBD_FS_SerialStrDescriptor  usbd_desc.o
    0x08001d04   0x000000e0   Code   RO         2715    i.USBD_GetDescriptor  usbd_ctlreq.o
    0x08001de4   0x00000046   Code   RO         2716    i.USBD_GetString    usbd_ctlreq.o
    0x08001e2a   0x00000018   Code   RO          349    i.USBD_Get_USB_Status  usbd_conf.o
    0x08001e42   0x0000002a   Code   RO         2578    i.USBD_Init         usbd_core.o
    0x08001e6c   0x00000012   Code   RO          350    i.USBD_LL_ClearStallEP  usbd_conf.o
    0x08001e7e   0x00000012   Code   RO          351    i.USBD_LL_CloseEP   usbd_conf.o
    0x08001e90   0x000000aa   Code   RO         2579    i.USBD_LL_DataInStage  usbd_core.o
    0x08001f3a   0x0000006a   Code   RO         2580    i.USBD_LL_DataOutStage  usbd_core.o
    0x08001fa4   0x00000012   Code   RO          354    i.USBD_LL_FlushEP   usbd_conf.o
    0x08001fb6   0x00000008   Code   RO          355    i.USBD_LL_GetRxDataSize  usbd_conf.o
    0x08001fbe   0x00000002   PAD
    0x08001fc0   0x00000070   Code   RO          356    i.USBD_LL_Init      usbd_conf.o
    0x08002030   0x0000001c   Code   RO          357    i.USBD_LL_IsStallEP  usbd_conf.o
    0x0800204c   0x00000018   Code   RO          358    i.USBD_LL_OpenEP    usbd_conf.o
    0x08002064   0x00000012   Code   RO          359    i.USBD_LL_PrepareReceive  usbd_conf.o
    0x08002076   0x0000003e   Code   RO         2585    i.USBD_LL_Reset     usbd_core.o
    0x080020b4   0x0000000c   Code   RO         2586    i.USBD_LL_Resume    usbd_core.o
    0x080020c0   0x00000018   Code   RO         2587    i.USBD_LL_SOF       usbd_core.o
    0x080020d8   0x00000006   Code   RO         2588    i.USBD_LL_SetSpeed  usbd_core.o
    0x080020de   0x00000012   Code   RO          360    i.USBD_LL_SetUSBAddress  usbd_conf.o
    0x080020f0   0x0000005a   Code   RO         2589    i.USBD_LL_SetupStage  usbd_core.o
    0x0800214a   0x00000012   Code   RO          361    i.USBD_LL_StallEP   usbd_conf.o
    0x0800215c   0x00000012   Code   RO          362    i.USBD_LL_Start     usbd_conf.o
    0x0800216e   0x00000012   Code   RO         2590    i.USBD_LL_Suspend   usbd_core.o
    0x08002180   0x00000012   Code   RO          364    i.USBD_LL_Transmit  usbd_conf.o
    0x08002192   0x0000000a   Code   RO         2839    i.USBD_MSC_DataIn   usbd_msc.o
    0x0800219c   0x0000000a   Code   RO         2840    i.USBD_MSC_DataOut  usbd_msc.o
    0x080021a6   0x0000002c   Code   RO         2841    i.USBD_MSC_DeInit   usbd_msc.o
    0x080021d2   0x00000002   PAD
    0x080021d4   0x0000000c   Code   RO         2842    i.USBD_MSC_GetDeviceQualifierDescriptor  usbd_msc.o
    0x080021e0   0x0000000c   Code   RO         2843    i.USBD_MSC_GetFSCfgDesc  usbd_msc.o
    0x080021ec   0x0000000c   Code   RO         2844    i.USBD_MSC_GetHSCfgDesc  usbd_msc.o
    0x080021f8   0x0000000c   Code   RO         2845    i.USBD_MSC_GetOtherSpeedCfgDesc  usbd_msc.o
    0x08002204   0x00000052   Code   RO         2846    i.USBD_MSC_Init     usbd_msc.o
    0x08002256   0x0000000a   Code   RO         2847    i.USBD_MSC_RegisterStorage  usbd_msc.o
    0x08002260   0x000000c2   Code   RO         2848    i.USBD_MSC_Setup    usbd_msc.o
    0x08002322   0x00000028   Code   RO         2717    i.USBD_ParseSetupRequest  usbd_ctlreq.o
    0x0800234a   0x00000010   Code   RO         2591    i.USBD_RegisterClass  usbd_core.o
    0x0800235a   0x00000016   Code   RO         2593    i.USBD_SetClassConfig  usbd_core.o
    0x08002370   0x00000074   Code   RO         2718    i.USBD_SetConfig    usbd_ctlreq.o
    0x080023e4   0x0000000a   Code   RO         2594    i.USBD_Start        usbd_core.o
    0x080023ee   0x000000f2   Code   RO         2719    i.USBD_StdDevReq    usbd_ctlreq.o
    0x080024e0   0x000000dc   Code   RO         2720    i.USBD_StdEPReq     usbd_ctlreq.o
    0x080025bc   0x00000034   Code   RO         2721    i.USBD_StdItfReq    usbd_ctlreq.o
    0x080025f0   0x00000002   Code   RO          365    i.USBD_static_free  usbd_conf.o
    0x080025f2   0x00000002   PAD
    0x080025f4   0x00000008   Code   RO          366    i.USBD_static_malloc  usbd_conf.o
    0x080025fc   0x0000025c   Code   RO         1229    i.USB_ActivateEndpoint  stm32f1xx_ll_usb.o
    0x08002858   0x00000004   Code   RO         1232    i.USB_CoreInit      stm32f1xx_ll_usb.o
    0x0800285c   0x00000124   Code   RO         1234    i.USB_DeactivateEndpoint  stm32f1xx_ll_usb.o
    0x08002980   0x00000004   Code   RO         1235    i.USB_DevConnect    stm32f1xx_ll_usb.o
    0x08002984   0x00000004   Code   RO         1236    i.USB_DevDisconnect  stm32f1xx_ll_usb.o
    0x08002988   0x0000001e   Code   RO         1237    i.USB_DevInit       stm32f1xx_ll_usb.o
    0x080029a6   0x0000000e   Code   RO         1238    i.USB_DisableGlobalInt  stm32f1xx_ll_usb.o
    0x080029b4   0x00000004   Code   RO         1239    i.USB_EP0_OutStart  stm32f1xx_ll_usb.o
    0x080029b8   0x0000006a   Code   RO         1240    i.USB_EPClearStall  stm32f1xx_ll_usb.o
    0x08002a22   0x0000004a   Code   RO         1241    i.USB_EPSetStall    stm32f1xx_ll_usb.o
    0x08002a6c   0x000001aa   Code   RO         1242    i.USB_EPStartXfer   stm32f1xx_ll_usb.o
    0x08002c16   0x0000000e   Code   RO         1243    i.USB_EnableGlobalInt  stm32f1xx_ll_usb.o
    0x08002c24   0x00000004   Code   RO         1244    i.USB_FlushRxFifo   stm32f1xx_ll_usb.o
    0x08002c28   0x00000004   Code   RO         1245    i.USB_FlushTxFifo   stm32f1xx_ll_usb.o
    0x08002c2c   0x0000000c   Code   RO          689    i.USB_LP_CAN1_RX0_IRQHandler  stm32f1xx_it.o
    0x08002c38   0x00000006   Code   RO         1250    i.USB_ReadInterrupts  stm32f1xx_ll_usb.o
    0x08002c3e   0x00000002   PAD
    0x08002c40   0x0000001e   Code   RO         1251    i.USB_ReadPMA       stm32f1xx_ll_usb.o
    0x08002c5e   0x00000004   Code   RO         1253    i.USB_SetCurrentMode  stm32f1xx_ll_usb.o
    0x08002c62   0x0000000c   Code   RO         1254    i.USB_SetDevAddress  stm32f1xx_ll_usb.o
    0x08002c6e   0x00000026   Code   RO         1256    i.USB_WritePMA      stm32f1xx_ll_usb.o
    0x08002c94   0x00000002   Code   RO          690    i.UsageFault_Handler  stm32f1xx_it.o
    0x08002c96   0x0000000e   Code   RO         3115    i.__scatterload_copy  mc_w.l(handlers.o)
    0x08002ca4   0x00000002   Code   RO         3116    i.__scatterload_null  mc_w.l(handlers.o)
    0x08002ca6   0x0000000e   Code   RO         3117    i.__scatterload_zeroinit  mc_w.l(handlers.o)
    0x08002cb4   0x0000008c   Code   RO           13    i._fat32_read_dir_entry  fat32.o
    0x08002d40   0x00000078   Code   RO           14    i._fat32_read_fat_table  fat32.o
    0x08002db8   0x00000138   Code   RO           15    i._fat32_write_firmware  fat32.o
    0x08002ef0   0x00000088   Code   RO          838    i.aes_ctr_crypt_buffer  aes_ctr.o
    0x08002f78   0x0000002c   Code   RO          874    i.decrypt           crypt.o
    0x08002fa4   0x000000c0   Code   RO           16    i.fat32_read        fat32.o
    0x08003064   0x00000054   Code   RO           17    i.fat32_write       fat32.o
    0x080030b8   0x00000068   Code   RO          875    i.gen_iv_by_lfsr    crypt.o
    0x08003120   0x0000000c   Code   RO          787    i.ihex_is_crypt_mode  ihex_parser.o
    0x0800312c   0x000001c0   Code   RO          788    i.ihex_parser       ihex_parser.o
    0x080032ec   0x00000014   Code   RO          789    i.ihex_reset_state  ihex_parser.o
    0x08003300   0x0000000c   Code   RO          790    i.ihex_set_callback_func  ihex_parser.o
    0x0800330c   0x00000030   Code   RO          163    i.is_appcode_exist  main.o
    0x0800333c   0x00000014   Code   RO          164    i.is_button_down    main.o
    0x08003350   0x00000024   Code   RO          165    i.jmp_to_appcode    main.o
    0x08003374   0x0000005c   Code   RO          166    i.main              main.o
    0x080033d0   0x0000005a   Data   RO           18    .constdata          fat32.o
    0x0800342a   0x00000024   Data   RO          627    .constdata          usbd_storage_if.o
    0x0800344e   0x00000200   Data   RO          840    .constdata          aes_ctr.o
    0x0800364e   0x00000030   Data   RO          876    .constdata          crypt.o
    0x0800367e   0x00000007   Data   RO         2994    .constdata          usbd_msc_data.o
    0x08003685   0x00000008   Data   RO         2995    .constdata          usbd_msc_data.o
    0x0800368d   0x00000008   Data   RO         2996    .constdata          usbd_msc_data.o
    0x08003695   0x00000003   PAD
    0x08003698   0x00000020   Data   RO         3113    Region$$Table       anon$$obj.o


    Execution Region RW_IRAM1 (Base: 0x20000000, Size: 0x00001248, Max: 0x00005000, ABSOLUTE, COMPRESSED[0x000000a8])

    Base Addr    Size         Type   Attr      Idx    E Section Name        Object

    0x20000000   0x0000001c   Data   RW          556    .data               usbd_desc.o
    0x2000001c   0x00000032   Data   RW          557    .data               usbd_desc.o
    0x2000004e   0x00000002   PAD
    0x20000050   0x00000020   Data   RW          628    .data               usbd_storage_if.o
    0x20000070   0x00000014   Data   RW          792    .data               ihex_parser.o
    0x20000084   0x00000008   Data   RW          841    .data               aes_ctr.o
    0x2000008c   0x0000000c   Data   RW         1670    .data               stm32f1xx_hal.o
    0x20000098   0x00000004   Data   RW         2542    .data               system_stm32f1xx.o
    0x2000009c   0x00000001   Data   RW         2722    .data               usbd_ctlreq.o
    0x2000009d   0x00000003   PAD
    0x200000a0   0x00000038   Data   RW         2849    .data               usbd_msc.o
    0x200000d8   0x0000006a   Data   RW         2850    .data               usbd_msc.o
    0x20000142   0x00000002   PAD
    0x20000144   0x00000224   Zero   RW          266    .bss                usb_device.o
    0x20000368   0x000006d0   Zero   RW          367    .bss                usbd_conf.o
    0x20000a38   0x00000200   Zero   RW          555    .bss                usbd_desc.o
    0x20000c38   0x000000ff   Zero   RW          791    .bss                ihex_parser.o
    0x20000d37   0x000000f0   Zero   RW          839    .bss                aes_ctr.o
    0x20000e27   0x00000001   PAD
    0x20000e28   0x00000020   Zero   RW         2364    .bss                stm32f1xx_hal_flash.o
    0x20000e48   0x00000400   Zero   RW            1    STACK               startup_stm32f103xb.o


==============================================================================

Image component sizes


      Code (inc. data)   RO Data    RW Data    ZI Data      Debug   Object Name

       696         50        512          8        240       4999   aes_ctr.o
       148         10         48          0          0       1822   crypt.o
       848         74         90          0          0     381487   fat32.o
       492         46          0         20        255      26438   ihex_parser.o
       378         44          0          0          0      34301   main.o
        36          8        236          0       1024        804   startup_stm32f103xb.o
       162         30          0         12          0       6326   stm32f1xx_hal.o
       194         14          0          0          0      25675   stm32f1xx_hal_cortex.o
       392         46          0          0         32       4690   stm32f1xx_hal_flash.o
       240         26          0          0          0       3233   stm32f1xx_hal_flash_ex.o
        60          8          0          0          0        850   stm32f1xx_hal_msp.o
      1862          0          0          0          0      10444   stm32f1xx_hal_pcd.o
        52          0          0          0          0       1182   stm32f1xx_hal_pcd_ex.o
        32          6          0          0          0       4263   stm32f1xx_it.o
       240          0          0          0          0      10331   stm32f1xx_ll_gpio.o
      1674          0          0          0          0      13555   stm32f1xx_ll_usb.o
        38          6          0          0          0       4949   stm32f1xx_ll_utils.o
        72         16          0          4          0       1163   system_stm32f1xx.o
        84         18          0          0        548       5921   usb_device.o
       546         28          0          0       1744      13639   usbd_conf.o
       592          0          0          0          0       8972   usbd_core.o
       986         30          0          1          0       7676   usbd_ctlreq.o
       284        100          0         78        512       5589   usbd_desc.o
       102          0          0          0          0       3600   usbd_ioreq.o
       398         16          0        162          0       9000   usbd_msc.o
       586         12          0          0          0       6977   usbd_msc_bot.o
         0          0         23          0          0        893   usbd_msc_data.o
      1408         12          0          0          0      10087   usbd_msc_scsi.o
       120          0         36         32          0       4799   usbd_storage_if.o

    ----------------------------------------------------------------------
     12750        600        980        324       4356     613665   Object Totals
         0          0         32          0          0          0   (incl. Generated)
        28          0          3          7          1          0   (incl. Padding)

    ----------------------------------------------------------------------

      Code (inc. data)   RO Data    RW Data    ZI Data      Debug   Library Member Name

        86          0          0          0          0          0   __dczerorl2.o
         0          0          0          0          0          0   entry.o
         0          0          0          0          0          0   entry10a.o
         0          0          0          0          0          0   entry11a.o
         8          4          0          0          0          0   entry2.o
         4          0          0          0          0          0   entry5.o
         0          0          0          0          0          0   entry7b.o
         0          0          0          0          0          0   entry8b.o
         8          4          0          0          0          0   entry9a.o
        30          0          0          0          0          0   handlers.o
        36          8          0          0          0         68   init.o
        32          0          0          0          0         68   llushr.o
        36          0          0          0          0         68   memcpya.o
        36          0          0          0          0        108   memseta.o

    ----------------------------------------------------------------------
       278         16          0          0          0        312   Library Totals
         2          0          0          0          0          0   (incl. Padding)

    ----------------------------------------------------------------------

      Code (inc. data)   RO Data    RW Data    ZI Data      Debug   Library Name

       276         16          0          0          0        312   mc_w.l

    ----------------------------------------------------------------------
       278         16          0          0          0        312   Library Totals

    ----------------------------------------------------------------------

==============================================================================


      Code (inc. data)   RO Data    RW Data    ZI Data      Debug   

     13028        616        980        324       4356     604797   Grand Totals
     13028        616        980        168       4356     604797   ELF Image Totals (compressed)
     13028        616        980        168          0          0   ROM Totals

==============================================================================

    Total RO  Size (Code + RO Data)                14008 (  13.68kB)
    Total RW  Size (RW Data + ZI Data)              4680 (   4.57kB)
    Total ROM Size (Code + RO Data + RW Data)      14176 (  13.84kB)

==============================================================================

