Component: ARM Compiler 5.06 update 7 (build 960) Tool: armlink [4d3601]

==============================================================================

Section Cross References

    startup_stm32f103xb.o(RESET) refers to startup_stm32f103xb.o(STACK) for __initial_sp
    startup_stm32f103xb.o(RESET) refers to startup_stm32f103xb.o(.text) for Reset_Handler
    startup_stm32f103xb.o(RESET) refers to stm32f1xx_it.o(i.NMI_Handler) for NMI_Handler
    startup_stm32f103xb.o(RESET) refers to stm32f1xx_it.o(i.HardFault_Handler) for HardFault_Handler
    startup_stm32f103xb.o(RESET) refers to stm32f1xx_it.o(i.MemManage_Handler) for MemManage_Handler
    startup_stm32f103xb.o(RESET) refers to stm32f1xx_it.o(i.BusFault_Handler) for BusFault_Handler
    startup_stm32f103xb.o(RESET) refers to stm32f1xx_it.o(i.UsageFault_Handler) for UsageFault_Handler
    startup_stm32f103xb.o(RESET) refers to stm32f1xx_it.o(i.SVC_Handler) for SVC_Handler
    startup_stm32f103xb.o(RESET) refers to stm32f1xx_it.o(i.DebugMon_Handler) for DebugMon_Handler
    startup_stm32f103xb.o(RESET) refers to stm32f1xx_it.o(i.PendSV_Handler) for PendSV_Handler
    startup_stm32f103xb.o(RESET) refers to stm32f1xx_it.o(i.SysTick_Handler) for SysTick_Handler
    startup_stm32f103xb.o(RESET) refers to stm32f1xx_it.o(i.USB_LP_CAN1_RX0_IRQHandler) for USB_LP_CAN1_RX0_IRQHandler
    startup_stm32f103xb.o(.text) refers to system_stm32f1xx.o(i.SystemInit) for SystemInit
    startup_stm32f103xb.o(.text) refers to entry.o(.ARM.Collect$$$$00000000) for __main
    fat32.o(i._fat32_read_dir_entry) refers to memseta.o(.text) for __aeabi_memclr
    fat32.o(i._fat32_write_firmware) refers to stm32f1xx_hal_flash.o(i.HAL_FLASH_Unlock) for HAL_FLASH_Unlock
    fat32.o(i._fat32_write_firmware) refers to ihex_parser.o(i.ihex_is_crypt_mode) for ihex_is_crypt_mode
    fat32.o(i._fat32_write_firmware) refers to crypt.o(i.crypt_decrypt) for crypt_decrypt
    fat32.o(i._fat32_write_firmware) refers to stm32f1xx_hal_flash_ex.o(i.HAL_FLASHEx_Erase) for HAL_FLASHEx_Erase
    fat32.o(i._fat32_write_firmware) refers to stm32f1xx_hal_flash.o(i.HAL_FLASH_Program) for HAL_FLASH_Program
    fat32.o(i._fat32_write_firmware) refers to stm32f1xx_hal_flash.o(i.HAL_FLASH_Lock) for HAL_FLASH_Lock
    fat32.o(i.fat32_read) refers to fat32.o(i._fat32_read_fat_table) for _fat32_read_fat_table
    fat32.o(i.fat32_read) refers to memcpya.o(.text) for __aeabi_memcpy
    fat32.o(i.fat32_read) refers to memseta.o(.text) for __aeabi_memclr
    fat32.o(i.fat32_read) refers to fat32.o(i._fat32_read_dir_entry) for _fat32_read_dir_entry
    fat32.o(i.fat32_read) refers to fat32.o(.constdata) for .constdata
    fat32.o(i.fat32_write) refers to ihex_parser.o(i.ihex_reset_state) for ihex_reset_state
    fat32.o(i.fat32_write) refers to ihex_parser.o(i.ihex_set_callback_func) for ihex_set_callback_func
    fat32.o(i.fat32_write) refers to ihex_parser.o(i.ihex_parser) for ihex_parser
    fat32.o(i.fat32_write) refers to fat32.o(i._fat32_write_firmware) for _fat32_write_firmware
    main.o(i.SystemClock_Config) refers to stm32f1xx_ll_utils.o(i.LL_Init1msTick) for LL_Init1msTick
    main.o(i.SystemClock_Config) refers to stm32f1xx_ll_utils.o(i.LL_SetSystemCoreClock) for LL_SetSystemCoreClock
    main.o(i.SystemReset) refers to stm32f1xx_ll_utils.o(i.LL_mDelay) for LL_mDelay
    main.o(i.SystemReset) refers to stm32f1xx_hal_pcd.o(i.HAL_PCD_Stop) for HAL_PCD_Stop
    main.o(i.SystemReset) refers to usbd_conf.o(.bss) for hpcd_USB_FS
    main.o(i.main) refers to stm32f1xx_hal.o(i.HAL_Init) for HAL_Init
    main.o(i.main) refers to main.o(i.SystemClock_Config) for SystemClock_Config
    main.o(i.main) refers to memseta.o(.text) for __aeabi_memclr4
    main.o(i.main) refers to stm32f1xx_ll_gpio.o(i.LL_GPIO_Init) for LL_GPIO_Init
    main.o(i.main) refers to main.o(i.is_appcode_exist) for is_appcode_exist
    main.o(i.main) refers to main.o(i.is_button_down) for is_button_down
    main.o(i.main) refers to crypt.o(i.crypt_init) for crypt_init
    main.o(i.main) refers to usb_device.o(i.MX_USB_DEVICE_Init) for MX_USB_DEVICE_Init
    main.o(i.main) refers to ihex_parser.o(i.ihex_is_eof) for ihex_is_eof
    main.o(i.main) refers to main.o(i.SystemReset) for SystemReset
    main.o(i.main) refers to stm32f1xx_hal.o(i.HAL_DeInit) for HAL_DeInit
    main.o(i.main) refers to main.o(.data) for .data
    usb_device.o(i.MX_USB_DEVICE_Init) refers to usbd_core.o(i.USBD_Init) for USBD_Init
    usb_device.o(i.MX_USB_DEVICE_Init) refers to main.o(i.Error_Handler) for Error_Handler
    usb_device.o(i.MX_USB_DEVICE_Init) refers to usbd_core.o(i.USBD_RegisterClass) for USBD_RegisterClass
    usb_device.o(i.MX_USB_DEVICE_Init) refers to usbd_msc.o(i.USBD_MSC_RegisterStorage) for USBD_MSC_RegisterStorage
    usb_device.o(i.MX_USB_DEVICE_Init) refers to usbd_core.o(i.USBD_Start) for USBD_Start
    usb_device.o(i.MX_USB_DEVICE_Init) refers to usbd_desc.o(.data) for FS_Desc
[...]
    ..\Src\aes.c                             0x00000000   Number         0  aes.o ABSOLUTE
    ..\Src\crypt.c                           0x00000000   Number         0  crypt.o ABSOLUTE
    ..\Src\fat32.c                           0x00000000   Number         0  fat32.o ABSOLUTE
    ..\Src\ihex_parser.c                     0x00000000   Number         0  ihex_parser.o ABSOLUTE
    ..\Src\main.c                            0x00000000   Number         0  main.o ABSOLUTE
    ..\Src\stm32f1xx_hal_msp.c               0x00000000   Number         0  stm32f1xx_hal_msp.o ABSOLUTE
    ..\Src\stm32f1xx_it.c                    0x00000000   Number         0  stm32f1xx_it.o ABSOLUTE
    ..\Src\system_stm32f1xx.c                0x00000000   Number         0  system_stm32f1xx.o ABSOLUTE
    ..\Src\usb_device.c                      0x00000000   Number         0  usb_device.o ABSOLUTE
    ..\Src\usbd_conf.c                       0x00000000   Number         0  usbd_conf.o ABSOLUTE
    ..\Src\usbd_desc.c                       0x00000000   Number         0  usbd_desc.o ABSOLUTE
    ..\Src\usbd_storage_if.c                 0x00000000   Number         0  usbd_storage_if.o ABSOLUTE
    ..\\Src\\fat32.c                         0x00000000   Number         0  fat32.o ABSOLUTE
    ..\\Src\\ihex_parser.c                   0x00000000   Number         0  ihex_parser.o ABSOLUTE
    dc.s                                     0x00000000   Number         0  dc.o ABSOLUTE
    handlers.s                               0x00000000   Number         0  handlers.o ABSOLUTE
    init.s                                   0x00000000   Number         0  init.o ABSOLUTE
    startup_stm32f103xb.s                    0x00000000   Number         0  startup_stm32f103xb.o ABSOLUTE
    RESET                                    0x08000000   Section      236  startup_stm32f103xb.o(RESET)
    .ARM.Collect$$$$00000000                 0x080000ec   Section        0  entry.o(.ARM.Collect$$$$00000000)
    .ARM.Collect$$$$00000001                 0x080000ec   Section        4  entry2.o(.ARM.Collect$$$$00000001)
    .ARM.Collect$$$$00000004                 0x080000f0   Section        4  entry5.o(.ARM.Collect$$$$00000004)
    .ARM.Collect$$$$00000008                 0x080000f4   Section        0  entry7b.o(.ARM.Collect$$$$00000008)
    .ARM.Collect$$$$0000000A                 0x080000f4   Section        0  entry8b.o(.ARM.Collect$$$$0000000A)
    .ARM.Collect$$$$0000000B                 0x080000f4   Section        8  entry9a.o(.ARM.Collect$$$$0000000B)
    .ARM.Collect$$$$0000000E                 0x080000fc   Section        4  entry12b.o(.ARM.Collect$$$$0000000E)
    .ARM.Collect$$$$0000000F                 0x08000100   Section        0  entry10a.o(.ARM.Collect$$$$0000000F)
    .ARM.Collect$$$$00000011                 0x08000100   Section        0  entry11a.o(.ARM.Collect$$$$00000011)
    .ARM.Collect$$$$00002712                 0x08000100   Section        4  entry2.o(.ARM.Collect$$$$00002712)
    __lit__00000000                          0x08000100   Data           4  entry2.o(.ARM.Collect$$$$00002712)
    .text                                    0x08000104   Section       36  startup_stm32f103xb.o(.text)
    .text                                    0x08000128   Section        0  llushr.o(.text)
    .text                                    0x08000148   Section        0  memcpya.o(.text)
    .text                                    0x0800016c   Section        0  memseta.o(.text)
    .text                                    0x08000190   Section       36  init.o(.text)
    .text                                    0x080001b4   Section        0  __dczerorl2.o(.text)
    i.AES_CTR_xcrypt_buffer                  0x0800020a   Section        0  aes.o(i.AES_CTR_xcrypt_buffer)
    i.AES_ctx_set_iv                         0x08000252   Section        0  aes.o(i.AES_ctx_set_iv)
    i.AES_init_ctx                           0x0800025a   Section        0  aes.o(i.AES_init_ctx)
    i.AddRoundKey                            0x0800025e   Section        0  aes.o(i.AddRoundKey)
    AddRoundKey                              0x0800025f   Thumb Code    48  aes.o(i.AddRoundKey)
    i.BusFault_Handler                       0x0800028e   Section        0  stm32f1xx_it.o(i.BusFault_Handler)
    i.Cipher                                 0x08000290   Section        0  aes.o(i.Cipher)
    Cipher                                   0x08000291   Thumb Code   142  aes.o(i.Cipher)
    i.DebugMon_Handler                       0x08000324   Section        0  stm32f1xx_it.o(i.DebugMon_Handler)
    i.Error_Handler                          0x08000326   Section        0  main.o(i.Error_Handler)
    i.FLASH_MassErase                        0x08000328   Section        0  stm32f1xx_hal_flash_ex.o(i.FLASH_MassErase)
    FLASH_MassErase                          0x08000329   Thumb Code    26  stm32f1xx_hal_flash_ex.o(i.FLASH_MassErase)
    i.FLASH_PageErase                        0x0800034c   Section        0  stm32f1xx_hal_flash_ex.o(i.FLASH_PageErase)
    i.FLASH_Program_HalfWord                 0x08000370   Section        0  stm32f1xx_hal_flash.o(i.FLASH_Program_HalfWord)
    FLASH_Program_HalfWord                   0x08000371   Thumb Code    20  stm32f1xx_hal_flash.o(i.FLASH_Program_HalfWord)
    i.FLASH_SetErrorCode                     0x0800038c   Section        0  stm32f1xx_hal_flash.o(i.FLASH_SetErrorCode)
    FLASH_SetErrorCode                       0x0800038d   Thumb Code    84  stm32f1xx_hal_flash.o(i.FLASH_SetErrorCode)
    i.FLASH_WaitForLastOperation             0x080003e8   Section        0  stm32f1xx_hal_flash.o(i.FLASH_WaitForLastOperation)
    i.GenNewIV                               0x0800043c   Section        0  aes.o(i.GenNewIV)
    i.HAL_DeInit                             0x08000494   Section        0  stm32f1xx_hal.o(i.HAL_DeInit)
    i.HAL_FLASHEx_Erase                      0x080004b4   Section        0  stm32f1xx_hal_flash_ex.o(i.HAL_FLASHEx_Erase)
    i.HAL_FLASH_Lock                         0x0800055c   Section        0  stm32f1xx_hal_flash.o(i.HAL_FLASH_Lock)
    i.HAL_FLASH_Program                      0x08000570   Section        0  stm32f1xx_hal_flash.o(i.HAL_FLASH_Program)
    i.HAL_FLASH_Unlock                       0x080005f0   Section        0  stm32f1xx_hal_flash.o(i.HAL_FLASH_Unlock)
    i.HAL_GetTick                            0x08000618   Section        0  stm32f1xx_hal.o(i.HAL_GetTick)
    i.HAL_IncTick                            0x08000624   Section        0  stm32f1xx_hal.o(i.HAL_IncTick)
    i.HAL_Init                               0x08000634   Section        0  stm32f1xx_hal.o(i.HAL_Init)
    i.HAL_InitTick                           0x08000658   Section        0  stm32f1xx_hal.o(i.HAL_InitTick)
    i.HAL_MspDeInit                          0x08000698   Section        0  stm32f1xx_hal.o(i.HAL_MspDeInit)
    i.HAL_MspInit                            0x0800069c   Section        0  stm32f1xx_hal_msp.o(i.HAL_MspInit)
    i.HAL_NVIC_EnableIRQ                     0x080006d8   Section        0  stm32f1xx_hal_cortex.o(i.HAL_NVIC_EnableIRQ)
    i.HAL_NVIC_SetPriority                   0x080006f0   Section        0  stm32f1xx_hal_cortex.o(i.HAL_NVIC_SetPriority)
    i.HAL_NVIC_SetPriorityGrouping           0x08000730   Section        0  stm32f1xx_hal_cortex.o(i.HAL_NVIC_SetPriorityGrouping)
    i.HAL_PCDEx_PMAConfig                    0x08000754   Section        0  stm32f1xx_hal_pcd_ex.o(i.HAL_PCDEx_PMAConfig)
    i.HAL_PCDEx_SetConnectionState           0x08000788   Section        0  usbd_conf.o(i.HAL_PCDEx_SetConnectionState)
    i.HAL_PCD_DataInStageCallback            0x0800078a   Section        0  usbd_conf.o(i.HAL_PCD_DataInStageCallback)
    i.HAL_PCD_DataOutStageCallback           0x08000798   Section        0  usbd_conf.o(i.HAL_PCD_DataOutStageCallback)
    i.HAL_PCD_EP_Close                       0x080007a8   Section        0  stm32f1xx_hal_pcd.o(i.HAL_PCD_EP_Close)
    i.HAL_PCD_EP_ClrStall                    0x080007e8   Section        0  stm32f1xx_hal_pcd.o(i.HAL_PCD_EP_ClrStall)
    i.HAL_PCD_EP_Flush                       0x08000830   Section        0  stm32f1xx_hal_pcd.o(i.HAL_PCD_EP_Flush)
    i.HAL_PCD_EP_GetRxCount                  0x08000864   Section        0  stm32f1xx_hal_pcd.o(i.HAL_PCD_EP_GetRxCount)
    i.HAL_PCD_EP_Open                        0x08000874   Section        0  stm32f1xx_hal_pcd.o(i.HAL_PCD_EP_Open)
    i.HAL_PCD_EP_Receive                     0x080008b8   Section        0  stm32f1xx_hal_pcd.o(i.HAL_PCD_EP_Receive)
    i.HAL_PCD_EP_SetStall                    0x080008e6   Section        0  stm32f1xx_hal_pcd.o(i.HAL_PCD_EP_SetStall)
    i.HAL_PCD_EP_Transmit                    0x0800093c   Section        0  stm32f1xx_hal_pcd.o(i.HAL_PCD_EP_Transmit)
    i.HAL_PCD_IRQHandler                     0x08000966   Section        0  stm32f1xx_hal_pcd.o(i.HAL_PCD_IRQHandler)
    i.HAL_PCD_Init                           0x08000a74   Section        0  stm32f1xx_hal_pcd.o(i.HAL_PCD_Init)
    i.HAL_PCD_MspInit                        0x08000b34   Section        0  usbd_conf.o(i.HAL_PCD_MspInit)
    i.HAL_PCD_ResetCallback                  0x08000b70   Section        0  usbd_conf.o(i.HAL_PCD_ResetCallback)
    i.HAL_PCD_ResumeCallback                 0x08000b96   Section        0  usbd_conf.o(i.HAL_PCD_ResumeCallback)
    i.HAL_PCD_SOFCallback                    0x08000b9e   Section        0  usbd_conf.o(i.HAL_PCD_SOFCallback)
    i.HAL_PCD_SetAddress                     0x08000ba6   Section        0  stm32f1xx_hal_pcd.o(i.HAL_PCD_SetAddress)
    i.HAL_PCD_SetupStageCallback             0x08000bce   Section        0  usbd_conf.o(i.HAL_PCD_SetupStageCallback)
    i.HAL_PCD_Start                          0x08000bdc   Section        0  stm32f1xx_hal_pcd.o(i.HAL_PCD_Start)
    i.HAL_PCD_Stop                           0x08000c0e   Section        0  stm32f1xx_hal_pcd.o(i.HAL_PCD_Stop)
    i.HAL_PCD_SuspendCallback                0x08000c40   Section        0  usbd_conf.o(i.HAL_PCD_SuspendCallback)
    i.HAL_SYSTICK_Config                     0x08000c64   Section        0  stm32f1xx_hal_cortex.o(i.HAL_SYSTICK_Config)
    i.HardFault_Handler                      0x08000c8c   Section        0  stm32f1xx_it.o(i.HardFault_Handler)
    i.IntToUnicode                           0x08000c90   Section        0  usbd_desc.o(i.IntToUnicode)
    IntToUnicode                             0x08000c91   Thumb Code    56  usbd_desc.o(i.IntToUnicode)
    i.KeyExpansion                           0x08000cc8   Section        0  aes.o(i.KeyExpansion)
    KeyExpansion                             0x08000cc9   Thumb Code   208  aes.o(i.KeyExpansion)
    i.LL_GPIO_Init                           0x08000da0   Section        0  stm32f1xx_ll_gpio.o(i.LL_GPIO_Init)
    i.LL_Init1msTick                         0x08000e90   Section        0  stm32f1xx_ll_utils.o(i.LL_Init1msTick)
    i.LL_SetSystemCoreClock                  0x08000eac   Section        0  stm32f1xx_ll_utils.o(i.LL_SetSystemCoreClock)
    i.LL_mDelay                              0x08000eb8   Section        0  stm32f1xx_ll_utils.o(i.LL_mDelay)
    i.MSC_BOT_Abort                          0x08000ed6   Section        0  usbd_msc_bot.o(i.MSC_BOT_Abort)
    MSC_BOT_Abort                            0x08000ed7   Thumb Code    66  usbd_msc_bot.o(i.MSC_BOT_Abort)
    i.MSC_BOT_CBW_Decode                     0x08000f18   Section        0  usbd_msc_bot.o(i.MSC_BOT_CBW_Decode)
    MSC_BOT_CBW_Decode                       0x08000f19   Thumb Code   198  usbd_msc_bot.o(i.MSC_BOT_CBW_Decode)
    i.MSC_BOT_CplClrFeature                  0x08000fe4   Section        0  usbd_msc_bot.o(i.MSC_BOT_CplClrFeature)
    i.MSC_BOT_DataIn                         0x0800100e   Section        0  usbd_msc_bot.o(i.MSC_BOT_DataIn)
    i.MSC_BOT_DataOut                        0x08001048   Section        0  usbd_msc_bot.o(i.MSC_BOT_DataOut)
    i.MSC_BOT_DeInit                         0x08001082   Section        0  usbd_msc_bot.o(i.MSC_BOT_DeInit)
    i.MSC_BOT_Init                           0x0800108c   Section        0  usbd_msc_bot.o(i.MSC_BOT_Init)
    i.MSC_BOT_Reset                          0x080010ce   Section        0  usbd_msc_bot.o(i.MSC_BOT_Reset)
    i.MSC_BOT_SendCSW                        0x080010e4   Section        0  usbd_msc_bot.o(i.MSC_BOT_SendCSW)
    i.MX_USB_DEVICE_Init                     0x08001120   Section        0  usb_device.o(i.MX_USB_DEVICE_Init)
    i.MemManage_Handler                      0x08001174   Section        0  stm32f1xx_it.o(i.MemManage_Handler)
    i.MixColumns                             0x08001178   Section        0  aes.o(i.MixColumns)
    MixColumns                               0x08001179   Thumb Code   154  aes.o(i.MixColumns)
    i.NMI_Handler                            0x08001212   Section        0  stm32f1xx_it.o(i.NMI_Handler)
    i.NVIC_SetPriority                       0x08001214   Section        0  stm32f1xx_hal_cortex.o(i.NVIC_SetPriority)
    NVIC_SetPriority                         0x08001215   Thumb Code    32  stm32f1xx_hal_cortex.o(i.NVIC_SetPriority)
    i.PCD_EP_ISR_Handler                     0x08001234   Section        0  stm32f1xx_hal_pcd.o(i.PCD_EP_ISR_Handler)
    PCD_EP_ISR_Handler                       0x08001235   Thumb Code   866  stm32f1xx_hal_pcd.o(i.PCD_EP_ISR_Handler)
    i.PendSV_Handler                         0x08001596   Section        0  stm32f1xx_it.o(i.PendSV_Handler)
    i.SCSI_CheckAddressRange                 0x08001598   Section        0  usbd_msc_scsi.o(i.SCSI_CheckAddressRange)
    SCSI_CheckAddressRange                   0x08001599   Thumb Code    34  usbd_msc_scsi.o(i.SCSI_CheckAddressRange)
    i.SCSI_ProcessCmd                        0x080015bc   Section        0  usbd_msc_scsi.o(i.SCSI_ProcessCmd)
    i.SCSI_ProcessRead                       0x08001788   Section        0  usbd_msc_scsi.o(i.SCSI_ProcessRead)
    SCSI_ProcessRead                         0x08001789   Thumb Code   140  usbd_msc_scsi.o(i.SCSI_ProcessRead)
    i.SCSI_ProcessWrite                      0x08001814   Section        0  usbd_msc_scsi.o(i.SCSI_ProcessWrite)
    SCSI_ProcessWrite                        0x08001815   Thumb Code   152  usbd_msc_scsi.o(i.SCSI_ProcessWrite)
    i.SCSI_Read10                            0x080018ac   Section        0  usbd_msc_scsi.o(i.SCSI_Read10)
    SCSI_Read10                              0x080018ad   Thumb Code   172  usbd_msc_scsi.o(i.SCSI_Read10)
    i.SCSI_ReadCapacity10                    0x08001958   Section        0  usbd_msc_scsi.o(i.SCSI_ReadCapacity10)
    SCSI_ReadCapacity10                      0x08001959   Thumb Code    86  usbd_msc_scsi.o(i.SCSI_ReadCapacity10)
    i.SCSI_ReadFormatCapacity                0x080019ae   Section        0  usbd_msc_scsi.o(i.SCSI_ReadFormatCapacity)
    SCSI_ReadFormatCapacity                  0x080019af   Thumb Code   110  usbd_msc_scsi.o(i.SCSI_ReadFormatCapacity)
    i.SCSI_SenseCode                         0x08001a1c   Section        0  usbd_msc_scsi.o(i.SCSI_SenseCode)
    i.SCSI_Write10                           0x08001a52   Section        0  usbd_msc_scsi.o(i.SCSI_Write10)
    SCSI_Write10                             0x08001a53   Thumb Code   204  usbd_msc_scsi.o(i.SCSI_Write10)
    i.STORAGE_GetCapacity_FS                 0x08001b1e   Section        0  usbd_storage_if.o(i.STORAGE_GetCapacity_FS)
    STORAGE_GetCapacity_FS                   0x08001b1f   Thumb Code    16  usbd_storage_if.o(i.STORAGE_GetCapacity_FS)
    i.STORAGE_GetMaxLun_FS                   0x08001b2e   Section        0  usbd_storage_if.o(i.STORAGE_GetMaxLun_FS)
    STORAGE_GetMaxLun_FS                     0x08001b2f   Thumb Code     4  usbd_storage_if.o(i.STORAGE_GetMaxLun_FS)
    i.STORAGE_Init_FS                        0x08001b32   Section        0  usbd_storage_if.o(i.STORAGE_Init_FS)
    STORAGE_Init_FS                          0x08001b33   Thumb Code     4  usbd_storage_if.o(i.STORAGE_Init_FS)
    i.STORAGE_IsReady_FS                     0x08001b36   Section        0  usbd_storage_if.o(i.STORAGE_IsReady_FS)
    STORAGE_IsReady_FS                       0x08001b37   Thumb Code     4  usbd_storage_if.o(i.STORAGE_IsReady_FS)
    i.STORAGE_IsWriteProtected_FS            0x08001b3a   Section        0  usbd_storage_if.o(i.STORAGE_IsWriteProtected_FS)
    STORAGE_IsWriteProtected_FS              0x08001b3b   Thumb Code     4  usbd_storage_if.o(i.STORAGE_IsWriteProtected_FS)
    i.STORAGE_Read_FS                        0x08001b3e   Section        0  usbd_storage_if.o(i.STORAGE_Read_FS)
    STORAGE_Read_FS                          0x08001b3f   Thumb Code    44  usbd_storage_if.o(i.STORAGE_Read_FS)
    i.STORAGE_Write_FS                       0x08001b6a   Section        0  usbd_storage_if.o(i.STORAGE_Write_FS)
    STORAGE_Write_FS                         0x08001b6b   Thumb Code    44  usbd_storage_if.o(i.STORAGE_Write_FS)
    i.SVC_Handler                            0x08001b96   Section        0  stm32f1xx_it.o(i.SVC_Handler)
    i.SysTick_Handler                        0x08001b98   Section        0  stm32f1xx_it.o(i.SysTick_Handler)
    i.SystemClock_Config                     0x08001b9c   Section        0  main.o(i.SystemClock_Config)
    i.SystemInit                             0x08001c50   Section        0  system_stm32f1xx.o(i.SystemInit)
    i.SystemReset                            0x08001c98   Section        0  main.o(i.SystemReset)
    i.USBD_ClrClassConfig                    0x08001cd4   Section        0  usbd_core.o(i.USBD_ClrClassConfig)
    i.USBD_CtlContinueRx                     0x08001ce2   Section        0  usbd_ioreq.o(i.USBD_CtlContinueRx)
    i.USBD_CtlContinueSendData               0x08001cf2   Section        0  usbd_ioreq.o(i.USBD_CtlContinueSendData)
    i.USBD_CtlError                          0x08001d02   Section        0  usbd_ctlreq.o(i.USBD_CtlError)
    i.USBD_CtlReceiveStatus                  0x08001d18   Section        0  usbd_ioreq.o(i.USBD_CtlReceiveStatus)
    i.USBD_CtlSendData                       0x08001d2e   Section        0  usbd_ioreq.o(i.USBD_CtlSendData)
    i.USBD_CtlSendStatus                     0x08001d48   Section        0  usbd_ioreq.o(i.USBD_CtlSendStatus)
    i.USBD_FS_ConfigStrDescriptor            0x08001d60   Section        0  usbd_desc.o(i.USBD_FS_ConfigStrDescriptor)
    i.USBD_FS_DeviceDescriptor               0x08001d80   Section        0  usbd_desc.o(i.USBD_FS_DeviceDescriptor)
    i.USBD_FS_InterfaceStrDescriptor         0x08001d8c   Section        0  usbd_desc.o(i.USBD_FS_InterfaceStrDescriptor)
    i.USBD_FS_LangIDStrDescriptor            0x08001db0   Section        0  usbd_desc.o(i.USBD_FS_LangIDStrDescriptor)
    i.USBD_FS_ManufacturerStrDescriptor      0x08001dbc   Section        0  usbd_desc.o(i.USBD_FS_ManufacturerStrDescriptor)
    i.USBD_FS_ProductStrDescriptor           0x08001de4   Section        0  usbd_desc.o(i.USBD_FS_ProductStrDescriptor)
    i.USBD_FS_SerialStrDescriptor            0x08001e0c   Section        0  usbd_desc.o(i.USBD_FS_SerialStrDescriptor)
    i.USBD_GetDescriptor                     0x08001e44   Section        0  usbd_ctlreq.o(i.USBD_GetDescriptor)
    USBD_GetDescriptor                       0x08001e45   Thumb Code   224  usbd_ctlreq.o(i.USBD_GetDescriptor)
    i.USBD_GetString                         0x08001f24   Section        0  usbd_ctlreq.o(i.USBD_GetString)
    i.USBD_Get_USB_Status                    0x08001f6a   Section        0  usbd_conf.o(i.USBD_Get_USB_Status)
    USBD_Get_USB_Status                      0x08001f6b   Thumb Code    24  usbd_conf.o(i.USBD_Get_USB_Status)
    i.USBD_Init                              0x08001f82   Section        0  usbd_core.o(i.USBD_Init)
    i.USBD_LL_ClearStallEP                   0x08001fac   Section        0  usbd_conf.o(i.USBD_LL_ClearStallEP)
    i.USBD_LL_CloseEP                        0x08001fbe   Section        0  usbd_conf.o(i.USBD_LL_CloseEP)
    i.USBD_LL_DataInStage                    0x08001fd0   Section        0  usbd_core.o(i.USBD_LL_DataInStage)
    i.USBD_LL_DataOutStage                   0x0800207a   Section        0  usbd_core.o(i.USBD_LL_DataOutStage)
    i.USBD_LL_FlushEP                        0x080020e4   Section        0  usbd_conf.o(i.USBD_LL_FlushEP)
    i.USBD_LL_GetRxDataSize                  0x080020f6   Section        0  usbd_conf.o(i.USBD_LL_GetRxDataSize)
    i.USBD_LL_Init                           0x08002100   Section        0  usbd_conf.o(i.USBD_LL_Init)
    i.USBD_LL_IsStallEP                      0x08002170   Section        0  usbd_conf.o(i.USBD_LL_IsStallEP)
    i.USBD_LL_OpenEP                         0x0800218c   Section        0  usbd_conf.o(i.USBD_LL_OpenEP)
    i.USBD_LL_PrepareReceive                 0x080021a4   Section        0  usbd_conf.o(i.USBD_LL_PrepareReceive)
    i.USBD_LL_Reset                          0x080021b6   Section        0  usbd_core.o(i.USBD_LL_Reset)
    i.USBD_LL_Resume                         0x080021f4   Section        0  usbd_core.o(i.USBD_LL_Resume)
    i.USBD_LL_SOF                            0x08002200   Section        0  usbd_core.o(i.USBD_LL_SOF)
    i.USBD_LL_SetSpeed                       0x08002218   Section        0  usbd_core.o(i.USBD_LL_SetSpeed)
    i.USBD_LL_SetUSBAddress                  0x0800221e   Section        0  usbd_conf.o(i.USBD_LL_SetUSBAddress)
    i.USBD_LL_SetupStage                     0x08002230   Section        0  usbd_core.o(i.USBD_LL_SetupStage)
    i.USBD_LL_StallEP                        0x0800228a   Section        0  usbd_conf.o(i.USBD_LL_StallEP)
    i.USBD_LL_Start                          0x0800229c   Section        0  usbd_conf.o(i.USBD_LL_Start)
    i.USBD_LL_Suspend                        0x080022ae   Section        0  usbd_core.o(i.USBD_LL_Suspend)
    i.USBD_LL_Transmit                       0x080022c0   Section        0  usbd_conf.o(i.USBD_LL_Transmit)
    i.USBD_MSC_DataIn                        0x080022d2   Section        0  usbd_msc.o(i.USBD_MSC_DataIn)
    i.USBD_MSC_DataOut                       0x080022dc   Section        0  usbd_msc.o(i.USBD_MSC_DataOut)
    i.USBD_MSC_DeInit                        0x080022e6   Section        0  usbd_msc.o(i.USBD_MSC_DeInit)
    i.USBD_MSC_GetDeviceQualifierDescriptor  0x08002314   Section        0  usbd_msc.o(i.USBD_MSC_GetDeviceQualifierDescriptor)
    i.USBD_MSC_GetFSCfgDesc                  0x08002320   Section        0  usbd_msc.o(i.USBD_MSC_GetFSCfgDesc)
    i.USBD_MSC_GetHSCfgDesc                  0x0800232c   Section        0  usbd_msc.o(i.USBD_MSC_GetHSCfgDesc)
    i.USBD_MSC_GetOtherSpeedCfgDesc          0x08002338   Section        0  usbd_msc.o(i.USBD_MSC_GetOtherSpeedCfgDesc)
    i.USBD_MSC_Init                          0x08002344   Section        0  usbd_msc.o(i.USBD_MSC_Init)
    i.USBD_MSC_RegisterStorage               0x08002396   Section        0  usbd_msc.o(i.USBD_MSC_RegisterStorage)
    i.USBD_MSC_Setup                         0x080023a0   Section        0  usbd_msc.o(i.USBD_MSC_Setup)
    i.USBD_ParseSetupRequest                 0x08002462   Section        0  usbd_ctlreq.o(i.USBD_ParseSetupRequest)
    i.USBD_RegisterClass                     0x0800248a   Section        0  usbd_core.o(i.USBD_RegisterClass)
    i.USBD_SetClassConfig                    0x0800249a   Section        0  usbd_core.o(i.USBD_SetClassConfig)
    i.USBD_SetConfig                         0x080024b0   Section        0  usbd_ctlreq.o(i.USBD_SetConfig)
    USBD_SetConfig                           0x080024b1   Thumb Code   110  usbd_ctlreq.o(i.USBD_SetConfig)
    i.USBD_Start                             0x08002524   Section        0  usbd_core.o(i.USBD_Start)
    i.USBD_StdDevReq                         0x0800252e   Section        0  usbd_ctlreq.o(i.USBD_StdDevReq)
    i.USBD_StdEPReq                          0x08002620   Section        0  usbd_ctlreq.o(i.USBD_StdEPReq)
    i.USBD_StdItfReq                         0x080026fc   Section        0  usbd_ctlreq.o(i.USBD_StdItfReq)
    i.USBD_static_free                       0x08002730   Section        0  usbd_conf.o(i.USBD_static_free)
    i.USBD_static_malloc                     0x08002734   Section        0  usbd_conf.o(i.USBD_static_malloc)
    i.USB_ActivateEndpoint                   0x0800273c   Section        0  stm32f1xx_ll_usb.o(i.USB_ActivateEndpoint)
    i.USB_CoreInit                           0x08002998   Section        0  stm32f1xx_ll_usb.o(i.USB_CoreInit)
    i.USB_DeactivateEndpoint                 0x0800299c   Section        0  stm32f1xx_ll_usb.o(i.USB_DeactivateEndpoint)
    i.USB_DevConnect                         0x08002ac0   Section        0  stm32f1xx_ll_usb.o(i.USB_DevConnect)
    i.USB_DevDisconnect                      0x08002ac4   Section        0  stm32f1xx_ll_usb.o(i.USB_DevDisconnect)
    i.USB_DevInit                            0x08002ac8   Section        0  stm32f1xx_ll_usb.o(i.USB_DevInit)
    i.USB_DisableGlobalInt                   0x08002ae6   Section        0  stm32f1xx_ll_usb.o(i.USB_DisableGlobalInt)
    i.USB_EP0_OutStart                       0x08002af4   Section        0  stm32f1xx_ll_usb.o(i.USB_EP0_OutStart)
    i.USB_EPClearStall                       0x08002af8   Section        0  stm32f1xx_ll_usb.o(i.USB_EPClearStall)
    i.USB_EPSetStall                         0x08002b62   Section        0  stm32f1xx_ll_usb.o(i.USB_EPSetStall)
    i.USB_EPStartXfer                        0x08002bac   Section        0  stm32f1xx_ll_usb.o(i.USB_EPStartXfer)
    i.USB_EnableGlobalInt                    0x08002d56   Section        0  stm32f1xx_ll_usb.o(i.USB_EnableGlobalInt)
    i.USB_FlushRxFifo                        0x08002d64   Section        0  stm32f1xx_ll_usb.o(i.USB_FlushRxFifo)
    i.USB_FlushTxFifo                        0x08002d68   Section        0  stm32f1xx_ll_usb.o(i.USB_FlushTxFifo)
    i.USB_LP_CAN1_RX0_IRQHandler             0x08002d6c   Section        0  stm32f1xx_it.o(i.USB_LP_CAN1_RX0_IRQHandler)
    i.USB_ReadInterrupts                     0x08002d78   Section        0  stm32f1xx_ll_usb.o(i.USB_ReadInterrupts)
    i.USB_ReadPMA                            0x08002d80   Section        0  stm32f1xx_ll_usb.o(i.USB_ReadPMA)
    i.USB_SetCurrentMode                     0x08002d9e   Section        0  stm32f1xx_ll_usb.o(i.USB_SetCurrentMode)
    i.USB_SetDevAddress                      0x08002da2   Section        0  stm32f1xx_ll_usb.o(i.USB_SetDevAddress)
    i.USB_StopDevice                         0x08002dae   Section        0  stm32f1xx_ll_usb.o(i.USB_StopDevice)
    i.USB_WritePMA                           0x08002dc0   Section        0  stm32f1xx_ll_usb.o(i.USB_WritePMA)
    i.UsageFault_Handler                     0x08002de6   Section        0  stm32f1xx_it.o(i.UsageFault_Handler)
    i.__scatterload_copy                     0x08002de8   Section       14  handlers.o(i.__scatterload_copy)
    i.__scatterload_null                     0x08002df6   Section        2  handlers.o(i.__scatterload_null)
    i.__scatterload_zeroinit                 0x08002df8   Section       14  handlers.o(i.__scatterload_zeroinit)
    i._fat32_read_dir_entry                  0x08002e08   Section        0  fat32.o(i._fat32_read_dir_entry)
    _fat32_read_dir_entry                    0x08002e09   Thumb Code   112  fat32.o(i._fat32_read_dir_entry)
    i._fat32_read_fat_table                  0x08002e90   Section        0  fat32.o(i._fat32_read_fat_table)
    _fat32_read_fat_table                    0x08002e91   Thumb Code   112  fat32.o(i._fat32_read_fat_table)
    i._fat32_write_firmware                  0x08002f08   Section        0  fat32.o(i._fat32_write_firmware)
    _fat32_write_firmware                    0x08002f09   Thumb Code   290  fat32.o(i._fat32_write_firmware)
    i.crypt_decrypt                          0x08003034   Section        0  crypt.o(i.crypt_decrypt)
    i.crypt_init                             0x0800305c   Section        0  crypt.o(i.crypt_init)
    i.fat32_read                             0x0800306c   Section        0  fat32.o(i.fat32_read)
    i.fat32_write                            0x0800312c   Section        0  fat32.o(i.fat32_write)
    i.gen_iv_by_lfsr                         0x08003180   Section        0  crypt.o(i.gen_iv_by_lfsr)
    gen_iv_by_lfsr                           0x08003181   Thumb Code   166  crypt.o(i.gen_iv_by_lfsr)
    i.ihex_is_crypt_mode                     0x0800322c   Section        0  ihex_parser.o(i.ihex_is_crypt_mode)
    i.ihex_is_eof                            0x08003238   Section        0  ihex_parser.o(i.ihex_is_eof)
    i.ihex_parser                            0x08003244   Section        0  ihex_parser.o(i.ihex_parser)
    i.ihex_reset_state                       0x080033e8   Section        0  ihex_parser.o(i.ihex_reset_state)
    i.ihex_set_callback_func                 0x08003400   Section        0  ihex_parser.o(i.ihex_set_callback_func)
    i.is_appcode_exist                       0x0800340c   Section        0  main.o(i.is_appcode_exist)
    i.is_button_down                         0x0800343c   Section        0  main.o(i.is_button_down)
    i.main                                   0x08003450   Section        0  main.o(i.main)
    .constdata                               0x08003500   Section       90  fat32.o(.constdata)
    FAT32_MBR_DATA0                          0x08003500   Data          90  fat32.o(.constdata)
    .constdata                               0x0800355a   Section       36  usbd_storage_if.o(.constdata)
    .constdata                               0x0800357e   Section       48  crypt.o(.constdata)
    AES_INIT_IV                              0x0800357e   Data          16  crypt.o(.constdata)
    AES_KEY                                  0x0800358e   Data          32  crypt.o(.constdata)
    .constdata                               0x080035ae   Section      267  aes.o(.constdata)
    sbox                                     0x080035ae   Data         256  aes.o(.constdata)
    Rcon                                     0x080036ae   Data          11  aes.o(.constdata)
    .constdata                               0x080036b9   Section        7  usbd_msc_data.o(.constdata)
    .constdata                               0x080036c0   Section        8  usbd_msc_data.o(.constdata)
    .constdata                               0x080036c8   Section        8  usbd_msc_data.o(.constdata)
    .data                                    0x20000000   Section        4  main.o(.data)
    jump_addr                                0x20000000   Data           4  main.o(.data)
    .data                                    0x20000004   Section       28  usbd_desc.o(.data)
    .data                                    0x20000020   Section       50  usbd_desc.o(.data)
    .data                                    0x20000054   Section       32  usbd_storage_if.o(.data)
    .data                                    0x20000074   Section       20  ihex_parser.o(.data)
    ex_segment_addr_mode                     0x20000074   Data           1  ihex_parser.o(.data)
    calc_cs_toogle                           0x20000075   Data           1  ihex_parser.o(.data)
    crypt_mode                               0x20000076   Data           1  ihex_parser.o(.data)
    ihex_eof_trig                            0x20000077   Data           1  ihex_parser.o(.data)
    state                                    0x20000078   Data           1  ihex_parser.o(.data)
    byte_count                               0x20000079   Data           1  ihex_parser.o(.data)
    record_type                              0x2000007a   Data           1  ihex_parser.o(.data)
    temp_cs                                  0x2000007b   Data           1  ihex_parser.o(.data)
    calc_cs                                  0x2000007c   Data           1  ihex_parser.o(.data)
    address_lo                               0x2000007e   Data           2  ihex_parser.o(.data)
    address_hi                               0x20000080   Data           2  ihex_parser.o(.data)
    data_size_in_nibble                      0x20000082   Data           2  ihex_parser.o(.data)
    callback_fp                              0x20000084   Data           4  ihex_parser.o(.data)
    .data                                    0x20000088   Section       12  stm32f1xx_hal.o(.data)
    .data                                    0x20000094   Section        4  system_stm32f1xx.o(.data)
    .data                                    0x20000098   Section        1  usbd_ctlreq.o(.data)
    cfgidx                                   0x20000098   Data           1  usbd_ctlreq.o(.data)
    .data                                    0x2000009c   Section       56  usbd_msc.o(.data)
    .data                                    0x200000d4   Section      106  usbd_msc.o(.data)
    .bss                                     0x20000140   Section      548  usb_device.o(.bss)
    .bss                                     0x20000364   Section     1744  usbd_conf.o(.bss)
    mem                                      0x20000364   Data         624  usbd_conf.o(.bss)
    .bss                                     0x20000a34   Section      512  usbd_desc.o(.bss)
    .bss                                     0x20000c34   Section      255  ihex_parser.o(.bss)
    data                                     0x20000c34   Data         255  ihex_parser.o(.bss)
    .bss                                     0x20000d33   Section      256  crypt.o(.bss)
    ctx                                      0x20000d33   Data         256  crypt.o(.bss)
    .bss                                     0x20000e38   Section       32  stm32f1xx_hal_flash.o(.bss)
    STACK                                    0x20000e58   Section     1024  startup_stm32f103xb.o(STACK)

    Global Symbols

    Symbol Name                              Value     Ov Type        Size  Object(Section)

    BuildAttributes$$THM_ISAv4$P$D$K$B$S$PE$A:L22UL41UL21$X:L11$S22US41US21$IEEE1$IW$USESV6$~STKCKD$USESV7$~SHL$OSPACE$EBA8$MICROLIB$REQ8$PRES8$EABIv2 0x00000000   Number         0  anon$$obj.o ABSOLUTE
    __ARM_use_no_argv                        0x00000000   Number         0  main.o ABSOLUTE
    __arm_fini_                               - Undefined Weak Reference
    __cpp_initialize__aeabi_                  - Undefined Weak Reference
    __cxa_finalize                            - Undefined Weak Reference
    _clock_init                               - Undefined Weak Reference
    _microlib_exit                            - Undefined Weak Reference
    __Vectors_Size                           0x000000ec   Number         0  startup_stm32f103xb.o ABSOLUTE
    __Vectors                                0x08000000   Data           4  startup_stm32f103xb.o(RESET)
    __Vectors_End                            0x080000ec   Data           0  startup_stm32f103xb.o(RESET)
    __main                                   0x080000ed   Thumb Code     0  entry.o(.ARM.Collect$$$$00000000)
    _main_stk                                0x080000ed   Thumb Code     0  entry2.o(.ARM.Collect$$$$00000001)
    _main_scatterload                        0x080000f1   Thumb Code     0  entry5.o(.ARM.Collect$$$$00000004)
    __main_after_scatterload                 0x080000f5   Thumb Code     0  entry5.o(.ARM.Collect$$$$00000004)
    _main_clock                              0x080000f5   Thumb Code     0  entry7b.o(.ARM.Collect$$$$00000008)
    _main_cpp_init                           0x080000f5   Thumb Code     0  entry8b.o(.ARM.Collect$$$$0000000A)
    _main_init                               0x080000f5   Thumb Code     0  entry9a.o(.ARM.Collect$$$$0000000B)
    __rt_lib_shutdown_fini                   0x080000fd   Thumb Code     0  entry12b.o(.ARM.Collect$$$$0000000E)
    __rt_final_cpp                           0x08000101   Thumb Code     0  entry10a.o(.ARM.Collect$$$$0000000F)
    __rt_final_exit                          0x08000101   Thumb Code     0  entry11a.o(.ARM.Collect$$$$00000011)
    Reset_Handler                            0x08000105   Thumb Code     8  startup_stm32f103xb.o(.text)
    ADC1_2_IRQHandler                        0x0800011f   Thumb Code     0  startup_stm32f103xb.o(.text)
    CAN1_RX1_IRQHandler                      0x0800011f   Thumb Code     0  startup_stm32f103xb.o(.text)
    CAN1_SCE_IRQHandler                      0x0800011f   Thumb Code     0  startup_stm32f103xb.o(.text)
    DMA1_Channel1_IRQHandler                 0x0800011f   Thumb Code     0  startup_stm32f103xb.o(.text)
    DMA1_Channel2_IRQHandler                 0x0800011f   Thumb Code     0  startup_stm32f103xb.o(.text)
    DMA1_Channel3_IRQHandler                 0x0800011f   Thumb Code     0  startup_stm32f103xb.o(.text)
    DMA1_Channel4_IRQHandler                 0x0800011f   Thumb Code     0  startup_stm32f103xb.o(.text)
    DMA1_Channel5_IRQHandler                 0x0800011f   Thumb Code     0  startup_stm32f103xb.o(.text)
    DMA1_Channel6_IRQHandler                 0x0800011f   Thumb Code     0  startup_stm32f103xb.o(.text)
    DMA1_Channel7_IRQHandler                 0x0800011f   Thumb Code     0  startup_stm32f103xb.o(.text)
    EXTI0_IRQHandler                         0x0800011f   Thumb Code     0  startup_stm32f103xb.o(.text)
    EXTI15_10_IRQHandler                     0x0800011f   Thumb Code     0  startup_stm32f103xb.o(.text)
    EXTI1_IRQHandler                         0x0800011f   Thumb Code     0  startup_stm32f103xb.o(.text)
    EXTI2_IRQHandler                         0x0800011f   Thumb Code     0  startup_stm32f103xb.o(.text)
    EXTI3_IRQHandler                         0x0800011f   Thumb Code     0  startup_stm32f103xb.o(.text)
    EXTI4_IRQHandler                         0x0800011f   Thumb Code     0  startup_stm32f103xb.o(.text)
    EXTI9_5_IRQHandler                       0x0800011f   Thumb Code     0  startup_stm32f103xb.o(.text)
    FLASH_IRQHandler                         0x0800011f   Thumb Code     0  startup_stm32f103xb.o(.text)
    I2C1_ER_IRQHandler                       0x0800011f   Thumb Code     0  startup_stm32f103xb.o(.text)
    I2C1_EV_IRQHandler                       0x0800011f   Thumb Code     0  startup_stm32f103xb.o(.text)
    I2C2_ER_IRQHandler                       0x0800011f   Thumb Code     0  startup_stm32f103xb.o(.text)
    I2C2_EV_IRQHandler                       0x0800011f   Thumb Code     0  startup_stm32f103xb.o(.text)
    PVD_IRQHandler                           0x0800011f   Thumb Code     0  startup_stm32f103xb.o(.text)
    RCC_IRQHandler                           0x0800011f   Thumb Code     0  startup_stm32f103xb.o(.text)
    RTC_Alarm_IRQHandler                     0x0800011f   Thumb Code     0  startup_stm32f103xb.o(.text)
    RTC_IRQHandler                           0x0800011f   Thumb Code     0  startup_stm32f103xb.o(.text)
    SPI1_IRQHandler                          0x0800011f   Thumb Code     0  startup_stm32f103xb.o(.text)
    SPI2_IRQHandler                          0x0800011f   Thumb Code     0  startup_stm32f103xb.o(.text)
    TAMPER_IRQHandler                        0x0800011f   Thumb Code     0  startup_stm32f103xb.o(.text)
    TIM1_BRK_IRQHandler                      0x0800011f   Thumb Code     0  startup_stm32f103xb.o(.text)
    TIM1_CC_IRQHandler                       0x0800011f   Thumb Code     0  startup_stm32f103xb.o(.text)
    TIM1_TRG_COM_IRQHandler                  0x0800011f   Thumb Code     0  startup_stm32f103xb.o(.text)
    TIM1_UP_IRQHandler                       0x0800011f   Thumb Code     0  startup_stm32f103xb.o(.text)
    TIM2_IRQHandler                          0x0800011f   Thumb Code     0  startup_stm32f103xb.o(.text)
    TIM3_IRQHandler                          0x0800011f   Thumb Code     0  startup_stm32f103xb.o(.text)
    TIM4_IRQHandler                          0x0800011f   Thumb Code     0  startup_stm32f103xb.o(.text)
    USART1_IRQHandler                        0x0800011f   Thumb Code     0  startup_stm32f103xb.o(.text)
    USART2_IRQHandler                        0x0800011f   Thumb Code     0  startup_stm32f103xb.o(.text)
    USART3_IRQHandler                        0x0800011f   Thumb Code     0  startup_stm32f103xb.o(.text)
    USBWakeUp_IRQHandler                     0x0800011f   Thumb Code     0  startup_stm32f103xb.o(.text)
    USB_HP_CAN1_TX_IRQHandler                0x0800011f   Thumb Code     0  startup_stm32f103xb.o(.text)
    WWDG_IRQHandler                          0x0800011f   Thumb Code     0  startup_stm32f103xb.o(.text)
    __aeabi_llsr                             0x08000129   Thumb Code    32  llushr.o(.text)
    _ll_ushift_r                             0x08000129   Thumb Code     0  llushr.o(.text)
    __aeabi_memcpy                           0x08000149   Thumb Code    36  memcpya.o(.text)
    __aeabi_memcpy4                          0x08000149   Thumb Code     0  memcpya.o(.text)
    __aeabi_memcpy8                          0x08000149   Thumb Code     0  memcpya.o(.text)
    __aeabi_memset                           0x0800016d   Thumb Code    14  memseta.o(.text)
    __aeabi_memset4                          0x0800016d   Thumb Code     0  memseta.o(.text)
    __aeabi_memset8                          0x0800016d   Thumb Code     0  memseta.o(.text)
    __aeabi_memclr                           0x0800017b   Thumb Code     4  memseta.o(.text)
    __aeabi_memclr4                          0x0800017b   Thumb Code     0  memseta.o(.text)
    __aeabi_memclr8                          0x0800017b   Thumb Code     0  memseta.o(.text)
    _memset$wrapper                          0x0800017f   Thumb Code    18  memseta.o(.text)
    __scatterload                            0x08000191   Thumb Code    28  init.o(.text)
    __scatterload_rt2                        0x08000191   Thumb Code     0  init.o(.text)
    __decompress                             0x080001b5   Thumb Code     0  __dczerorl2.o(.text)
    __decompress1                            0x080001b5   Thumb Code    86  __dczerorl2.o(.text)
    AES_CTR_xcrypt_buffer                    0x0800020b   Thumb Code    72  aes.o(i.AES_CTR_xcrypt_buffer)
    AES_ctx_set_iv                           0x08000253   Thumb Code     8  aes.o(i.AES_ctx_set_iv)
    AES_init_ctx                             0x0800025b   Thumb Code     4  aes.o(i.AES_init_ctx)
    BusFault_Handler                         0x0800028f   Thumb Code     2  stm32f1xx_it.o(i.BusFault_Handler)
    DebugMon_Handler                         0x08000325   Thumb Code     2  stm32f1xx_it.o(i.DebugMon_Handler)
    Error_Handler                            0x08000327   Thumb Code     2  main.o(i.Error_Handler)
    FLASH_PageErase                          0x0800034d   Thumb Code    28  stm32f1xx_hal_flash_ex.o(i.FLASH_PageErase)
    FLASH_WaitForLastOperation               0x080003e9   Thumb Code    80  stm32f1xx_hal_flash.o(i.FLASH_WaitForLastOperation)
    GenNewIV                                 0x0800043d   Thumb Code    88  aes.o(i.GenNewIV)
    HAL_DeInit                               0x08000495   Thumb Code    26  stm32f1xx_hal.o(i.HAL_DeInit)
    HAL_FLASHEx_Erase                        0x080004b5   Thumb Code   160  stm32f1xx_hal_flash_ex.o(i.HAL_FLASHEx_Erase)
    HAL_FLASH_Lock                           0x0800055d   Thumb Code    14  stm32f1xx_hal_flash.o(i.HAL_FLASH_Lock)
    HAL_FLASH_Program                        0x08000571   Thumb Code   120  stm32f1xx_hal_flash.o(i.HAL_FLASH_Program)
    HAL_FLASH_Unlock                         0x080005f1   Thumb Code    28  stm32f1xx_hal_flash.o(i.HAL_FLASH_Unlock)
    HAL_GetTick                              0x08000619   Thumb Code     6  stm32f1xx_hal.o(i.HAL_GetTick)
    HAL_IncTick                              0x08000625   Thumb Code    12  stm32f1xx_hal.o(i.HAL_IncTick)
    HAL_Init                                 0x08000635   Thumb Code    32  stm32f1xx_hal.o(i.HAL_Init)
    HAL_InitTick                             0x08000659   Thumb Code    54  stm32f1xx_hal.o(i.HAL_InitTick)
    HAL_MspDeInit                            0x08000699   Thumb Code     2  stm32f1xx_hal.o(i.HAL_MspDeInit)
    HAL_MspInit                              0x0800069d   Thumb Code    52  stm32f1xx_hal_msp.o(i.HAL_MspInit)
    HAL_NVIC_EnableIRQ                       0x080006d9   Thumb Code    22  stm32f1xx_hal_cortex.o(i.HAL_NVIC_EnableIRQ)
    HAL_NVIC_SetPriority                     0x080006f1   Thumb Code    60  stm32f1xx_hal_cortex.o(i.HAL_NVIC_SetPriority)
    HAL_NVIC_SetPriorityGrouping             0x08000731   Thumb Code    26  stm32f1xx_hal_cortex.o(i.HAL_NVIC_SetPriorityGrouping)
    HAL_PCDEx_PMAConfig                      0x08000755   Thumb Code    52  stm32f1xx_hal_pcd_ex.o(i.HAL_PCDEx_PMAConfig)
    HAL_PCDEx_SetConnectionState             0x08000789   Thumb Code     2  usbd_conf.o(i.HAL_PCDEx_SetConnectionState)
    HAL_PCD_DataInStageCallback              0x0800078b   Thumb Code    14  usbd_conf.o(i.HAL_PCD_DataInStageCallback)
    HAL_PCD_DataOutStageCallback             0x08000799   Thumb Code    16  usbd_conf.o(i.HAL_PCD_DataOutStageCallback)
    HAL_PCD_EP_Close                         0x080007a9   Thumb Code    64  stm32f1xx_hal_pcd.o(i.HAL_PCD_EP_Close)
    HAL_PCD_EP_ClrStall                      0x080007e9   Thumb Code    72  stm32f1xx_hal_pcd.o(i.HAL_PCD_EP_ClrStall)
    HAL_PCD_EP_Flush                         0x08000831   Thumb Code    52  stm32f1xx_hal_pcd.o(i.HAL_PCD_EP_Flush)
    HAL_PCD_EP_GetRxCount                    0x08000865   Thumb Code    16  stm32f1xx_hal_pcd.o(i.HAL_PCD_EP_GetRxCount)
    HAL_PCD_EP_Open                          0x08000875   Thumb Code    68  stm32f1xx_hal_pcd.o(i.HAL_PCD_EP_Open)
    HAL_PCD_EP_Receive                       0x080008b9   Thumb Code    46  stm32f1xx_hal_pcd.o(i.HAL_PCD_EP_Receive)
    HAL_PCD_EP_SetStall                      0x080008e7   Thumb Code    86  stm32f1xx_hal_pcd.o(i.HAL_PCD_EP_SetStall)
    HAL_PCD_EP_Transmit                      0x0800093d   Thumb Code    42  stm32f1xx_hal_pcd.o(i.HAL_PCD_EP_Transmit)
    HAL_PCD_IRQHandler                       0x08000967   Thumb Code   268  stm32f1xx_hal_pcd.o(i.HAL_PCD_IRQHandler)
    HAL_PCD_Init                             0x08000a75   Thumb Code   192  stm32f1xx_hal_pcd.o(i.HAL_PCD_Init)
    HAL_PCD_MspInit                          0x08000b35   Thumb Code    50  usbd_conf.o(i.HAL_PCD_MspInit)
    HAL_PCD_ResetCallback                    0x08000b71   Thumb Code    38  usbd_conf.o(i.HAL_PCD_ResetCallback)
    HAL_PCD_ResumeCallback                   0x08000b97   Thumb Code     8  usbd_conf.o(i.HAL_PCD_ResumeCallback)
    HAL_PCD_SOFCallback                      0x08000b9f   Thumb Code     8  usbd_conf.o(i.HAL_PCD_SOFCallback)
    HAL_PCD_SetAddress                       0x08000ba7   Thumb Code    40  stm32f1xx_hal_pcd.o(i.HAL_PCD_SetAddress)
    HAL_PCD_SetupStageCallback               0x08000bcf   Thumb Code    14  usbd_conf.o(i.HAL_PCD_SetupStageCallback)
    HAL_PCD_Start                            0x08000bdd   Thumb Code    50  stm32f1xx_hal_pcd.o(i.HAL_PCD_Start)
    HAL_PCD_Stop                             0x08000c0f   Thumb Code    48  stm32f1xx_hal_pcd.o(i.HAL_PCD_Stop)
    HAL_PCD_SuspendCallback                  0x08000c41   Thumb Code    30  usbd_conf.o(i.HAL_PCD_SuspendCallback)
    HAL_SYSTICK_Config                       0x08000c65   Thumb Code    40  stm32f1xx_hal_cortex.o(i.HAL_SYSTICK_Config)
    HardFault_Handler                        0x08000c8d   Thumb Code     2  stm32f1xx_it.o(i.HardFault_Handler)
    LL_GPIO_Init                             0x08000da1   Thumb Code   240  stm32f1xx_ll_gpio.o(i.LL_GPIO_Init)
    LL_Init1msTick                           0x08000e91   Thumb Code    26  stm32f1xx_ll_utils.o(i.LL_Init1msTick)
    LL_SetSystemCoreClock                    0x08000ead   Thumb Code     6  stm32f1xx_ll_utils.o(i.LL_SetSystemCoreClock)
    LL_mDelay                                0x08000eb9   Thumb Code    30  stm32f1xx_ll_utils.o(i.LL_mDelay)
    MSC_BOT_CplClrFeature                    0x08000fe5   Thumb Code    42  usbd_msc_bot.o(i.MSC_BOT_CplClrFeature)
    MSC_BOT_DataIn                           0x0800100f   Thumb Code    58  usbd_msc_bot.o(i.MSC_BOT_DataIn)
    MSC_BOT_DataOut                          0x08001049   Thumb Code    58  usbd_msc_bot.o(i.MSC_BOT_DataOut)
    MSC_BOT_DeInit                           0x08001083   Thumb Code    10  usbd_msc_bot.o(i.MSC_BOT_DeInit)
    MSC_BOT_Init                             0x0800108d   Thumb Code    66  usbd_msc_bot.o(i.MSC_BOT_Init)
    MSC_BOT_Reset                            0x080010cf   Thumb Code    22  usbd_msc_bot.o(i.MSC_BOT_Reset)
    MSC_BOT_SendCSW                          0x080010e5   Thumb Code    54  usbd_msc_bot.o(i.MSC_BOT_SendCSW)
    MX_USB_DEVICE_Init                       0x08001121   Thumb Code    66  usb_device.o(i.MX_USB_DEVICE_Init)
    MemManage_Handler                        0x08001175   Thumb Code     2  stm32f1xx_it.o(i.MemManage_Handler)
    NMI_Handler                              0x08001213   Thumb Code     2  stm32f1xx_it.o(i.NMI_Handler)
    PendSV_Handler                           0x08001597   Thumb Code     2  stm32f1xx_it.o(i.PendSV_Handler)
    SCSI_ProcessCmd                          0x080015bd   Thumb Code   448  usbd_msc_scsi.o(i.SCSI_ProcessCmd)
    SCSI_SenseCode                           0x08001a1d   Thumb Code    54  usbd_msc_scsi.o(i.SCSI_SenseCode)
    SVC_Handler                              0x08001b97   Thumb Code     2  stm32f1xx_it.o(i.SVC_Handler)
    SysTick_Handler                          0x08001b99   Thumb Code     4  stm32f1xx_it.o(i.SysTick_Handler)
    SystemClock_Config                       0x08001b9d   Thumb Code   166  main.o(i.SystemClock_Config)
    SystemInit                               0x08001c51   Thumb Code    56  system_stm32f1xx.o(i.SystemInit)
    SystemReset                              0x08001c99   Thumb Code    48  main.o(i.SystemReset)
    USBD_ClrClassConfig                      0x08001cd5   Thumb Code    14  usbd_core.o(i.USBD_ClrClassConfig)
    USBD_CtlContinueRx                       0x08001ce3   Thumb Code    16  usbd_ioreq.o(i.USBD_CtlContinueRx)
    USBD_CtlContinueSendData                 0x08001cf3   Thumb Code    16  usbd_ioreq.o(i.USBD_CtlContinueSendData)
    USBD_CtlError                            0x08001d03   Thumb Code    22  usbd_ctlreq.o(i.USBD_CtlError)
    USBD_CtlReceiveStatus                    0x08001d19   Thumb Code    22  usbd_ioreq.o(i.USBD_CtlReceiveStatus)
    USBD_CtlSendData                         0x08001d2f   Thumb Code    26  usbd_ioreq.o(i.USBD_CtlSendData)
    USBD_CtlSendStatus                       0x08001d49   Thumb Code    22  usbd_ioreq.o(i.USBD_CtlSendStatus)
    USBD_FS_ConfigStrDescriptor              0x08001d61   Thumb Code    16  usbd_desc.o(i.USBD_FS_ConfigStrDescriptor)
    USBD_FS_DeviceDescriptor                 0x08001d81   Thumb Code     8  usbd_desc.o(i.USBD_FS_DeviceDescriptor)
    USBD_FS_InterfaceStrDescriptor           0x08001d8d   Thumb Code    16  usbd_desc.o(i.USBD_FS_InterfaceStrDescriptor)
    USBD_FS_LangIDStrDescriptor              0x08001db1   Thumb Code     8  usbd_desc.o(i.USBD_FS_LangIDStrDescriptor)
    USBD_FS_ManufacturerStrDescriptor        0x08001dbd   Thumb Code    16  usbd_desc.o(i.USBD_FS_ManufacturerStrDescriptor)
    USBD_FS_ProductStrDescriptor             0x08001de5   Thumb Code    16  usbd_desc.o(i.USBD_FS_ProductStrDescriptor)
    USBD_FS_SerialStrDescriptor              0x08001e0d   Thumb Code    48  usbd_desc.o(i.USBD_FS_SerialStrDescriptor)
    USBD_GetString                           0x08001f25   Thumb Code    70  usbd_ctlreq.o(i.USBD_GetString)
    USBD_Init                                0x08001f83   Thumb Code    42  usbd_core.o(i.USBD_Init)
    USBD_LL_ClearStallEP                     0x08001fad   Thumb Code    18  usbd_conf.o(i.USBD_LL_ClearStallEP)
    USBD_LL_CloseEP                          0x08001fbf   Thumb Code    18  usbd_conf.o(i.USBD_LL_CloseEP)
    USBD_LL_DataInStage                      0x08001fd1   Thumb Code   170  usbd_core.o(i.USBD_LL_DataInStage)
    USBD_LL_DataOutStage                     0x0800207b   Thumb Code   106  usbd_core.o(i.USBD_LL_DataOutStage)
    USBD_LL_FlushEP                          0x080020e5   Thumb Code    18  usbd_conf.o(i.USBD_LL_FlushEP)
    USBD_LL_GetRxDataSize                    0x080020f7   Thumb Code     8  usbd_conf.o(i.USBD_LL_GetRxDataSize)
    USBD_LL_Init                             0x08002101   Thumb Code   104  usbd_conf.o(i.USBD_LL_Init)
    USBD_LL_IsStallEP                        0x08002171   Thumb Code    28  usbd_conf.o(i.USBD_LL_IsStallEP)
    USBD_LL_OpenEP                           0x0800218d   Thumb Code    24  usbd_conf.o(i.USBD_LL_OpenEP)
    USBD_LL_PrepareReceive                   0x080021a5   Thumb Code    18  usbd_conf.o(i.USBD_LL_PrepareReceive)
    USBD_LL_Reset                            0x080021b7   Thumb Code    62  usbd_core.o(i.USBD_LL_Reset)
    USBD_LL_Resume                           0x080021f5   Thumb Code    12  usbd_core.o(i.USBD_LL_Resume)
    USBD_LL_SOF                              0x08002201   Thumb Code    24  usbd_core.o(i.USBD_LL_SOF)
    USBD_LL_SetSpeed                         0x08002219   Thumb Code     6  usbd_core.o(i.USBD_LL_SetSpeed)
    USBD_LL_SetUSBAddress                    0x0800221f   Thumb Code    18  usbd_conf.o(i.USBD_LL_SetUSBAddress)
    USBD_LL_SetupStage                       0x08002231   Thumb Code    90  usbd_core.o(i.USBD_LL_SetupStage)
    USBD_LL_StallEP                          0x0800228b   Thumb Code    18  usbd_conf.o(i.USBD_LL_StallEP)
    USBD_LL_Start                            0x0800229d   Thumb Code    18  usbd_conf.o(i.USBD_LL_Start)
    USBD_LL_Suspend                          0x080022af   Thumb Code    18  usbd_core.o(i.USBD_LL_Suspend)
    USBD_LL_Transmit                         0x080022c1   Thumb Code    18  usbd_conf.o(i.USBD_LL_Transmit)
    USBD_MSC_DataIn                          0x080022d3   Thumb Code    10  usbd_msc.o(i.USBD_MSC_DataIn)
    USBD_MSC_DataOut                         0x080022dd   Thumb Code    10  usbd_msc.o(i.USBD_MSC_DataOut)
    USBD_MSC_DeInit                          0x080022e7   Thumb Code    44  usbd_msc.o(i.USBD_MSC_DeInit)
    USBD_MSC_GetDeviceQualifierDescriptor    0x08002315   Thumb Code     8  usbd_msc.o(i.USBD_MSC_GetDeviceQualifierDescriptor)
    USBD_MSC_GetFSCfgDesc                    0x08002321   Thumb Code     8  usbd_msc.o(i.USBD_MSC_GetFSCfgDesc)
    USBD_MSC_GetHSCfgDesc                    0x0800232d   Thumb Code     8  usbd_msc.o(i.USBD_MSC_GetHSCfgDesc)
    USBD_MSC_GetOtherSpeedCfgDesc            0x08002339   Thumb Code     8  usbd_msc.o(i.USBD_MSC_GetOtherSpeedCfgDesc)
    USBD_MSC_Init                            0x08002345   Thumb Code    82  usbd_msc.o(i.USBD_MSC_Init)
    USBD_MSC_RegisterStorage                 0x08002397   Thumb Code    10  usbd_msc.o(i.USBD_MSC_RegisterStorage)
    USBD_MSC_Setup                           0x080023a1   Thumb Code   194  usbd_msc.o(i.USBD_MSC_Setup)
    USBD_ParseSetupRequest                   0x08002463   Thumb Code    40  usbd_ctlreq.o(i.USBD_ParseSetupRequest)
    USBD_RegisterClass                       0x0800248b   Thumb Code    16  usbd_core.o(i.USBD_RegisterClass)
    USBD_SetClassConfig                      0x0800249b   Thumb Code    22  usbd_core.o(i.USBD_SetClassConfig)
    USBD_Start                               0x08002525   Thumb Code    10  usbd_core.o(i.USBD_Start)
    USBD_StdDevReq                           0x0800252f   Thumb Code   242  usbd_ctlreq.o(i.USBD_StdDevReq)
    USBD_StdEPReq                            0x08002621   Thumb Code   220  usbd_ctlreq.o(i.USBD_StdEPReq)
    USBD_StdItfReq                           0x080026fd   Thumb Code    52  usbd_ctlreq.o(i.USBD_StdItfReq)
    USBD_static_free                         0x08002731   Thumb Code     2  usbd_conf.o(i.USBD_static_free)
    USBD_static_malloc                       0x08002735   Thumb Code     4  usbd_conf.o(i.USBD_static_malloc)
    USB_ActivateEndpoint                     0x0800273d   Thumb Code   604  stm32f1xx_ll_usb.o(i.USB_ActivateEndpoint)
    USB_CoreInit                             0x08002999   Thumb Code     4  stm32f1xx_ll_usb.o(i.USB_CoreInit)
    USB_DeactivateEndpoint                   0x0800299d   Thumb Code   292  stm32f1xx_ll_usb.o(i.USB_DeactivateEndpoint)
    USB_DevConnect                           0x08002ac1   Thumb Code     4  stm32f1xx_ll_usb.o(i.USB_DevConnect)
    USB_DevDisconnect                        0x08002ac5   Thumb Code     4  stm32f1xx_ll_usb.o(i.USB_DevDisconnect)
    USB_DevInit                              0x08002ac9   Thumb Code    30  stm32f1xx_ll_usb.o(i.USB_DevInit)
    USB_DisableGlobalInt                     0x08002ae7   Thumb Code    14  stm32f1xx_ll_usb.o(i.USB_DisableGlobalInt)
    USB_EP0_OutStart                         0x08002af5   Thumb Code     4  stm32f1xx_ll_usb.o(i.USB_EP0_OutStart)
    USB_EPClearStall                         0x08002af9   Thumb Code   106  stm32f1xx_ll_usb.o(i.USB_EPClearStall)
    USB_EPSetStall                           0x08002b63   Thumb Code    74  stm32f1xx_ll_usb.o(i.USB_EPSetStall)
    USB_EPStartXfer                          0x08002bad   Thumb Code   426  stm32f1xx_ll_usb.o(i.USB_EPStartXfer)
    USB_EnableGlobalInt                      0x08002d57   Thumb Code    14  stm32f1xx_ll_usb.o(i.USB_EnableGlobalInt)
    USB_FlushRxFifo                          0x08002d65   Thumb Code     4  stm32f1xx_ll_usb.o(i.USB_FlushRxFifo)
    USB_FlushTxFifo                          0x08002d69   Thumb Code     4  stm32f1xx_ll_usb.o(i.USB_FlushTxFifo)
    USB_LP_CAN1_RX0_IRQHandler               0x08002d6d   Thumb Code     6  stm32f1xx_it.o(i.USB_LP_CAN1_RX0_IRQHandler)
    USB_ReadInterrupts                       0x08002d79   Thumb Code     6  stm32f1xx_ll_usb.o(i.USB_ReadInterrupts)
    USB_ReadPMA                              0x08002d81   Thumb Code    30  stm32f1xx_ll_usb.o(i.USB_ReadPMA)
    USB_SetCurrentMode                       0x08002d9f   Thumb Code     4  stm32f1xx_ll_usb.o(i.USB_SetCurrentMode)
    USB_SetDevAddress                        0x08002da3   Thumb Code    12  stm32f1xx_ll_usb.o(i.USB_SetDevAddress)
    USB_StopDevice                           0x08002daf   Thumb Code    18  stm32f1xx_ll_usb.o(i.USB_StopDevice)
    USB_WritePMA                             0x08002dc1   Thumb Code    38  stm32f1xx_ll_usb.o(i.USB_WritePMA)
    UsageFault_Handler                       0x08002de7   Thumb Code     2  stm32f1xx_it.o(i.UsageFault_Handler)
    __scatterload_copy                       0x08002de9   Thumb Code    14  handlers.o(i.__scatterload_copy)
    __scatterload_null                       0x08002df7   Thumb Code     2  handlers.o(i.__scatterload_null)
    __scatterload_zeroinit                   0x08002df9   Thumb Code    14  handlers.o(i.__scatterload_zeroinit)
    crypt_decrypt                            0x08003035   Thumb Code    34  crypt.o(i.crypt_decrypt)
    crypt_init                               0x0800305d   Thumb Code     8  crypt.o(i.crypt_init)
    fat32_read                               0x0800306d   Thumb Code   168  fat32.o(i.fat32_read)
    fat32_write                              0x0800312d   Thumb Code    78  fat32.o(i.fat32_write)
    ihex_is_crypt_mode                       0x0800322d   Thumb Code     6  ihex_parser.o(i.ihex_is_crypt_mode)
    ihex_is_eof                              0x08003239   Thumb Code     6  ihex_parser.o(i.ihex_is_eof)
    ihex_parser                              0x08003245   Thumb Code   410  ihex_parser.o(i.ihex_parser)
    ihex_reset_state                         0x080033e9   Thumb Code    18  ihex_parser.o(i.ihex_reset_state)
    ihex_set_callback_func                   0x08003401   Thumb Code     6  ihex_parser.o(i.ihex_set_callback_func)
    is_appcode_exist                         0x0800340d   Thumb Code    42  main.o(i.is_appcode_exist)
    is_button_down                           0x0800343d   Thumb Code    14  main.o(i.is_button_down)
    main                                     0x08003451   Thumb Code   154  main.o(i.main)
    STORAGE_Inquirydata_FS                   0x0800355a   Data          36  usbd_storage_if.o(.constdata)
    MSC_Page00_Inquiry_Data                  0x080036b9   Data           7  usbd_msc_data.o(.constdata)
    MSC_Mode_Sense6_data                     0x080036c0   Data           8  usbd_msc_data.o(.constdata)
    MSC_Mode_Sense10_data                    0x080036c8   Data           8  usbd_msc_data.o(.constdata)
    Region$$Table$$Base                      0x080036d0   Number         0  anon$$obj.o(Region$$Table)
    Region$$Table$$Limit                     0x080036f0   Number         0  anon$$obj.o(Region$$Table)
    FS_Desc                                  0x20000004   Data          28  usbd_desc.o(.data)
    USBD_LangIDDesc                          0x20000020   Data           4  usbd_desc.o(.data)
    USBD_FS_DeviceDesc                       0x20000024   Data          18  usbd_desc.o(.data)
    USBD_StringSerial                        0x20000038   Data          26  usbd_desc.o(.data)
    USBD_Storage_Interface_fops_FS           0x20000054   Data          32  usbd_storage_if.o(.data)
    uwTickFreq                               0x20000088   Data           1  stm32f1xx_hal.o(.data)
    uwTickPrio                               0x2000008c   Data           4  stm32f1xx_hal.o(.data)
    uwTick                                   0x20000090   Data           4  stm32f1xx_hal.o(.data)
    SystemCoreClock                          0x20000094   Data           4  system_stm32f1xx.o(.data)
    USBD_MSC                                 0x2000009c   Data          56  usbd_msc.o(.data)
    USBD_MSC_CfgHSDesc                       0x200000d4   Data          32  usbd_msc.o(.data)
    USBD_MSC_CfgFSDesc                       0x200000f4   Data          32  usbd_msc.o(.data)
    USBD_MSC_OtherSpeedCfgDesc               0x20000114   Data          32  usbd_msc.o(.data)
    USBD_MSC_DeviceQualifierDesc             0x20000134   Data          10  usbd_msc.o(.data)
    hUsbDeviceFS                             0x20000140   Data         548  usb_device.o(.bss)
    hpcd_USB_FS                              0x200005d4   Data        1120  usbd_conf.o(.bss)
    USBD_StrDesc                             0x20000a34   Data         512  usbd_desc.o(.bss)
    pFlash                                   0x20000e38   Data          32  stm32f1xx_hal_flash.o(.bss)
    __initial_sp                             0x20001258   Data           0  startup_stm32f103xb.o(STACK)



==============================================================================

Memory Map of the image

  Image Entry point : 0x080000ed

  Load Region LR_IROM1 (Base: 0x08000000, Size: 0x00003830, Max: 0x00010000, ABSOLUTE, COMPRESSED[0x00003798])

    Execution Region ER_IROM1 (Exec base: 0x08000000, Load base: 0x08000000, Size: 0x000036f0, Max: 0x00010000, ABSOLUTE)

    Exec Addr    Load Addr    Size         Type   Attr      Idx    E Section Name        Object

    0x08000000   0x08000000   0x000000ec   Data   RO            3    RESET               startup_stm32f103xb.o
    0x080000ec   0x080000ec   0x00000000   Code   RO         3125  * .ARM.Collect$$$$00000000  mc_w.l(entry.o)
    0x080000ec   0x080000ec   0x00000004   Code   RO         3136    .ARM.Collect$$$$00000001  mc_w.l(entry2.o)
    0x080000f0   0x080000f0   0x00000004   Code   RO         3139    .ARM.Collect$$$$00000004  mc_w.l(entry5.o)
    0x080000f4   0x080000f4   0x00000000   Code   RO         3141    .ARM.Collect$$$$00000008  mc_w.l(entry7b.o)
    0x080000f4   0x080000f4   0x00000000   Code   RO         3143    .ARM.Collect$$$$0000000A  mc_w.l(entry8b.o)
    0x080000f4   0x080000f4   0x00000008   Code   RO         3144    .ARM.Collect$$$$0000000B  mc_w.l(entry9a.o)
    0x080000fc   0x080000fc   0x00000004   Code   RO         3151    .ARM.Collect$$$$0000000E  mc_w.l(entry12b.o)
    0x08000100   0x08000100   0x00000000   Code   RO         3146    .ARM.Collect$$$$0000000F  mc_w.l(entry10a.o)
    0x08000100   0x08000100   0x00000000   Code   RO         3148    .ARM.Collect$$$$00000011  mc_w.l(entry11a.o)
    0x08000100   0x08000100   0x00000004   Code   RO         3137    .ARM.Collect$$$$00002712  mc_w.l(entry2.o)
    0x08000104   0x08000104   0x00000024   Code   RO            4    .text               startup_stm32f103xb.o
    0x08000128   0x08000128   0x00000020   Code   RO         3128    .text               mc_w.l(llushr.o)
    0x08000148   0x08000148   0x00000024   Code   RO         3130    .text               mc_w.l(memcpya.o)
    0x0800016c   0x0800016c   0x00000024   Code   RO         3132    .text               mc_w.l(memseta.o)
    0x08000190   0x08000190   0x00000024   Code   RO         3152    .text               mc_w.l(init.o)
    0x080001b4   0x080001b4   0x00000056   Code   RO         3162    .text               mc_w.l(__dczerorl2.o)
    0x0800020a   0x0800020a   0x00000048   Code   RO          874    i.AES_CTR_xcrypt_buffer  aes.o
    0x08000252   0x08000252   0x00000008   Code   RO          875    i.AES_ctx_set_iv    aes.o
    0x0800025a   0x0800025a   0x00000004   Code   RO          876    i.AES_init_ctx      aes.o
    0x0800025e   0x0800025e   0x00000030   Code   RO          878    i.AddRoundKey       aes.o
    0x0800028e   0x0800028e   0x00000002   Code   RO          688    i.BusFault_Handler  stm32f1xx_it.o
    0x08000290   0x08000290   0x00000094   Code   RO          879    i.Cipher            aes.o
    0x08000324   0x08000324   0x00000002   Code   RO          689    i.DebugMon_Handler  stm32f1xx_it.o
    0x08000326   0x08000326   0x00000002   Code   RO          161    i.Error_Handler     main.o
    0x08000328   0x08000328   0x00000024   Code   RO         2492    i.FLASH_MassErase   stm32f1xx_hal_flash_ex.o
    0x0800034c   0x0800034c   0x00000024   Code   RO         2497    i.FLASH_PageErase   stm32f1xx_hal_flash_ex.o
    0x08000370   0x08000370   0x0000001c   Code   RO         2389    i.FLASH_Program_HalfWord  stm32f1xx_hal_flash.o
    0x0800038c   0x0800038c   0x0000005c   Code   RO         2390    i.FLASH_SetErrorCode  stm32f1xx_hal_flash.o
    0x080003e8   0x080003e8   0x00000054   Code   RO         2391    i.FLASH_WaitForLastOperation  stm32f1xx_hal_flash.o
    0x0800043c   0x0800043c   0x00000058   Code   RO          880    i.GenNewIV          aes.o
    0x08000494   0x08000494   0x00000020   Code   RO         1692    i.HAL_DeInit        stm32f1xx_hal.o
    0x080004b4   0x080004b4   0x000000a8   Code   RO         2498    i.HAL_FLASHEx_Erase  stm32f1xx_hal_flash_ex.o
    0x0800055c   0x0800055c   0x00000014   Code   RO         2395    i.HAL_FLASH_Lock    stm32f1xx_hal_flash.o
    0x08000570   0x08000570   0x00000080   Code   RO         2400    i.HAL_FLASH_Program  stm32f1xx_hal_flash.o
    0x080005f0   0x080005f0   0x00000028   Code   RO         2402    i.HAL_FLASH_Unlock  stm32f1xx_hal_flash.o
    0x08000618   0x08000618   0x0000000c   Code   RO         1697    i.HAL_GetTick       stm32f1xx_hal.o
    0x08000624   0x08000624   0x00000010   Code   RO         1701    i.HAL_IncTick       stm32f1xx_hal.o
    0x08000634   0x08000634   0x00000024   Code   RO         1702    i.HAL_Init          stm32f1xx_hal.o
    0x08000658   0x08000658   0x00000040   Code   RO         1703    i.HAL_InitTick      stm32f1xx_hal.o
    0x08000698   0x08000698   0x00000002   Code   RO         1704    i.HAL_MspDeInit     stm32f1xx_hal.o
    0x0800069a   0x0800069a   0x00000002   PAD
    0x0800069c   0x0800069c   0x0000003c   Code   RO          770    i.HAL_MspInit       stm32f1xx_hal_msp.o
    0x080006d8   0x080006d8   0x00000016   Code   RO         2149    i.HAL_NVIC_EnableIRQ  stm32f1xx_hal_cortex.o
    0x080006ee   0x080006ee   0x00000002   PAD
    0x080006f0   0x080006f0   0x00000040   Code   RO         2155    i.HAL_NVIC_SetPriority  stm32f1xx_hal_cortex.o
    0x08000730   0x08000730   0x00000024   Code   RO         2156    i.HAL_NVIC_SetPriorityGrouping  stm32f1xx_hal_cortex.o
    0x08000754   0x08000754   0x00000034   Code   RO         1238    i.HAL_PCDEx_PMAConfig  stm32f1xx_hal_pcd_ex.o
    0x08000788   0x08000788   0x00000002   Code   RO          342    i.HAL_PCDEx_SetConnectionState  usbd_conf.o
    0x0800078a   0x0800078a   0x0000000e   Code   RO          344    i.HAL_PCD_DataInStageCallback  usbd_conf.o
    0x08000798   0x08000798   0x00000010   Code   RO          345    i.HAL_PCD_DataOutStageCallback  usbd_conf.o
    0x080007a8   0x080007a8   0x00000040   Code   RO         1032    i.HAL_PCD_EP_Close  stm32f1xx_hal_pcd.o
    0x080007e8   0x080007e8   0x00000048   Code   RO         1033    i.HAL_PCD_EP_ClrStall  stm32f1xx_hal_pcd.o
    0x08000830   0x08000830   0x00000034   Code   RO         1034    i.HAL_PCD_EP_Flush  stm32f1xx_hal_pcd.o
    0x08000864   0x08000864   0x00000010   Code   RO         1035    i.HAL_PCD_EP_GetRxCount  stm32f1xx_hal_pcd.o
    0x08000874   0x08000874   0x00000044   Code   RO         1036    i.HAL_PCD_EP_Open   stm32f1xx_hal_pcd.o
    0x080008b8   0x080008b8   0x0000002e   Code   RO         1037    i.HAL_PCD_EP_Receive  stm32f1xx_hal_pcd.o
    0x080008e6   0x080008e6   0x00000056   Code   RO         1038    i.HAL_PCD_EP_SetStall  stm32f1xx_hal_pcd.o
    0x0800093c   0x0800093c   0x0000002a   Code   RO         1039    i.HAL_PCD_EP_Transmit  stm32f1xx_hal_pcd.o
    0x08000966   0x08000966   0x0000010c   Code   RO         1041    i.HAL_PCD_IRQHandler  stm32f1xx_hal_pcd.o
    0x08000a72   0x08000a72   0x00000002   PAD
    0x08000a74   0x08000a74   0x000000c0   Code   RO         1044    i.HAL_PCD_Init      stm32f1xx_hal_pcd.o
    0x08000b34   0x08000b34   0x0000003c   Code   RO          350    i.HAL_PCD_MspInit   usbd_conf.o
    0x08000b70   0x08000b70   0x00000026   Code   RO          351    i.HAL_PCD_ResetCallback  usbd_conf.o
    0x08000b96   0x08000b96   0x00000008   Code   RO          352    i.HAL_PCD_ResumeCallback  usbd_conf.o
    0x08000b9e   0x08000b9e   0x00000008   Code   RO          353    i.HAL_PCD_SOFCallback  usbd_conf.o
    0x08000ba6   0x08000ba6   0x00000028   Code   RO         1050    i.HAL_PCD_SetAddress  stm32f1xx_hal_pcd.o
    0x08000bce   0x08000bce   0x0000000e   Code   RO          354    i.HAL_PCD_SetupStageCallback  usbd_conf.o
    0x08000bdc   0x08000bdc   0x00000032   Code   RO         1052    i.HAL_PCD_Start     stm32f1xx_hal_pcd.o
    0x08000c0e   0x08000c0e   0x00000030   Code   RO         1053    i.HAL_PCD_Stop      stm32f1xx_hal_pcd.o
    0x08000c3e   0x08000c3e   0x00000002   PAD
    0x08000c40   0x08000c40   0x00000024   Code   RO          355    i.HAL_PCD_SuspendCallback  usbd_conf.o
    0x08000c64   0x08000c64   0x00000028   Code   RO         2160    i.HAL_SYSTICK_Config  stm32f1xx_hal_cortex.o
    0x08000c8c   0x08000c8c   0x00000002   Code   RO          690    i.HardFault_Handler  stm32f1xx_it.o
    0x08000c8e   0x08000c8e   0x00000002   PAD
    0x08000c90   0x08000c90   0x00000038   Code   RO          554    i.IntToUnicode      usbd_desc.o
    0x08000cc8   0x08000cc8   0x000000d8   Code   RO          881    i.KeyExpansion      aes.o
    0x08000da0   0x08000da0   0x000000f0   Code   RO          974    i.LL_GPIO_Init      stm32f1xx_ll_gpio.o
    0x08000e90   0x08000e90   0x0000001a   Code   RO         1568    i.LL_Init1msTick    stm32f1xx_ll_utils.o
    0x08000eaa   0x08000eaa   0x00000002   PAD
    0x08000eac   0x08000eac   0x0000000c   Code   RO         1572    i.LL_SetSystemCoreClock  stm32f1xx_ll_utils.o
    0x08000eb8   0x08000eb8   0x0000001e   Code   RO         1573    i.LL_mDelay         stm32f1xx_ll_utils.o
    0x08000ed6   0x08000ed6   0x00000042   Code   RO         2963    i.MSC_BOT_Abort     usbd_msc_bot.o
    0x08000f18   0x08000f18   0x000000cc   Code   RO         2964    i.MSC_BOT_CBW_Decode  usbd_msc_bot.o
    0x08000fe4   0x08000fe4   0x0000002a   Code   RO         2965    i.MSC_BOT_CplClrFeature  usbd_msc_bot.o
    0x0800100e   0x0800100e   0x0000003a   Code   RO         2966    i.MSC_BOT_DataIn    usbd_msc_bot.o
    0x08001048   0x08001048   0x0000003a   Code   RO         2967    i.MSC_BOT_DataOut   usbd_msc_bot.o
    0x08001082   0x08001082   0x0000000a   Code   RO         2968    i.MSC_BOT_DeInit    usbd_msc_bot.o
    0x0800108c   0x0800108c   0x00000042   Code   RO         2969    i.MSC_BOT_Init      usbd_msc_bot.o
    0x080010ce   0x080010ce   0x00000016   Code   RO         2970    i.MSC_BOT_Reset     usbd_msc_bot.o
    0x080010e4   0x080010e4   0x0000003c   Code   RO         2971    i.MSC_BOT_SendCSW   usbd_msc_bot.o
    0x08001120   0x08001120   0x00000054   Code   RO          272    i.MX_USB_DEVICE_Init  usb_device.o
    0x08001174   0x08001174   0x00000002   Code   RO          691    i.MemManage_Handler  stm32f1xx_it.o
    0x08001176   0x08001176   0x00000002   PAD
    0x08001178   0x08001178   0x0000009a   Code   RO          882    i.MixColumns        aes.o
    0x08001212   0x08001212   0x00000002   Code   RO          692    i.NMI_Handler       stm32f1xx_it.o
    0x08001214   0x08001214   0x00000020   Code   RO         2162    i.NVIC_SetPriority  stm32f1xx_hal_cortex.o
    0x08001234   0x08001234   0x00000362   Code   RO         1055    i.PCD_EP_ISR_Handler  stm32f1xx_hal_pcd.o
    0x08001596   0x08001596   0x00000002   Code   RO          693    i.PendSV_Handler    stm32f1xx_it.o
    0x08001598   0x08001598   0x00000022   Code   RO         3059    i.SCSI_CheckAddressRange  usbd_msc_scsi.o
    0x080015ba   0x080015ba   0x00000002   PAD
    0x080015bc   0x080015bc   0x000001cc   Code   RO         3060    i.SCSI_ProcessCmd   usbd_msc_scsi.o
    0x08001788   0x08001788   0x0000008c   Code   RO         3061    i.SCSI_ProcessRead  usbd_msc_scsi.o
    0x08001814   0x08001814   0x00000098   Code   RO         3062    i.SCSI_ProcessWrite  usbd_msc_scsi.o
    0x080018ac   0x080018ac   0x000000ac   Code   RO         3063    i.SCSI_Read10       usbd_msc_scsi.o
    0x08001958   0x08001958   0x00000056   Code   RO         3064    i.SCSI_ReadCapacity10  usbd_msc_scsi.o
    0x080019ae   0x080019ae   0x0000006e   Code   RO         3065    i.SCSI_ReadFormatCapacity  usbd_msc_scsi.o
    0x08001a1c   0x08001a1c   0x00000036   Code   RO         3066    i.SCSI_SenseCode    usbd_msc_scsi.o
    0x08001a52   0x08001a52   0x000000cc   Code   RO         3067    i.SCSI_Write10      usbd_msc_scsi.o
    0x08001b1e   0x08001b1e   0x00000010   Code   RO          627    i.STORAGE_GetCapacity_FS  usbd_storage_if.o
    0x08001b2e   0x08001b2e   0x00000004   Code   RO          628    i.STORAGE_GetMaxLun_FS  usbd_storage_if.o
    0x08001b32   0x08001b32   0x00000004   Code   RO          629    i.STORAGE_Init_FS   usbd_storage_if.o
    0x08001b36   0x08001b36   0x00000004   Code   RO          630    i.STORAGE_IsReady_FS  usbd_storage_if.o
    0x08001b3a   0x08001b3a   0x00000004   Code   RO          631    i.STORAGE_IsWriteProtected_FS  usbd_storage_if.o
    0x08001b3e   0x08001b3e   0x0000002c   Code   RO          632    i.STORAGE_Read_FS   usbd_storage_if.o
    0x08001b6a   0x08001b6a   0x0000002c   Code   RO          633    i.STORAGE_Write_FS  usbd_storage_if.o
    0x08001b96   0x08001b96   0x00000002   Code   RO          694    i.SVC_Handler       stm32f1xx_it.o
    0x08001b98   0x08001b98   0x00000004   Code   RO          695    i.SysTick_Handler   stm32f1xx_it.o
    0x08001b9c   0x08001b9c   0x000000b4   Code   RO          162    i.SystemClock_Config  main.o
    0x08001c50   0x08001c50   0x00000048   Code   RO         2578    i.SystemInit        system_stm32f1xx.o
    0x08001c98   0x08001c98   0x0000003c   Code   RO          163    i.SystemReset       main.o
    0x08001cd4   0x08001cd4   0x0000000e   Code   RO         2615    i.USBD_ClrClassConfig  usbd_core.o
    0x08001ce2   0x08001ce2   0x00000010   Code   RO         2818    i.USBD_CtlContinueRx  usbd_ioreq.o
    0x08001cf2   0x08001cf2   0x00000010   Code   RO         2819    i.USBD_CtlContinueSendData  usbd_ioreq.o
    0x08001d02   0x08001d02   0x00000016   Code   RO         2753    i.USBD_CtlError     usbd_ctlreq.o
    0x08001d18   0x08001d18   0x00000016   Code   RO         2821    i.USBD_CtlReceiveStatus  usbd_ioreq.o
    0x08001d2e   0x08001d2e   0x0000001a   Code   RO         2822    i.USBD_CtlSendData  usbd_ioreq.o
    0x08001d48   0x08001d48   0x00000016   Code   RO         2823    i.USBD_CtlSendStatus  usbd_ioreq.o
    0x08001d5e   0x08001d5e   0x00000002   PAD
    0x08001d60   0x08001d60   0x00000020   Code   RO          555    i.USBD_FS_ConfigStrDescriptor  usbd_desc.o
    0x08001d80   0x08001d80   0x0000000c   Code   RO          556    i.USBD_FS_DeviceDescriptor  usbd_desc.o
    0x08001d8c   0x08001d8c   0x00000024   Code   RO          557    i.USBD_FS_InterfaceStrDescriptor  usbd_desc.o
    0x08001db0   0x08001db0   0x0000000c   Code   RO          558    i.USBD_FS_LangIDStrDescriptor  usbd_desc.o
    0x08001dbc   0x08001dbc   0x00000028   Code   RO          559    i.USBD_FS_ManufacturerStrDescriptor  usbd_desc.o
    0x08001de4   0x08001de4   0x00000028   Code   RO          560    i.USBD_FS_ProductStrDescriptor  usbd_desc.o
    0x08001e0c   0x08001e0c   0x00000038   Code   RO          561    i.USBD_FS_SerialStrDescriptor  usbd_desc.o
    0x08001e44   0x08001e44   0x000000e0   Code   RO         2754    i.USBD_GetDescriptor  usbd_ctlreq.o
    0x08001f24   0x08001f24   0x00000046   Code   RO         2755    i.USBD_GetString    usbd_ctlreq.o
    0x08001f6a   0x08001f6a   0x00000018   Code   RO          356    i.USBD_Get_USB_Status  usbd_conf.o
    0x08001f82   0x08001f82   0x0000002a   Code   RO         2617    i.USBD_Init         usbd_core.o
    0x08001fac   0x08001fac   0x00000012   Code   RO          357    i.USBD_LL_ClearStallEP  usbd_conf.o
    0x08001fbe   0x08001fbe   0x00000012   Code   RO          358    i.USBD_LL_CloseEP   usbd_conf.o
    0x08001fd0   0x08001fd0   0x000000aa   Code   RO         2618    i.USBD_LL_DataInStage  usbd_core.o
    0x0800207a   0x0800207a   0x0000006a   Code   RO         2619    i.USBD_LL_DataOutStage  usbd_core.o
    0x080020e4   0x080020e4   0x00000012   Code   RO          361    i.USBD_LL_FlushEP   usbd_conf.o
    0x080020f6   0x080020f6   0x00000008   Code   RO          362    i.USBD_LL_GetRxDataSize  usbd_conf.o
    0x080020fe   0x080020fe   0x00000002   PAD
    0x08002100   0x08002100   0x00000070   Code   RO          363    i.USBD_LL_Init      usbd_conf.o
    0x08002170   0x08002170   0x0000001c   Code   RO          364    i.USBD_LL_IsStallEP  usbd_conf.o
    0x0800218c   0x0800218c   0x00000018   Code   RO          365    i.USBD_LL_OpenEP    usbd_conf.o
    0x080021a4   0x080021a4   0x00000012   Code   RO          366    i.USBD_LL_PrepareReceive  usbd_conf.o
    0x080021b6   0x080021b6   0x0000003e   Code   RO         2624    i.USBD_LL_Reset     usbd_core.o
    0x080021f4   0x080021f4   0x0000000c   Code   RO         2625    i.USBD_LL_Resume    usbd_core.o
    0x08002200   0x08002200   0x00000018   Code   RO         2626    i.USBD_LL_SOF       usbd_core.o
    0x08002218   0x08002218   0x00000006   Code   RO         2627    i.USBD_LL_SetSpeed  usbd_core.o
    0x0800221e   0x0800221e   0x00000012   Code   RO          367    i.USBD_LL_SetUSBAddress  usbd_conf.o
    0x08002230   0x08002230   0x0000005a   Code   RO         2628    i.USBD_LL_SetupStage  usbd_core.o
    0x0800228a   0x0800228a   0x00000012   Code   RO          368    i.USBD_LL_StallEP   usbd_conf.o
    0x0800229c   0x0800229c   0x00000012   Code   RO          369    i.USBD_LL_Start     usbd_conf.o
    0x080022ae   0x080022ae   0x00000012   Code   RO         2629    i.USBD_LL_Suspend   usbd_core.o
    0x080022c0   0x080022c0   0x00000012   Code   RO          371    i.USBD_LL_Transmit  usbd_conf.o
    0x080022d2   0x080022d2   0x0000000a   Code   RO         2878    i.USBD_MSC_DataIn   usbd_msc.o
    0x080022dc   0x080022dc   0x0000000a   Code   RO         2879    i.USBD_MSC_DataOut  usbd_msc.o
    0x080022e6   0x080022e6   0x0000002c   Code   RO         2880    i.USBD_MSC_DeInit   usbd_msc.o
    0x08002312   0x08002312   0x00000002   PAD
    0x08002314   0x08002314   0x0000000c   Code   RO         2881    i.USBD_MSC_GetDeviceQualifierDescriptor  usbd_msc.o
    0x08002320   0x08002320   0x0000000c   Code   RO         2882    i.USBD_MSC_GetFSCfgDesc  usbd_msc.o
    0x0800232c   0x0800232c   0x0000000c   Code   RO         2883    i.USBD_MSC_GetHSCfgDesc  usbd_msc.o
    0x08002338   0x08002338   0x0000000c   Code   RO         2884    i.USBD_MSC_GetOtherSpeedCfgDesc  usbd_msc.o
    0x08002344   0x08002344   0x00000052   Code   RO         2885    i.USBD_MSC_Init     usbd_msc.o
    0x08002396   0x08002396   0x0000000a   Code   RO         2886    i.USBD_MSC_RegisterStorage  usbd_msc.o
    0x080023a0   0x080023a0   0x000000c2   Code   RO         2887    i.USBD_MSC_Setup    usbd_msc.o
    0x08002462   0x08002462   0x00000028   Code   RO         2756    i.USBD_ParseSetupRequest  usbd_ctlreq.o
    0x0800248a   0x0800248a   0x00000010   Code   RO         2630    i.USBD_RegisterClass  usbd_core.o
    0x0800249a   0x0800249a   0x00000016   Code   RO         2632    i.USBD_SetClassConfig  usbd_core.o
    0x080024b0   0x080024b0   0x00000074   Code   RO         2757    i.USBD_SetConfig    usbd_ctlreq.o
    0x08002524   0x08002524   0x0000000a   Code   RO         2633    i.USBD_Start        usbd_core.o
    0x0800252e   0x0800252e   0x000000f2   Code   RO         2758    i.USBD_StdDevReq    usbd_ctlreq.o
    0x08002620   0x08002620   0x000000dc   Code   RO         2759    i.USBD_StdEPReq     usbd_ctlreq.o
    0x080026fc   0x080026fc   0x00000034   Code   RO         2760    i.USBD_StdItfReq    usbd_ctlreq.o
    0x08002730   0x08002730   0x00000002   Code   RO          372    i.USBD_static_free  usbd_conf.o
    0x08002732   0x08002732   0x00000002   PAD
    0x08002734   0x08002734   0x00000008   Code   RO          373    i.USBD_static_malloc  usbd_conf.o
    0x0800273c   0x0800273c   0x0000025c   Code   RO         1268    i.USB_ActivateEndpoint  stm32f1xx_ll_usb.o
    0x08002998   0x08002998   0x00000004   Code   RO         1271    i.USB_CoreInit      stm32f1xx_ll_usb.o
    0x0800299c   0x0800299c   0x00000124   Code   RO         1273    i.USB_DeactivateEndpoint  stm32f1xx_ll_usb.o
    0x08002ac0   0x08002ac0   0x00000004   Code   RO         1274    i.USB_DevConnect    stm32f1xx_ll_usb.o
    0x08002ac4   0x08002ac4   0x00000004   Code   RO         1275    i.USB_DevDisconnect  stm32f1xx_ll_usb.o
    0x08002ac8   0x08002ac8   0x0000001e   Code   RO         1276    i.USB_DevInit       stm32f1xx_ll_usb.o
    0x08002ae6   0x08002ae6   0x0000000e   Code   RO         1277    i.USB_DisableGlobalInt  stm32f1xx_ll_usb.o
    0x08002af4   0x08002af4   0x00000004   Code   RO         1278    i.USB_EP0_OutStart  stm32f1xx_ll_usb.o
    0x08002af8   0x08002af8   0x0000006a   Code   RO         1279    i.USB_EPClearStall  stm32f1xx_ll_usb.o
    0x08002b62   0x08002b62   0x0000004a   Code   RO         1280    i.USB_EPSetStall    stm32f1xx_ll_usb.o
    0x08002bac   0x08002bac   0x000001aa   Code   RO         1281    i.USB_EPStartXfer   stm32f1xx_ll_usb.o
    0x08002d56   0x08002d56   0x0000000e   Code   RO         1282    i.USB_EnableGlobalInt  stm32f1xx_ll_usb.o
    0x08002d64   0x08002d64   0x00000004   Code   RO         1283    i.USB_FlushRxFifo   stm32f1xx_ll_usb.o
    0x08002d68   0x08002d68   0x00000004   Code   RO         1284    i.USB_FlushTxFifo   stm32f1xx_ll_usb.o
    0x08002d6c   0x08002d6c   0x0000000c   Code   RO          696    i.USB_LP_CAN1_RX0_IRQHandler  stm32f1xx_it.o
    0x08002d78   0x08002d78   0x00000006   Code   RO         1289    i.USB_ReadInterrupts  stm32f1xx_ll_usb.o
    0x08002d7e   0x08002d7e   0x00000002   PAD
    0x08002d80   0x08002d80   0x0000001e   Code   RO         1290    i.USB_ReadPMA       stm32f1xx_ll_usb.o
    0x08002d9e   0x08002d9e   0x00000004   Code   RO         1292    i.USB_SetCurrentMode  stm32f1xx_ll_usb.o
    0x08002da2   0x08002da2   0x0000000c   Code   RO         1293    i.USB_SetDevAddress  stm32f1xx_ll_usb.o
    0x08002dae   0x08002dae   0x00000012   Code   RO         1294    i.USB_StopDevice    stm32f1xx_ll_usb.o
    0x08002dc0   0x08002dc0   0x00000026   Code   RO         1295    i.USB_WritePMA      stm32f1xx_ll_usb.o
    0x08002de6   0x08002de6   0x00000002   Code   RO          697    i.UsageFault_Handler  stm32f1xx_it.o
    0x08002de8   0x08002de8   0x0000000e   Code   RO         3156    i.__scatterload_copy  mc_w.l(handlers.o)
    0x08002df6   0x08002df6   0x00000002   Code   RO         3157    i.__scatterload_null  mc_w.l(handlers.o)
    0x08002df8   0x08002df8   0x0000000e   Code   RO         3158    i.__scatterload_zeroinit  mc_w.l(handlers.o)
    0x08002e06   0x08002e06   0x00000002   PAD
    0x08002e08   0x08002e08   0x00000088   Code   RO           13    i._fat32_read_dir_entry  fat32.o
    0x08002e90   0x08002e90   0x00000078   Code   RO           14    i._fat32_read_fat_table  fat32.o
    0x08002f08   0x08002f08   0x0000012c   Code   RO           15    i._fat32_write_firmware  fat32.o
    0x08003034   0x08003034   0x00000028   Code   RO          842    i.crypt_decrypt     crypt.o
    0x0800305c   0x0800305c   0x00000010   Code   RO          843    i.crypt_init        crypt.o
    0x0800306c   0x0800306c   0x000000c0   Code   RO           16    i.fat32_read        fat32.o
    0x0800312c   0x0800312c   0x00000054   Code   RO           17    i.fat32_write       fat32.o
    0x08003180   0x08003180   0x000000ac   Code   RO          844    i.gen_iv_by_lfsr    crypt.o
    0x0800322c   0x0800322c   0x0000000c   Code   RO          794    i.ihex_is_crypt_mode  ihex_parser.o
    0x08003238   0x08003238   0x0000000c   Code   RO          795    i.ihex_is_eof       ihex_parser.o
    0x08003244   0x08003244   0x000001a4   Code   RO          796    i.ihex_parser       ihex_parser.o
    0x080033e8   0x080033e8   0x00000018   Code   RO          797    i.ihex_reset_state  ihex_parser.o
    0x08003400   0x08003400   0x0000000c   Code   RO          798    i.ihex_set_callback_func  ihex_parser.o
    0x0800340c   0x0800340c   0x00000030   Code   RO          164    i.is_appcode_exist  main.o
    0x0800343c   0x0800343c   0x00000014   Code   RO          165    i.is_button_down    main.o
    0x08003450   0x08003450   0x000000b0   Code   RO          166    i.main              main.o
    0x08003500   0x08003500   0x0000005a   Data   RO           18    .constdata          fat32.o
    0x0800355a   0x0800355a   0x00000024   Data   RO          634    .constdata          usbd_storage_if.o
    0x0800357e   0x0800357e   0x00000030   Data   RO          846    .constdata          crypt.o
    0x080035ae   0x080035ae   0x0000010b   Data   RO          883    .constdata          aes.o
    0x080036b9   0x080036b9   0x00000007   Data   RO         3033    .constdata          usbd_msc_data.o
    0x080036c0   0x080036c0   0x00000008   Data   RO         3034    .constdata          usbd_msc_data.o
    0x080036c8   0x080036c8   0x00000008   Data   RO         3035    .constdata          usbd_msc_data.o
    0x080036d0   0x080036d0   0x00000020   Data   RO         3154    Region$$Table       anon$$obj.o


    Execution Region RW_IRAM1 (Exec base: 0x20000000, Load base: 0x080036f0, Size: 0x00001258, Max: 0x00005000, ABSOLUTE, COMPRESSED[0x000000a8])

    Exec Addr    Load Addr    Size         Type   Attr      Idx    E Section Name        Object

    0x20000000   COMPRESSED   0x00000004   Data   RW          167    .data               main.o
    0x20000004   COMPRESSED   0x0000001c   Data   RW          563    .data               usbd_desc.o
    0x20000020   COMPRESSED   0x00000032   Data   RW          564    .data               usbd_desc.o
    0x20000052   COMPRESSED   0x00000002   PAD
    0x20000054   COMPRESSED   0x00000020   Data   RW          635    .data               usbd_storage_if.o
    0x20000074   COMPRESSED   0x00000014   Data   RW          800    .data               ihex_parser.o
    0x20000088   COMPRESSED   0x0000000c   Data   RW         1709    .data               stm32f1xx_hal.o
    0x20000094   COMPRESSED   0x00000004   Data   RW         2581    .data               system_stm32f1xx.o
    0x20000098   COMPRESSED   0x00000001   Data   RW         2761    .data               usbd_ctlreq.o
    0x20000099   COMPRESSED   0x00000003   PAD
    0x2000009c   COMPRESSED   0x00000038   Data   RW         2888    .data               usbd_msc.o
    0x200000d4   COMPRESSED   0x0000006a   Data   RW         2889    .data               usbd_msc.o
    0x2000013e   COMPRESSED   0x00000002   PAD
    0x20000140        -       0x00000224   Zero   RW          273    .bss                usb_device.o
    0x20000364        -       0x000006d0   Zero   RW          374    .bss                usbd_conf.o
    0x20000a34        -       0x00000200   Zero   RW          562    .bss                usbd_desc.o
    0x20000c34        -       0x000000ff   Zero   RW          799    .bss                ihex_parser.o
    0x20000d33        -       0x00000100   Zero   RW          845    .bss                crypt.o
    0x20000e33   COMPRESSED   0x00000005   PAD
    0x20000e38        -       0x00000020   Zero   RW         2403    .bss                stm32f1xx_hal_flash.o
    0x20000e58        -       0x00000400   Zero   RW            1    STACK               startup_stm32f103xb.o


==============================================================================

Image component sizes


      Code (inc. data)   RO Data    RW Data    ZI Data      Debug   Object Name

       738         14        267          0          0       6231   aes.o
       228         20         48          0        256       2381   crypt.o
       832         72         90          0          0     381983   fat32.o
       480         46          0         20        255       4785   ihex_parser.o
       486         60          0          4          0      57187   main.o
        36          8        236          0       1024        808   startup_stm32f103xb.o
       162         30          0         12          0       6370   stm32f1xx_hal.o
       194         14          0          0          0      25795   stm32f1xx_hal_cortex.o
       392         46          0          0         32       4778   stm32f1xx_hal_flash.o
       240         26          0          0          0       3269   stm32f1xx_hal_flash_ex.o
        60          8          0          0          0        858   stm32f1xx_hal_msp.o
      1910          0          0          0          0      11507   stm32f1xx_hal_pcd.o
        52          0          0          0          0       1190   stm32f1xx_hal_pcd_ex.o
        32          6          0          0          0       4303   stm32f1xx_it.o
       240          0          0          0          0      10343   stm32f1xx_ll_gpio.o
      1692          0          0          0          0      14400   stm32f1xx_ll_usb.o
        68          6          0          0          0       5601   stm32f1xx_ll_utils.o
        72         16          0          4          0       1175   system_stm32f1xx.o
        84         18          0          0        548       5941   usb_device.o
       546         28          0          0       1744      14219   usbd_conf.o
       592          0          0          0          0       9252   usbd_core.o
       986         30          0          1          0       7804   usbd_ctlreq.o
       284        100          0         78        512       5717   usbd_desc.o
       102          0          0          0          0       3692   usbd_ioreq.o
       398         16          0        162          0       9188   usbd_msc.o
       586         12          0          0          0       7117   usbd_msc_bot.o
         0          0         23          0          0        901   usbd_msc_data.o
      1412         12          0          0          0      10383   usbd_msc_scsi.o
       120          0         36         32          0       4915   usbd_storage_if.o

    ----------------------------------------------------------------------
     13050        588        732        320       4376     622093   Object Totals
         0          0         32          0          0          0   (incl. Generated)
        26          0          0          7          5          0   (incl. Padding)

    ----------------------------------------------------------------------

      Code (inc. data)   RO Data    RW Data    ZI Data      Debug   Library Member Name

        86          0          0          0          0          0   __dczerorl2.o
         0          0          0          0          0          0   entry.o
         0          0          0          0          0          0   entry10a.o
         0          0          0          0          0          0   entry11a.o
         4          0          0          0          0          0   entry12b.o
         8          4          0          0          0          0   entry2.o
         4          0          0          0          0          0   entry5.o
         0          0          0          0          0          0   entry7b.o
         0          0          0          0          0          0   entry8b.o
         8          4          0          0          0          0   entry9a.o
        30          0          0          0          0          0   handlers.o
        36          8          0          0          0         68   init.o
        32          0          0          0          0         68   llushr.o
        36          0          0          0          0         68   memcpya.o
        36          0          0          0          0        108   memseta.o

    ----------------------------------------------------------------------
       282         16          0          0          0        312   Library Totals
         2          0          0          0          0          0   (incl. Padding)

    ----------------------------------------------------------------------

      Code (inc. data)   RO Data    RW Data    ZI Data      Debug   Library Name

       280         16          0          0          0        312   mc_w.l

    ----------------------------------------------------------------------
       282         16          0          0          0        312   Library Totals

    ----------------------------------------------------------------------

==============================================================================


      Code (inc. data)   RO Data    RW Data    ZI Data      Debug   

     13332        604        732        320       4376     612861   Grand Totals
     13332        604        732        168       4376     612861   ELF Image Totals (compressed)
     13332        604        732        168          0          0   ROM Totals

==============================================================================

    Total RO  Size (Code + RO Data)                14064 (  13.73kB)
    Total RW  Size (RW Data + ZI Data)              4696 (   4.59kB)
    Total ROM Size (Code + RO Data + RW Data)      14232 (  13.90kB)

==============================================================================

