Component: ARM Compiler 5.05 update 2 (build 169) Tool: armlink [4d0f33]

==============================================================================

Section Cross References

    startup_stm32f103xb.o(RESET) refers to startup_stm32f103xb.o(STACK) for __initial_sp
    startup_stm32f103xb.o(RESET) refers to startup_stm32f103xb.o(.text) for Reset_Handler
    startup_stm32f103xb.o(RESET) refers to stm32f1xx_it.o(i.NMI_Handler) for NMI_Handler
    startup_stm32f103xb.o(RESET) refers to stm32f1xx_it.o(i.HardFault_Handler) for HardFault_Handler
    startup_stm32f103xb.o(RESET) refers to stm32f1xx_it.o(i.MemManage_Handler) for MemManage_Handler
    startup_stm32f103xb.o(RESET) refers to stm32f1xx_it.o(i.BusFault_Handler) for BusFault_Handler
    startup_stm32f103xb.o(RESET) refers to stm32f1xx_it.o(i.UsageFault_Handler) for UsageFault_Handler
    startup_stm32f103xb.o(RESET) refers to stm32f1xx_it.o(i.SVC_Handler) for SVC_Handler
    startup_stm32f103xb.o(RESET) refers to stm32f1xx_it.o(i.DebugMon_Handler) for DebugMon_Handler
    startup_stm32f103xb.o(RESET) refers to stm32f1xx_it.o(i.PendSV_Handler) for PendSV_Handler
    startup_stm32f103xb.o(RESET) refers to stm32f1xx_it.o(i.SysTick_Handler) for SysTick_Handler
    startup_stm32f103xb.o(RESET) refers to stm32f1xx_it.o(i.USB_LP_CAN1_RX0_IRQHandler) for USB_LP_CAN1_RX0_IRQHandler
    startup_stm32f103xb.o(.text) refers to system_stm32f1xx.o(i.SystemInit) for SystemInit
    startup_stm32f103xb.o(.text) refers to entry.o(.ARM.Collect$$$$00000000) for __main
    fat32.o(i._fat32_read_dir_entry) refers to memseta.o(.text) for __aeabi_memclr
    fat32.o(i._fat32_read_dir_entry) refers to strlen.o(.text) for strlen
    fat32.o(i._fat32_read_dir_entry) refers to fat32.o(.constdata) for .constdata
    fat32.o(i._fat32_write_firmware) refers to stm32f1xx_hal_flash.o(i.HAL_FLASH_Unlock) for HAL_FLASH_Unlock
    fat32.o(i._fat32_write_firmware) refers to ihex_parser.o(i.ihex_is_crypt_mode) for ihex_is_crypt_mode
    fat32.o(i._fat32_write_firmware) refers to crypt.o(i.crypt_decrypt) for crypt_decrypt
    fat32.o(i._fat32_write_firmware) refers to stm32f1xx_hal_flash_ex.o(i.HAL_FLASHEx_Erase) for HAL_FLASHEx_Erase
    fat32.o(i._fat32_write_firmware) refers to stm32f1xx_hal_flash.o(i.HAL_FLASH_Program) for HAL_FLASH_Program
    fat32.o(i._fat32_write_firmware) refers to stm32f1xx_hal_flash.o(i.HAL_FLASH_Lock) for HAL_FLASH_Lock
    fat32.o(i.fat32_read) refers to fat32.o(i._fat32_read_fat_table) for _fat32_read_fat_table
    fat32.o(i.fat32_read) refers to memcpya.o(.text) for __aeabi_memcpy
    fat32.o(i.fat32_read) refers to memseta.o(.text) for __aeabi_memclr
    fat32.o(i.fat32_read) refers to fat32.o(i._fat32_read_dir_entry) for _fat32_read_dir_entry
    fat32.o(i.fat32_read) refers to fat32.o(.constdata) for .constdata
    fat32.o(i.fat32_write) refers to ihex_parser.o(i.ihex_reset_state) for ihex_reset_state
    fat32.o(i.fat32_write) refers to ihex_parser.o(i.ihex_set_callback_func) for ihex_set_callback_func
    fat32.o(i.fat32_write) refers to ihex_parser.o(i.ihex_parser) for ihex_parser
    fat32.o(i.fat32_write) refers to fat32.o(i._fat32_write_firmware) for _fat32_write_firmware
    main.o(i.SystemClock_Config) refers to stm32f1xx_ll_utils.o(i.LL_Init1msTick) for LL_Init1msTick
    main.o(i.SystemClock_Config) refers to stm32f1xx_ll_utils.o(i.LL_SetSystemCoreClock) for LL_SetSystemCoreClock
    main.o(i.SystemReset) refers to stm32f1xx_ll_utils.o(i.LL_mDelay) for LL_mDelay
    main.o(i.SystemReset) refers to stm32f1xx_hal_pcd.o(i.HAL_PCD_Stop) for HAL_PCD_Stop
    main.o(i.SystemReset) refers to usbd_conf.o(.bss) for hpcd_USB_FS
    main.o(i.app_cks_valid) refers to crc.o(i.crc32_calculate) for crc32_calculate
    main.o(i.bootkey_detected) refers to main.o(._bootkey_section.btldr_act_req_key) for ._bootkey_section.btldr_act_req_key
    main.o(i.main) refers to stm32f1xx_hal.o(i.HAL_Init) for HAL_Init
    main.o(i.main) refers to main.o(i.SystemClock_Config) for SystemClock_Config
    main.o(i.main) refers to memseta.o(.text) for __aeabi_memclr4
    main.o(i.main) refers to stm32f1xx_ll_gpio.o(i.LL_GPIO_Init) for LL_GPIO_Init
    main.o(i.main) refers to main.o(i.is_appcode_exist) for is_appcode_exist
    main.o(i.main) refers to main.o(i.is_button_down) for is_button_down
    main.o(i.main) refers to main.o(i.app_cks_valid) for app_cks_valid
    main.o(i.main) refers to main.o(i.bootkey_detected) for bootkey_detected
    main.o(i.main) refers to crypt.o(i.crypt_init) for crypt_init
    main.o(i.main) refers to usb_device.o(i.MX_USB_DEVICE_Init) for MX_USB_DEVICE_Init
    main.o(i.main) refers to ihex_parser.o(i.ihex_is_eof) for ihex_is_eof
    main.o(i.main) refers to main.o(i.SystemReset) for SystemReset
    main.o(i.main) refers to stm32f1xx_hal.o(i.HAL_DeInit) for HAL_DeInit
    main.o(i.main) refers to main.o(._bootkey_section.btldr_act_req_key) for ._bootkey_section.btldr_act_req_key
    main.o(i.main) refers to main.o(.data) for .data
[...]
    ..\Drivers\STM32F1xx_HAL_Driver\Src\stm32f1xx_hal_tim.c 0x00000000   Number         0  stm32f1xx_hal_tim.o ABSOLUTE
    ..\Drivers\STM32F1xx_HAL_Driver\Src\stm32f1xx_hal_tim_ex.c 0x00000000   Number         0  stm32f1xx_hal_tim_ex.o ABSOLUTE
    ..\Drivers\STM32F1xx_HAL_Driver\Src\stm32f1xx_ll_exti.c 0x00000000   Number         0  stm32f1xx_ll_exti.o ABSOLUTE
    ..\Drivers\STM32F1xx_HAL_Driver\Src\stm32f1xx_ll_gpio.c 0x00000000   Number         0  stm32f1xx_ll_gpio.o ABSOLUTE
    ..\Drivers\STM32F1xx_HAL_Driver\Src\stm32f1xx_ll_rcc.c 0x00000000   Number         0  stm32f1xx_ll_rcc.o ABSOLUTE
    ..\Drivers\STM32F1xx_HAL_Driver\Src\stm32f1xx_ll_usb.c 0x00000000   Number         0  stm32f1xx_ll_usb.o ABSOLUTE
    ..\Drivers\STM32F1xx_HAL_Driver\Src\stm32f1xx_ll_utils.c 0x00000000   Number         0  stm32f1xx_ll_utils.o ABSOLUTE
    ..\Middlewares\ST\STM32_USB_Device_Library\Class\MSC\Src\usbd_msc.c 0x00000000   Number         0  usbd_msc.o ABSOLUTE
    ..\Middlewares\ST\STM32_USB_Device_Library\Class\MSC\Src\usbd_msc_bot.c 0x00000000   Number         0  usbd_msc_bot.o ABSOLUTE
    ..\Middlewares\ST\STM32_USB_Device_Library\Class\MSC\Src\usbd_msc_data.c 0x00000000   Number         0  usbd_msc_data.o ABSOLUTE
    ..\Middlewares\ST\STM32_USB_Device_Library\Class\MSC\Src\usbd_msc_scsi.c 0x00000000   Number         0  usbd_msc_scsi.o ABSOLUTE
    ..\Middlewares\ST\STM32_USB_Device_Library\Core\Src\usbd_core.c 0x00000000   Number         0  usbd_core.o ABSOLUTE
    ..\Middlewares\ST\STM32_USB_Device_Library\Core\Src\usbd_ctlreq.c 0x00000000   Number         0  usbd_ctlreq.o ABSOLUTE
    ..\Middlewares\ST\STM32_USB_Device_Library\Core\Src\usbd_ioreq.c 0x00000000   Number         0  usbd_ioreq.o ABSOLUTE
    ..\Src\aes.c                             0x00000000   Number         0  aes.o ABSOLUTE
    ..\Src\crc.c                             0x00000000   Number         0  crc.o ABSOLUTE
    ..\Src\crypt.c                           0x00000000   Number         0  crypt.o ABSOLUTE
    ..\Src\fat32.c                           0x00000000   Number         0  fat32.o ABSOLUTE
    ..\Src\ihex_parser.c                     0x00000000   Number         0  ihex_parser.o ABSOLUTE
    ..\Src\main.c                            0x00000000   Number         0  main.o ABSOLUTE
    ..\Src\stm32f1xx_hal_msp.c               0x00000000   Number         0  stm32f1xx_hal_msp.o ABSOLUTE
    ..\Src\stm32f1xx_it.c                    0x00000000   Number         0  stm32f1xx_it.o ABSOLUTE
    ..\Src\system_stm32f1xx.c                0x00000000   Number         0  system_stm32f1xx.o ABSOLUTE
    ..\Src\usb_device.c                      0x00000000   Number         0  usb_device.o ABSOLUTE
    ..\Src\usbd_conf.c                       0x00000000   Number         0  usbd_conf.o ABSOLUTE
    ..\Src\usbd_desc.c                       0x00000000   Number         0  usbd_desc.o ABSOLUTE
    ..\Src\usbd_storage_if.c                 0x00000000   Number         0  usbd_storage_if.o ABSOLUTE
    ..\\Src\\crc.c                           0x00000000   Number         0  crc.o ABSOLUTE
    ..\\Src\\fat32.c                         0x00000000   Number         0  fat32.o ABSOLUTE
    ..\\Src\\ihex_parser.c                   0x00000000   Number         0  ihex_parser.o ABSOLUTE
    dc.s                                     0x00000000   Number         0  dc.o ABSOLUTE
    handlers.s                               0x00000000   Number         0  handlers.o ABSOLUTE
    init.s                                   0x00000000   Number         0  init.o ABSOLUTE
    startup_stm32f103xb.s                    0x00000000   Number         0  startup_stm32f103xb.o ABSOLUTE
    RESET                                    0x08000000   Section      236  startup_stm32f103xb.o(RESET)
    .ARM.Collect$$$$00000000                 0x080000ec   Section        0  entry.o(.ARM.Collect$$$$00000000)
    .ARM.Collect$$$$00000001                 0x080000ec   Section        4  entry2.o(.ARM.Collect$$$$00000001)
    .ARM.Collect$$$$00000004                 0x080000f0   Section        4  entry5.o(.ARM.Collect$$$$00000004)
    .ARM.Collect$$$$00000008                 0x080000f4   Section        0  entry7b.o(.ARM.Collect$$$$00000008)
    .ARM.Collect$$$$0000000A                 0x080000f4   Section        0  entry8b.o(.ARM.Collect$$$$0000000A)
    .ARM.Collect$$$$0000000B                 0x080000f4   Section        8  entry9a.o(.ARM.Collect$$$$0000000B)
    .ARM.Collect$$$$0000000D                 0x080000fc   Section        0  entry10a.o(.ARM.Collect$$$$0000000D)
    .ARM.Collect$$$$0000000F                 0x080000fc   Section        0  entry11a.o(.ARM.Collect$$$$0000000F)
    .ARM.Collect$$$$00002712                 0x080000fc   Section        4  entry2.o(.ARM.Collect$$$$00002712)
    __lit__00000000                          0x080000fc   Data           4  entry2.o(.ARM.Collect$$$$00002712)
    .text                                    0x08000100   Section       36  startup_stm32f103xb.o(.text)
    .text                                    0x08000124   Section        0  llushr.o(.text)
    .text                                    0x08000144   Section        0  memcpya.o(.text)
    .text                                    0x08000168   Section        0  memseta.o(.text)
    .text                                    0x0800018c   Section        0  strlen.o(.text)
    .text                                    0x0800019c   Section       36  init.o(.text)
    .text                                    0x080001c0   Section        0  __dczerorl2.o(.text)
    i.AES_CTR_xcrypt_buffer                  0x08000216   Section        0  aes.o(i.AES_CTR_xcrypt_buffer)
    i.AES_ctx_set_iv                         0x0800025e   Section        0  aes.o(i.AES_ctx_set_iv)
    i.AES_init_ctx                           0x08000266   Section        0  aes.o(i.AES_init_ctx)
    i.AddRoundKey                            0x0800026a   Section        0  aes.o(i.AddRoundKey)
    AddRoundKey                              0x0800026b   Thumb Code    48  aes.o(i.AddRoundKey)
    i.BusFault_Handler                       0x0800029a   Section        0  stm32f1xx_it.o(i.BusFault_Handler)
    i.Cipher                                 0x0800029c   Section        0  aes.o(i.Cipher)
    Cipher                                   0x0800029d   Thumb Code   142  aes.o(i.Cipher)
    i.DebugMon_Handler                       0x08000330   Section        0  stm32f1xx_it.o(i.DebugMon_Handler)
    i.Error_Handler                          0x08000332   Section        0  main.o(i.Error_Handler)
    i.FLASH_MassErase                        0x08000334   Section        0  stm32f1xx_hal_flash_ex.o(i.FLASH_MassErase)
    FLASH_MassErase                          0x08000335   Thumb Code    26  stm32f1xx_hal_flash_ex.o(i.FLASH_MassErase)
    i.FLASH_PageErase                        0x08000358   Section        0  stm32f1xx_hal_flash_ex.o(i.FLASH_PageErase)
    i.FLASH_Program_HalfWord                 0x0800037c   Section        0  stm32f1xx_hal_flash.o(i.FLASH_Program_HalfWord)
    FLASH_Program_HalfWord                   0x0800037d   Thumb Code    20  stm32f1xx_hal_flash.o(i.FLASH_Program_HalfWord)
    i.FLASH_SetErrorCode                     0x08000398   Section        0  stm32f1xx_hal_flash.o(i.FLASH_SetErrorCode)
    FLASH_SetErrorCode                       0x08000399   Thumb Code    84  stm32f1xx_hal_flash.o(i.FLASH_SetErrorCode)
    i.FLASH_WaitForLastOperation             0x080003f4   Section        0  stm32f1xx_hal_flash.o(i.FLASH_WaitForLastOperation)
    i.GenNewIV                               0x08000448   Section        0  aes.o(i.GenNewIV)
    i.HAL_DeInit                             0x080004a4   Section        0  stm32f1xx_hal.o(i.HAL_DeInit)
    i.HAL_FLASHEx_Erase                      0x080004c4   Section        0  stm32f1xx_hal_flash_ex.o(i.HAL_FLASHEx_Erase)
    i.HAL_FLASH_Lock                         0x0800056c   Section        0  stm32f1xx_hal_flash.o(i.HAL_FLASH_Lock)
    i.HAL_FLASH_Program                      0x08000580   Section        0  stm32f1xx_hal_flash.o(i.HAL_FLASH_Program)
    i.HAL_FLASH_Unlock                       0x08000600   Section        0  stm32f1xx_hal_flash.o(i.HAL_FLASH_Unlock)
    i.HAL_GetTick                            0x08000628   Section        0  stm32f1xx_hal.o(i.HAL_GetTick)
    i.HAL_IncTick                            0x08000634   Section        0  stm32f1xx_hal.o(i.HAL_IncTick)
    i.HAL_Init                               0x08000644   Section        0  stm32f1xx_hal.o(i.HAL_Init)
    i.HAL_InitTick                           0x08000668   Section        0  stm32f1xx_hal.o(i.HAL_InitTick)
    i.HAL_MspDeInit                          0x080006a8   Section        0  stm32f1xx_hal.o(i.HAL_MspDeInit)
    i.HAL_MspInit                            0x080006ac   Section        0  stm32f1xx_hal_msp.o(i.HAL_MspInit)
    i.HAL_NVIC_EnableIRQ                     0x080006e8   Section        0  stm32f1xx_hal_cortex.o(i.HAL_NVIC_EnableIRQ)
    i.HAL_NVIC_SetPriority                   0x08000700   Section        0  stm32f1xx_hal_cortex.o(i.HAL_NVIC_SetPriority)
    i.HAL_NVIC_SetPriorityGrouping           0x08000740   Section        0  stm32f1xx_hal_cortex.o(i.HAL_NVIC_SetPriorityGrouping)
    i.HAL_PCDEx_PMAConfig                    0x08000764   Section        0  stm32f1xx_hal_pcd_ex.o(i.HAL_PCDEx_PMAConfig)
    i.HAL_PCDEx_SetConnectionState           0x08000798   Section        0  usbd_conf.o(i.HAL_PCDEx_SetConnectionState)
    i.HAL_PCD_DataInStageCallback            0x0800079a   Section        0  usbd_conf.o(i.HAL_PCD_DataInStageCallback)
    i.HAL_PCD_DataOutStageCallback           0x080007a8   Section        0  usbd_conf.o(i.HAL_PCD_DataOutStageCallback)
    i.HAL_PCD_EP_Close                       0x080007b8   Section        0  stm32f1xx_hal_pcd.o(i.HAL_PCD_EP_Close)
    i.HAL_PCD_EP_ClrStall                    0x080007f8   Section        0  stm32f1xx_hal_pcd.o(i.HAL_PCD_EP_ClrStall)
    i.HAL_PCD_EP_Flush                       0x08000840   Section        0  stm32f1xx_hal_pcd.o(i.HAL_PCD_EP_Flush)
    i.HAL_PCD_EP_GetRxCount                  0x08000874   Section        0  stm32f1xx_hal_pcd.o(i.HAL_PCD_EP_GetRxCount)
    i.HAL_PCD_EP_Open                        0x08000884   Section        0  stm32f1xx_hal_pcd.o(i.HAL_PCD_EP_Open)
    i.HAL_PCD_EP_Receive                     0x080008c8   Section        0  stm32f1xx_hal_pcd.o(i.HAL_PCD_EP_Receive)
    i.HAL_PCD_EP_SetStall                    0x080008f6   Section        0  stm32f1xx_hal_pcd.o(i.HAL_PCD_EP_SetStall)
    i.HAL_PCD_EP_Transmit                    0x0800094c   Section        0  stm32f1xx_hal_pcd.o(i.HAL_PCD_EP_Transmit)
    i.HAL_PCD_IRQHandler                     0x08000976   Section        0  stm32f1xx_hal_pcd.o(i.HAL_PCD_IRQHandler)
    i.HAL_PCD_Init                           0x08000a84   Section        0  stm32f1xx_hal_pcd.o(i.HAL_PCD_Init)
    i.HAL_PCD_MspInit                        0x08000b44   Section        0  usbd_conf.o(i.HAL_PCD_MspInit)
    i.HAL_PCD_ResetCallback                  0x08000b80   Section        0  usbd_conf.o(i.HAL_PCD_ResetCallback)
    i.HAL_PCD_ResumeCallback                 0x08000ba6   Section        0  usbd_conf.o(i.HAL_PCD_ResumeCallback)
    i.HAL_PCD_SOFCallback                    0x08000bae   Section        0  usbd_conf.o(i.HAL_PCD_SOFCallback)
    i.HAL_PCD_SetAddress                     0x08000bb6   Section        0  stm32f1xx_hal_pcd.o(i.HAL_PCD_SetAddress)
    i.HAL_PCD_SetupStageCallback             0x08000bde   Section        0  usbd_conf.o(i.HAL_PCD_SetupStageCallback)
    i.HAL_PCD_Start                          0x08000bec   Section        0  stm32f1xx_hal_pcd.o(i.HAL_PCD_Start)
    i.HAL_PCD_Stop                           0x08000c1e   Section        0  stm32f1xx_hal_pcd.o(i.HAL_PCD_Stop)
    i.HAL_PCD_SuspendCallback                0x08000c50   Section        0  usbd_conf.o(i.HAL_PCD_SuspendCallback)
    i.HAL_SYSTICK_Config                     0x08000c74   Section        0  stm32f1xx_hal_cortex.o(i.HAL_SYSTICK_Config)
    i.HardFault_Handler                      0x08000c9c   Section        0  stm32f1xx_it.o(i.HardFault_Handler)
    i.IntToUnicode                           0x08000ca0   Section        0  usbd_desc.o(i.IntToUnicode)
    IntToUnicode                             0x08000ca1   Thumb Code    56  usbd_desc.o(i.IntToUnicode)
    i.KeyExpansion                           0x08000cd8   Section        0  aes.o(i.KeyExpansion)
    KeyExpansion                             0x08000cd9   Thumb Code   208  aes.o(i.KeyExpansion)
    i.LL_GPIO_Init                           0x08000db0   Section        0  stm32f1xx_ll_gpio.o(i.LL_GPIO_Init)
    i.LL_Init1msTick                         0x08000ea0   Section        0  stm32f1xx_ll_utils.o(i.LL_Init1msTick)
    i.LL_SetSystemCoreClock                  0x08000ebc   Section        0  stm32f1xx_ll_utils.o(i.LL_SetSystemCoreClock)
    i.LL_mDelay                              0x08000ec8   Section        0  stm32f1xx_ll_utils.o(i.LL_mDelay)
    i.MSC_BOT_Abort                          0x08000ee6   Section        0  usbd_msc_bot.o(i.MSC_BOT_Abort)
    MSC_BOT_Abort                            0x08000ee7   Thumb Code    66  usbd_msc_bot.o(i.MSC_BOT_Abort)
    i.MSC_BOT_CBW_Decode                     0x08000f28   Section        0  usbd_msc_bot.o(i.MSC_BOT_CBW_Decode)
    MSC_BOT_CBW_Decode                       0x08000f29   Thumb Code   198  usbd_msc_bot.o(i.MSC_BOT_CBW_Decode)
    i.MSC_BOT_CplClrFeature                  0x08000ff4   Section        0  usbd_msc_bot.o(i.MSC_BOT_CplClrFeature)
    i.MSC_BOT_DataIn                         0x0800101e   Section        0  usbd_msc_bot.o(i.MSC_BOT_DataIn)
    i.MSC_BOT_DataOut                        0x08001058   Section        0  usbd_msc_bot.o(i.MSC_BOT_DataOut)
    i.MSC_BOT_DeInit                         0x08001092   Section        0  usbd_msc_bot.o(i.MSC_BOT_DeInit)
    i.MSC_BOT_Init                           0x0800109c   Section        0  usbd_msc_bot.o(i.MSC_BOT_Init)
    i.MSC_BOT_Reset                          0x080010de   Section        0  usbd_msc_bot.o(i.MSC_BOT_Reset)
    i.MSC_BOT_SendCSW                        0x080010f4   Section        0  usbd_msc_bot.o(i.MSC_BOT_SendCSW)
    i.MX_USB_DEVICE_Init                     0x08001130   Section        0  usb_device.o(i.MX_USB_DEVICE_Init)
    i.MemManage_Handler                      0x08001184   Section        0  stm32f1xx_it.o(i.MemManage_Handler)
    i.MixColumns                             0x08001188   Section        0  aes.o(i.MixColumns)
    MixColumns                               0x08001189   Thumb Code   154  aes.o(i.MixColumns)
    i.NMI_Handler                            0x08001222   Section        0  stm32f1xx_it.o(i.NMI_Handler)
    i.NVIC_SetPriority                       0x08001224   Section        0  stm32f1xx_hal_cortex.o(i.NVIC_SetPriority)
    NVIC_SetPriority                         0x08001225   Thumb Code    32  stm32f1xx_hal_cortex.o(i.NVIC_SetPriority)
    i.PCD_EP_ISR_Handler                     0x08001244   Section        0  stm32f1xx_hal_pcd.o(i.PCD_EP_ISR_Handler)
    PCD_EP_ISR_Handler                       0x08001245   Thumb Code   866  stm32f1xx_hal_pcd.o(i.PCD_EP_ISR_Handler)
    i.PendSV_Handler                         0x080015a6   Section        0  stm32f1xx_it.o(i.PendSV_Handler)
    i.SCSI_CheckAddressRange                 0x080015a8   Section        0  usbd_msc_scsi.o(i.SCSI_CheckAddressRange)
    SCSI_CheckAddressRange                   0x080015a9   Thumb Code    34  usbd_msc_scsi.o(i.SCSI_CheckAddressRange)
    i.SCSI_ProcessCmd                        0x080015cc   Section        0  usbd_msc_scsi.o(i.SCSI_ProcessCmd)
    i.SCSI_ProcessRead                       0x08001798   Section        0  usbd_msc_scsi.o(i.SCSI_ProcessRead)
    SCSI_ProcessRead                         0x08001799   Thumb Code   140  usbd_msc_scsi.o(i.SCSI_ProcessRead)
    i.SCSI_ProcessWrite                      0x08001824   Section        0  usbd_msc_scsi.o(i.SCSI_ProcessWrite)
    SCSI_ProcessWrite                        0x08001825   Thumb Code   152  usbd_msc_scsi.o(i.SCSI_ProcessWrite)
    i.SCSI_Read10                            0x080018bc   Section        0  usbd_msc_scsi.o(i.SCSI_Read10)
    SCSI_Read10                              0x080018bd   Thumb Code   170  usbd_msc_scsi.o(i.SCSI_Read10)
    i.SCSI_ReadCapacity10                    0x08001966   Section        0  usbd_msc_scsi.o(i.SCSI_ReadCapacity10)
    SCSI_ReadCapacity10                      0x08001967   Thumb Code    86  usbd_msc_scsi.o(i.SCSI_ReadCapacity10)
    i.SCSI_ReadFormatCapacity                0x080019bc   Section        0  usbd_msc_scsi.o(i.SCSI_ReadFormatCapacity)
    SCSI_ReadFormatCapacity                  0x080019bd   Thumb Code   110  usbd_msc_scsi.o(i.SCSI_ReadFormatCapacity)
    i.SCSI_SenseCode                         0x08001a2a   Section        0  usbd_msc_scsi.o(i.SCSI_SenseCode)
    i.SCSI_Write10                           0x08001a60   Section        0  usbd_msc_scsi.o(i.SCSI_Write10)
    SCSI_Write10                             0x08001a61   Thumb Code   202  usbd_msc_scsi.o(i.SCSI_Write10)
    i.STORAGE_GetCapacity_FS                 0x08001b2a   Section        0  usbd_storage_if.o(i.STORAGE_GetCapacity_FS)
    STORAGE_GetCapacity_FS                   0x08001b2b   Thumb Code    16  usbd_storage_if.o(i.STORAGE_GetCapacity_FS)
    i.STORAGE_GetMaxLun_FS                   0x08001b3a   Section        0  usbd_storage_if.o(i.STORAGE_GetMaxLun_FS)
    STORAGE_GetMaxLun_FS                     0x08001b3b   Thumb Code     4  usbd_storage_if.o(i.STORAGE_GetMaxLun_FS)
    i.STORAGE_Init_FS                        0x08001b3e   Section        0  usbd_storage_if.o(i.STORAGE_Init_FS)
    STORAGE_Init_FS                          0x08001b3f   Thumb Code     4  usbd_storage_if.o(i.STORAGE_Init_FS)
    i.STORAGE_IsReady_FS                     0x08001b42   Section        0  usbd_storage_if.o(i.STORAGE_IsReady_FS)
    STORAGE_IsReady_FS                       0x08001b43   Thumb Code     4  usbd_storage_if.o(i.STORAGE_IsReady_FS)
    i.STORAGE_IsWriteProtected_FS            0x08001b46   Section        0  usbd_storage_if.o(i.STORAGE_IsWriteProtected_FS)
    STORAGE_IsWriteProtected_FS              0x08001b47   Thumb Code     4  usbd_storage_if.o(i.STORAGE_IsWriteProtected_FS)
    i.STORAGE_Read_FS                        0x08001b4a   Section        0  usbd_storage_if.o(i.STORAGE_Read_FS)
    STORAGE_Read_FS                          0x08001b4b   Thumb Code    44  usbd_storage_if.o(i.STORAGE_Read_FS)
    i.STORAGE_Write_FS                       0x08001b76   Section        0  usbd_storage_if.o(i.STORAGE_Write_FS)
    STORAGE_Write_FS                         0x08001b77   Thumb Code    44  usbd_storage_if.o(i.STORAGE_Write_FS)
    i.SVC_Handler                            0x08001ba2   Section        0  stm32f1xx_it.o(i.SVC_Handler)
    i.SysTick_Handler                        0x08001ba4   Section        0  stm32f1xx_it.o(i.SysTick_Handler)
    i.SystemClock_Config                     0x08001ba8   Section        0  main.o(i.SystemClock_Config)
    i.SystemInit                             0x08001c5c   Section        0  system_stm32f1xx.o(i.SystemInit)
    i.SystemReset                            0x08001ca4   Section        0  main.o(i.SystemReset)
    i.USBD_ClrClassConfig                    0x08001d58   Section        0  usbd_core.o(i.USBD_ClrClassConfig)
    i.USBD_CtlContinueRx                     0x08001d66   Section        0  usbd_ioreq.o(i.USBD_CtlContinueRx)
    i.USBD_CtlContinueSendData               0x08001d76   Section        0  usbd_ioreq.o(i.USBD_CtlContinueSendData)
    i.USBD_CtlError                          0x08001d86   Section        0  usbd_ctlreq.o(i.USBD_CtlError)
    i.USBD_CtlReceiveStatus                  0x08001d9c   Section        0  usbd_ioreq.o(i.USBD_CtlReceiveStatus)
    i.USBD_CtlSendData                       0x08001db2   Section        0  usbd_ioreq.o(i.USBD_CtlSendData)
    i.USBD_CtlSendStatus                     0x08001dcc   Section        0  usbd_ioreq.o(i.USBD_CtlSendStatus)
    i.USBD_FS_ConfigStrDescriptor            0x08001de4   Section        0  usbd_desc.o(i.USBD_FS_ConfigStrDescriptor)
    i.USBD_FS_DeviceDescriptor               0x08001e04   Section        0  usbd_desc.o(i.USBD_FS_DeviceDescriptor)
    i.USBD_FS_InterfaceStrDescriptor         0x08001e10   Section        0  usbd_desc.o(i.USBD_FS_InterfaceStrDescriptor)
    i.USBD_FS_LangIDStrDescriptor            0x08001e34   Section        0  usbd_desc.o(i.USBD_FS_LangIDStrDescriptor)
    i.USBD_FS_ManufacturerStrDescriptor      0x08001e40   Section        0  usbd_desc.o(i.USBD_FS_ManufacturerStrDescriptor)
    i.USBD_FS_ProductStrDescriptor           0x08001e68   Section        0  usbd_desc.o(i.USBD_FS_ProductStrDescriptor)
    i.USBD_FS_SerialStrDescriptor            0x08001e90   Section        0  usbd_desc.o(i.USBD_FS_SerialStrDescriptor)
    i.USBD_GetDescriptor                     0x08001ec8   Section        0  usbd_ctlreq.o(i.USBD_GetDescriptor)
    USBD_GetDescriptor                       0x08001ec9   Thumb Code   224  usbd_ctlreq.o(i.USBD_GetDescriptor)
    i.USBD_GetString                         0x08001fa8   Section        0  usbd_ctlreq.o(i.USBD_GetString)
    i.USBD_Get_USB_Status                    0x08001fee   Section        0  usbd_conf.o(i.USBD_Get_USB_Status)
    USBD_Get_USB_Status                      0x08001fef   Thumb Code    24  usbd_conf.o(i.USBD_Get_USB_Status)
    i.USBD_Init                              0x08002006   Section        0  usbd_core.o(i.USBD_Init)
    i.USBD_LL_ClearStallEP                   0x08002030   Section        0  usbd_conf.o(i.USBD_LL_ClearStallEP)
    i.USBD_LL_CloseEP                        0x08002042   Section        0  usbd_conf.o(i.USBD_LL_CloseEP)
    i.USBD_LL_DataInStage                    0x08002054   Section        0  usbd_core.o(i.USBD_LL_DataInStage)
    i.USBD_LL_DataOutStage                   0x080020fe   Section        0  usbd_core.o(i.USBD_LL_DataOutStage)
    i.USBD_LL_FlushEP                        0x08002168   Section        0  usbd_conf.o(i.USBD_LL_FlushEP)
    i.USBD_LL_GetRxDataSize                  0x0800217a   Section        0  usbd_conf.o(i.USBD_LL_GetRxDataSize)
    i.USBD_LL_Init                           0x08002184   Section        0  usbd_conf.o(i.USBD_LL_Init)
    i.USBD_LL_IsStallEP                      0x080021f4   Section        0  usbd_conf.o(i.USBD_LL_IsStallEP)
    i.USBD_LL_OpenEP                         0x08002210   Section        0  usbd_conf.o(i.USBD_LL_OpenEP)
    i.USBD_LL_PrepareReceive                 0x08002228   Section        0  usbd_conf.o(i.USBD_LL_PrepareReceive)
    i.USBD_LL_Reset                          0x0800223a   Section        0  usbd_core.o(i.USBD_LL_Reset)
    i.USBD_LL_Resume                         0x08002278   Section        0  usbd_core.o(i.USBD_LL_Resume)
    i.USBD_LL_SOF                            0x08002284   Section        0  usbd_core.o(i.USBD_LL_SOF)
    i.USBD_LL_SetSpeed                       0x0800229c   Section        0  usbd_core.o(i.USBD_LL_SetSpeed)
    i.USBD_LL_SetUSBAddress                  0x080022a2   Section        0  usbd_conf.o(i.USBD_LL_SetUSBAddress)
    i.USBD_LL_SetupStage                     0x080022b4   Section        0  usbd_core.o(i.USBD_LL_SetupStage)
    i.USBD_LL_StallEP                        0x0800230e   Section        0  usbd_conf.o(i.USBD_LL_StallEP)
    i.USBD_LL_Start                          0x08002320   Section        0  usbd_conf.o(i.USBD_LL_Start)
    i.USBD_LL_Suspend                        0x08002332   Section        0  usbd_core.o(i.USBD_LL_Suspend)
    i.USBD_LL_Transmit                       0x08002344   Section        0  usbd_conf.o(i.USBD_LL_Transmit)
    i.USBD_MSC_DataIn                        0x08002356   Section        0  usbd_msc.o(i.USBD_MSC_DataIn)
    i.USBD_MSC_DataOut                       0x08002360   Section        0  usbd_msc.o(i.USBD_MSC_DataOut)
    i.USBD_MSC_DeInit                        0x0800236a   Section        0  usbd_msc.o(i.USBD_MSC_DeInit)
    i.USBD_MSC_GetDeviceQualifierDescriptor  0x08002398   Section        0  usbd_msc.o(i.USBD_MSC_GetDeviceQualifierDescriptor)
    i.USBD_MSC_GetFSCfgDesc                  0x080023a4   Section        0  usbd_msc.o(i.USBD_MSC_GetFSCfgDesc)
    i.USBD_MSC_GetHSCfgDesc                  0x080023b0   Section        0  usbd_msc.o(i.USBD_MSC_GetHSCfgDesc)
    i.USBD_MSC_GetOtherSpeedCfgDesc          0x080023bc   Section        0  usbd_msc.o(i.USBD_MSC_GetOtherSpeedCfgDesc)
    i.USBD_MSC_Init                          0x080023c8   Section        0  usbd_msc.o(i.USBD_MSC_Init)
    i.USBD_MSC_RegisterStorage               0x0800241a   Section        0  usbd_msc.o(i.USBD_MSC_RegisterStorage)
    i.USBD_MSC_Setup                         0x08002424   Section        0  usbd_msc.o(i.USBD_MSC_Setup)
    i.USBD_ParseSetupRequest                 0x080024e6   Section        0  usbd_ctlreq.o(i.USBD_ParseSetupRequest)
    i.USBD_RegisterClass                     0x0800250e   Section        0  usbd_core.o(i.USBD_RegisterClass)
    i.USBD_SetClassConfig                    0x0800251e   Section        0  usbd_core.o(i.USBD_SetClassConfig)
    i.USBD_SetConfig                         0x08002534   Section        0  usbd_ctlreq.o(i.USBD_SetConfig)
    USBD_SetConfig                           0x08002535   Thumb Code   110  usbd_ctlreq.o(i.USBD_SetConfig)
    i.USBD_Start                             0x080025a8   Section        0  usbd_core.o(i.USBD_Start)
    i.USBD_StdDevReq                         0x080025b2   Section        0  usbd_ctlreq.o(i.USBD_StdDevReq)
    i.USBD_StdEPReq                          0x080026a4   Section        0  usbd_ctlreq.o(i.USBD_StdEPReq)
    i.USBD_StdItfReq                         0x08002780   Section        0  usbd_ctlreq.o(i.USBD_StdItfReq)
    i.USBD_static_free                       0x080027b4   Section        0  usbd_conf.o(i.USBD_static_free)
    i.USBD_static_malloc                     0x080027b8   Section        0  usbd_conf.o(i.USBD_static_malloc)
    i.USB_ActivateEndpoint                   0x080027c0   Section        0  stm32f1xx_ll_usb.o(i.USB_ActivateEndpoint)
    i.USB_CoreInit                           0x08002a1c   Section        0  stm32f1xx_ll_usb.o(i.USB_CoreInit)
    i.USB_DeactivateEndpoint                 0x08002a20   Section        0  stm32f1xx_ll_usb.o(i.USB_DeactivateEndpoint)
    i.USB_DevConnect                         0x08002b44   Section        0  stm32f1xx_ll_usb.o(i.USB_DevConnect)
    i.USB_DevDisconnect                      0x08002b48   Section        0  stm32f1xx_ll_usb.o(i.USB_DevDisconnect)
    i.USB_DevInit                            0x08002b4c   Section        0  stm32f1xx_ll_usb.o(i.USB_DevInit)
    i.USB_DisableGlobalInt                   0x08002b6a   Section        0  stm32f1xx_ll_usb.o(i.USB_DisableGlobalInt)
    i.USB_EP0_OutStart                       0x08002b78   Section        0  stm32f1xx_ll_usb.o(i.USB_EP0_OutStart)
    i.USB_EPClearStall                       0x08002b7c   Section        0  stm32f1xx_ll_usb.o(i.USB_EPClearStall)
    i.USB_EPSetStall                         0x08002be6   Section        0  stm32f1xx_ll_usb.o(i.USB_EPSetStall)
    i.USB_EPStartXfer                        0x08002c30   Section        0  stm32f1xx_ll_usb.o(i.USB_EPStartXfer)
    i.USB_EnableGlobalInt                    0x08002dda   Section        0  stm32f1xx_ll_usb.o(i.USB_EnableGlobalInt)
    i.USB_FlushRxFifo                        0x08002de8   Section        0  stm32f1xx_ll_usb.o(i.USB_FlushRxFifo)
    i.USB_FlushTxFifo                        0x08002dec   Section        0  stm32f1xx_ll_usb.o(i.USB_FlushTxFifo)
    i.USB_LP_CAN1_RX0_IRQHandler             0x08002df0   Section        0  stm32f1xx_it.o(i.USB_LP_CAN1_RX0_IRQHandler)
    i.USB_ReadInterrupts                     0x08002dfc   Section        0  stm32f1xx_ll_usb.o(i.USB_ReadInterrupts)
    i.USB_ReadPMA                            0x08002e04   Section        0  stm32f1xx_ll_usb.o(i.USB_ReadPMA)
    i.USB_SetCurrentMode                     0x08002e22   Section        0  stm32f1xx_ll_usb.o(i.USB_SetCurrentMode)
    i.USB_SetDevAddress                      0x08002e26   Section        0  stm32f1xx_ll_usb.o(i.USB_SetDevAddress)
    i.USB_StopDevice                         0x08002e32   Section        0  stm32f1xx_ll_usb.o(i.USB_StopDevice)
    i.USB_WritePMA                           0x08002e44   Section        0  stm32f1xx_ll_usb.o(i.USB_WritePMA)
    i.UsageFault_Handler                     0x08002e6a   Section        0  stm32f1xx_it.o(i.UsageFault_Handler)
    i.__scatterload_copy                     0x08002e6c   Section       14  handlers.o(i.__scatterload_copy)
    i.__scatterload_null                     0x08002e7a   Section        2  handlers.o(i.__scatterload_null)
    i.__scatterload_zeroinit                 0x08002e7c   Section       14  handlers.o(i.__scatterload_zeroinit)
    i._fat32_read_dir_entry                  0x08002e8c   Section        0  fat32.o(i._fat32_read_dir_entry)
    _fat32_read_dir_entry                    0x08002e8d   Thumb Code   116  fat32.o(i._fat32_read_dir_entry)
    i._fat32_read_fat_table                  0x08002f1c   Section        0  fat32.o(i._fat32_read_fat_table)
    _fat32_read_fat_table                    0x08002f1d   Thumb Code   112  fat32.o(i._fat32_read_fat_table)
    i._fat32_write_firmware                  0x08002f94   Section        0  fat32.o(i._fat32_write_firmware)
    _fat32_write_firmware                    0x08002f95   Thumb Code   290  fat32.o(i._fat32_write_firmware)
    i.app_cks_valid                          0x080030c0   Section        0  main.o(i.app_cks_valid)
    i.bootkey_detected                       0x080030e8   Section        0  main.o(i.bootkey_detected)
    i.crc32_calculate                        0x08003104   Section        0  crc.o(i.crc32_calculate)
    i.crypt_decrypt                          0x08003174   Section        0  crypt.o(i.crypt_decrypt)
    i.crypt_init                             0x0800319c   Section        0  crypt.o(i.crypt_init)
    i.fat32_read                             0x080031ac   Section        0  fat32.o(i.fat32_read)
    i.fat32_write                            0x08003284   Section        0  fat32.o(i.fat32_write)
    i.gen_iv_by_lfsr                         0x080032d8   Section        0  crypt.o(i.gen_iv_by_lfsr)
    gen_iv_by_lfsr                           0x080032d9   Thumb Code   170  crypt.o(i.gen_iv_by_lfsr)
    i.ihex_is_crypt_mode                     0x08003388   Section        0  ihex_parser.o(i.ihex_is_crypt_mode)
    i.ihex_is_eof                            0x08003394   Section        0  ihex_parser.o(i.ihex_is_eof)
    i.ihex_parser                            0x080033a0   Section        0  ihex_parser.o(i.ihex_parser)
    i.ihex_reset_state                       0x08003544   Section        0  ihex_parser.o(i.ihex_reset_state)
    i.ihex_set_callback_func                 0x0800355c   Section        0  ihex_parser.o(i.ihex_set_callback_func)
    i.is_appcode_exist                       0x08003568   Section        0  main.o(i.is_appcode_exist)
    i.is_button_down                         0x08003598   Section        0  main.o(i.is_button_down)
    i.main                                   0x080035ac   Section        0  main.o(i.main)
    .constdata                               0x08003670   Section      183  fat32.o(.constdata)
    btldr_desc                               0x08003670   Data          93  fat32.o(.constdata)
    FAT32_MBR_DATA0                          0x080036cd   Data          90  fat32.o(.constdata)
    .constdata                               0x08003727   Section       36  usbd_storage_if.o(.constdata)
    .constdata                               0x0800374b   Section       48  crypt.o(.constdata)
    AES_INIT_IV                              0x0800374b   Data          16  crypt.o(.constdata)
    AES_KEY                                  0x0800375b   Data          32  crypt.o(.constdata)
    .constdata                               0x0800377b   Section      267  aes.o(.constdata)
    sbox                                     0x0800377b   Data         256  aes.o(.constdata)
    Rcon                                     0x0800387b   Data          11  aes.o(.constdata)
    .constdata                               0x08003886   Section        7  usbd_msc_data.o(.constdata)
    .constdata                               0x0800388d   Section        8  usbd_msc_data.o(.constdata)
    .constdata                               0x08003895   Section        8  usbd_msc_data.o(.constdata)
    .data                                    0x20000000   Section        4  main.o(.data)
    jump_addr                                0x20000000   Data           4  main.o(.data)
    .data                                    0x20000004   Section       28  usbd_desc.o(.data)
    .data                                    0x20000020   Section       50  usbd_desc.o(.data)
    .data                                    0x20000054   Section       32  usbd_storage_if.o(.data)
    .data                                    0x20000074   Section       20  ihex_parser.o(.data)
    ex_segment_addr_mode                     0x20000074   Data           1  ihex_parser.o(.data)
    calc_cs_toogle                           0x20000075   Data           1  ihex_parser.o(.data)
    crypt_mode                               0x20000076   Data           1  ihex_parser.o(.data)
    ihex_eof_trig                            0x20000077   Data           1  ihex_parser.o(.data)
    state                                    0x20000078   Data           1  ihex_parser.o(.data)
    byte_count                               0x20000079   Data           1  ihex_parser.o(.data)
    record_type                              0x2000007a   Data           1  ihex_parser.o(.data)
    temp_cs                                  0x2000007b   Data           1  ihex_parser.o(.data)
    calc_cs                                  0x2000007c   Data           1  ihex_parser.o(.data)
    address_lo                               0x2000007e   Data           2  ihex_parser.o(.data)
    address_hi                               0x20000080   Data           2  ihex_parser.o(.data)
    data_size_in_nibble                      0x20000082   Data           2  ihex_parser.o(.data)
    callback_fp                              0x20000084   Data           4  ihex_parser.o(.data)
    .data                                    0x20000088   Section       12  stm32f1xx_hal.o(.data)
    .data                                    0x20000094   Section        4  system_stm32f1xx.o(.data)
    .data                                    0x20000098   Section        1  usbd_ctlreq.o(.data)
    cfgidx                                   0x20000098   Data           1  usbd_ctlreq.o(.data)
    .data                                    0x2000009c   Section       56  usbd_msc.o(.data)
    .data                                    0x200000d4   Section      106  usbd_msc.o(.data)
    .bss                                     0x20000140   Section      548  usb_device.o(.bss)
    .bss                                     0x20000364   Section     1744  usbd_conf.o(.bss)
    mem                                      0x20000364   Data         624  usbd_conf.o(.bss)
    .bss                                     0x20000a34   Section      512  usbd_desc.o(.bss)
    .bss                                     0x20000c34   Section      255  ihex_parser.o(.bss)
    data                                     0x20000c34   Data         255  ihex_parser.o(.bss)
    .bss                                     0x20000d33   Section      256  crypt.o(.bss)
    ctx                                      0x20000d33   Data         256  crypt.o(.bss)
    .bss                                     0x20000e38   Section       32  stm32f1xx_hal_flash.o(.bss)
    STACK                                    0x20000e58   Section     1024  startup_stm32f103xb.o(STACK)
    ._bootkey_section.btldr_act_req_key      0x20004ffc   Section        4  main.o(._bootkey_section.btldr_act_req_key)

    Global Symbols

    Symbol Name                              Value     Ov Type        Size  Object(Section)

    BuildAttributes$$THM_ISAv4$P$D$K$B$S$PE$A:L22UL41UL21$X:L11$S22US41US21$IEEE1$IW$USESV6$~STKCKD$USESV7$~SHL$OSPACE$EBA8$MICROLIB$REQ8$PRES8$EABIv2 0x00000000   Number         0  anon$$obj.o ABSOLUTE
    __ARM_use_no_argv                        0x00000000   Number         0  main.o ABSOLUTE
    __cpp_initialize__aeabi_                  - Undefined Weak Reference
    __cxa_finalize                            - Undefined Weak Reference
    _clock_init                               - Undefined Weak Reference
    _microlib_exit                            - Undefined Weak Reference
    __Vectors_Size                           0x000000ec   Number         0  startup_stm32f103xb.o ABSOLUTE
    __Vectors                                0x08000000   Data           4  startup_stm32f103xb.o(RESET)
    __Vectors_End                            0x080000ec   Data           0  startup_stm32f103xb.o(RESET)
    __main                                   0x080000ed   Thumb Code     0  entry.o(.ARM.Collect$$$$00000000)
    _main_stk                                0x080000ed   Thumb Code     0  entry2.o(.ARM.Collect$$$$00000001)
    _main_scatterload                        0x080000f1   Thumb Code     0  entry5.o(.ARM.Collect$$$$00000004)
    __main_after_scatterload                 0x080000f5   Thumb Code     0  entry5.o(.ARM.Collect$$$$00000004)
    _main_clock                              0x080000f5   Thumb Code     0  entry7b.o(.ARM.Collect$$$$00000008)
    _main_cpp_init                           0x080000f5   Thumb Code     0  entry8b.o(.ARM.Collect$$$$0000000A)
    _main_init                               0x080000f5   Thumb Code     0  entry9a.o(.ARM.Collect$$$$0000000B)
    __rt_final_cpp                           0x080000fd   Thumb Code     0  entry10a.o(.ARM.Collect$$$$0000000D)
    __rt_final_exit                          0x080000fd   Thumb Code     0  entry11a.o(.ARM.Collect$$$$0000000F)
    Reset_Handler                            0x08000101   Thumb Code     8  startup_stm32f103xb.o(.text)
    ADC1_2_IRQHandler                        0x0800011b   Thumb Code     0  startup_stm32f103xb.o(.text)
    CAN1_RX1_IRQHandler                      0x0800011b   Thumb Code     0  startup_stm32f103xb.o(.text)
    CAN1_SCE_IRQHandler                      0x0800011b   Thumb Code     0  startup_stm32f103xb.o(.text)
    DMA1_Channel1_IRQHandler                 0x0800011b   Thumb Code     0  startup_stm32f103xb.o(.text)
    DMA1_Channel2_IRQHandler                 0x0800011b   Thumb Code     0  startup_stm32f103xb.o(.text)
    DMA1_Channel3_IRQHandler                 0x0800011b   Thumb Code     0  startup_stm32f103xb.o(.text)
    DMA1_Channel4_IRQHandler                 0x0800011b   Thumb Code     0  startup_stm32f103xb.o(.text)
    DMA1_Channel5_IRQHandler                 0x0800011b   Thumb Code     0  startup_stm32f103xb.o(.text)
    DMA1_Channel6_IRQHandler                 0x0800011b   Thumb Code     0  startup_stm32f103xb.o(.text)
    DMA1_Channel7_IRQHandler                 0x0800011b   Thumb Code     0  startup_stm32f103xb.o(.text)
    EXTI0_IRQHandler                         0x0800011b   Thumb Code     0  startup_stm32f103xb.o(.text)
    EXTI15_10_IRQHandler                     0x0800011b   Thumb Code     0  startup_stm32f103xb.o(.text)
    EXTI1_IRQHandler                         0x0800011b   Thumb Code     0  startup_stm32f103xb.o(.text)
    EXTI2_IRQHandler                         0x0800011b   Thumb Code     0  startup_stm32f103xb.o(.text)
    EXTI3_IRQHandler                         0x0800011b   Thumb Code     0  startup_stm32f103xb.o(.text)
    EXTI4_IRQHandler                         0x0800011b   Thumb Code     0  startup_stm32f103xb.o(.text)
    EXTI9_5_IRQHandler                       0x0800011b   Thumb Code     0  startup_stm32f103xb.o(.text)
    FLASH_IRQHandler                         0x0800011b   Thumb Code     0  startup_stm32f103xb.o(.text)
    I2C1_ER_IRQHandler                       0x0800011b   Thumb Code     0  startup_stm32f103xb.o(.text)
    I2C1_EV_IRQHandler                       0x0800011b   Thumb Code     0  startup_stm32f103xb.o(.text)
    I2C2_ER_IRQHandler                       0x0800011b   Thumb Code     0  startup_stm32f103xb.o(.text)
    I2C2_EV_IRQHandler                       0x0800011b   Thumb Code     0  startup_stm32f103xb.o(.text)
    PVD_IRQHandler                           0x0800011b   Thumb Code     0  startup_stm32f103xb.o(.text)
    RCC_IRQHandler                           0x0800011b   Thumb Code     0  startup_stm32f103xb.o(.text)
    RTC_Alarm_IRQHandler                     0x0800011b   Thumb Code     0  startup_stm32f103xb.o(.text)
    RTC_IRQHandler                           0x0800011b   Thumb Code     0  startup_stm32f103xb.o(.text)
    SPI1_IRQHandler                          0x0800011b   Thumb Code     0  startup_stm32f103xb.o(.text)
    SPI2_IRQHandler                          0x0800011b   Thumb Code     0  startup_stm32f103xb.o(.text)
    TAMPER_IRQHandler                        0x0800011b   Thumb Code     0  startup_stm32f103xb.o(.text)
    TIM1_BRK_IRQHandler                      0x0800011b   Thumb Code     0  startup_stm32f103xb.o(.text)
    TIM1_CC_IRQHandler                       0x0800011b   Thumb Code     0  startup_stm32f103xb.o(.text)
    TIM1_TRG_COM_IRQHandler                  0x0800011b   Thumb Code     0  startup_stm32f103xb.o(.text)
    TIM1_UP_IRQHandler                       0x0800011b   Thumb Code     0  startup_stm32f103xb.o(.text)
    TIM2_IRQHandler                          0x0800011b   Thumb Code     0  startup_stm32f103xb.o(.text)
    TIM3_IRQHandler                          0x0800011b   Thumb Code     0  startup_stm32f103xb.o(.text)
    TIM4_IRQHandler                          0x0800011b   Thumb Code     0  startup_stm32f103xb.o(.text)
    USART1_IRQHandler                        0x0800011b   Thumb Code     0  startup_stm32f103xb.o(.text)
    USART2_IRQHandler                        0x0800011b   Thumb Code     0  startup_stm32f103xb.o(.text)
    USART3_IRQHandler                        0x0800011b   Thumb Code     0  startup_stm32f103xb.o(.text)
    USBWakeUp_IRQHandler                     0x0800011b   Thumb Code     0  startup_stm32f103xb.o(.text)
    USB_HP_CAN1_TX_IRQHandler                0x0800011b   Thumb Code     0  startup_stm32f103xb.o(.text)
    WWDG_IRQHandler                          0x0800011b   Thumb Code     0  startup_stm32f103xb.o(.text)
    __aeabi_llsr                             0x08000125   Thumb Code    32  llushr.o(.text)
    _ll_ushift_r                             0x08000125   Thumb Code     0  llushr.o(.text)
    __aeabi_memcpy                           0x08000145   Thumb Code    36  memcpya.o(.text)
    __aeabi_memcpy4                          0x08000145   Thumb Code     0  memcpya.o(.text)
    __aeabi_memcpy8                          0x08000145   Thumb Code     0  memcpya.o(.text)
    __aeabi_memset                           0x08000169   Thumb Code    14  memseta.o(.text)
    __aeabi_memset4                          0x08000169   Thumb Code     0  memseta.o(.text)
    __aeabi_memset8                          0x08000169   Thumb Code     0  memseta.o(.text)
    __aeabi_memclr                           0x08000177   Thumb Code     4  memseta.o(.text)
    __aeabi_memclr4                          0x08000177   Thumb Code     0  memseta.o(.text)
    __aeabi_memclr8                          0x08000177   Thumb Code     0  memseta.o(.text)
    _memset$wrapper                          0x0800017b   Thumb Code    18  memseta.o(.text)
    strlen                                   0x0800018d   Thumb Code    14  strlen.o(.text)
    __scatterload                            0x0800019d   Thumb Code    28  init.o(.text)
    __scatterload_rt2                        0x0800019d   Thumb Code     0  init.o(.text)
    __decompress                             0x080001c1   Thumb Code     0  __dczerorl2.o(.text)
    __decompress1                            0x080001c1   Thumb Code    86  __dczerorl2.o(.text)
    AES_CTR_xcrypt_buffer                    0x08000217   Thumb Code    72  aes.o(i.AES_CTR_xcrypt_buffer)
    AES_ctx_set_iv                           0x0800025f   Thumb Code     8  aes.o(i.AES_ctx_set_iv)
    AES_init_ctx                             0x08000267   Thumb Code     4  aes.o(i.AES_init_ctx)
    BusFault_Handler                         0x0800029b   Thumb Code     2  stm32f1xx_it.o(i.BusFault_Handler)
    DebugMon_Handler                         0x08000331   Thumb Code     2  stm32f1xx_it.o(i.DebugMon_Handler)
    Error_Handler                            0x08000333   Thumb Code     2  main.o(i.Error_Handler)
    FLASH_PageErase                          0x08000359   Thumb Code    28  stm32f1xx_hal_flash_ex.o(i.FLASH_PageErase)
    FLASH_WaitForLastOperation               0x080003f5   Thumb Code    80  stm32f1xx_hal_flash.o(i.FLASH_WaitForLastOperation)
    GenNewIV                                 0x08000449   Thumb Code    92  aes.o(i.GenNewIV)
    HAL_DeInit                               0x080004a5   Thumb Code    26  stm32f1xx_hal.o(i.HAL_DeInit)
    HAL_FLASHEx_Erase                        0x080004c5   Thumb Code   160  stm32f1xx_hal_flash_ex.o(i.HAL_FLASHEx_Erase)
    HAL_FLASH_Lock                           0x0800056d   Thumb Code    14  stm32f1xx_hal_flash.o(i.HAL_FLASH_Lock)
    HAL_FLASH_Program                        0x08000581   Thumb Code   120  stm32f1xx_hal_flash.o(i.HAL_FLASH_Program)
    HAL_FLASH_Unlock                         0x08000601   Thumb Code    28  stm32f1xx_hal_flash.o(i.HAL_FLASH_Unlock)
    HAL_GetTick                              0x08000629   Thumb Code     6  stm32f1xx_hal.o(i.HAL_GetTick)
    HAL_IncTick                              0x08000635   Thumb Code    12  stm32f1xx_hal.o(i.HAL_IncTick)
    HAL_Init                                 0x08000645   Thumb Code    32  stm32f1xx_hal.o(i.HAL_Init)
    HAL_InitTick                             0x08000669   Thumb Code    54  stm32f1xx_hal.o(i.HAL_InitTick)
    HAL_MspDeInit                            0x080006a9   Thumb Code     2  stm32f1xx_hal.o(i.HAL_MspDeInit)
    HAL_MspInit                              0x080006ad   Thumb Code    52  stm32f1xx_hal_msp.o(i.HAL_MspInit)
    HAL_NVIC_EnableIRQ                       0x080006e9   Thumb Code    22  stm32f1xx_hal_cortex.o(i.HAL_NVIC_EnableIRQ)
    HAL_NVIC_SetPriority                     0x08000701   Thumb Code    60  stm32f1xx_hal_cortex.o(i.HAL_NVIC_SetPriority)
    HAL_NVIC_SetPriorityGrouping             0x08000741   Thumb Code    26  stm32f1xx_hal_cortex.o(i.HAL_NVIC_SetPriorityGrouping)
    HAL_PCDEx_PMAConfig                      0x08000765   Thumb Code    52  stm32f1xx_hal_pcd_ex.o(i.HAL_PCDEx_PMAConfig)
    HAL_PCDEx_SetConnectionState             0x08000799   Thumb Code     2  usbd_conf.o(i.HAL_PCDEx_SetConnectionState)
    HAL_PCD_DataInStageCallback              0x0800079b   Thumb Code    14  usbd_conf.o(i.HAL_PCD_DataInStageCallback)
    HAL_PCD_DataOutStageCallback             0x080007a9   Thumb Code    16  usbd_conf.o(i.HAL_PCD_DataOutStageCallback)
    HAL_PCD_EP_Close                         0x080007b9   Thumb Code    64  stm32f1xx_hal_pcd.o(i.HAL_PCD_EP_Close)
    HAL_PCD_EP_ClrStall                      0x080007f9   Thumb Code    72  stm32f1xx_hal_pcd.o(i.HAL_PCD_EP_ClrStall)
    HAL_PCD_EP_Flush                         0x08000841   Thumb Code    52  stm32f1xx_hal_pcd.o(i.HAL_PCD_EP_Flush)
    HAL_PCD_EP_GetRxCount                    0x08000875   Thumb Code    16  stm32f1xx_hal_pcd.o(i.HAL_PCD_EP_GetRxCount)
    HAL_PCD_EP_Open                          0x08000885   Thumb Code    68  stm32f1xx_hal_pcd.o(i.HAL_PCD_EP_Open)
    HAL_PCD_EP_Receive                       0x080008c9   Thumb Code    46  stm32f1xx_hal_pcd.o(i.HAL_PCD_EP_Receive)
    HAL_PCD_EP_SetStall                      0x080008f7   Thumb Code    86  stm32f1xx_hal_pcd.o(i.HAL_PCD_EP_SetStall)
    HAL_PCD_EP_Transmit                      0x0800094d   Thumb Code    42  stm32f1xx_hal_pcd.o(i.HAL_PCD_EP_Transmit)
    HAL_PCD_IRQHandler                       0x08000977   Thumb Code   268  stm32f1xx_hal_pcd.o(i.HAL_PCD_IRQHandler)
    HAL_PCD_Init                             0x08000a85   Thumb Code   192  stm32f1xx_hal_pcd.o(i.HAL_PCD_Init)
    HAL_PCD_MspInit                          0x08000b45   Thumb Code    50  usbd_conf.o(i.HAL_PCD_MspInit)
    HAL_PCD_ResetCallback                    0x08000b81   Thumb Code    38  usbd_conf.o(i.HAL_PCD_ResetCallback)
    HAL_PCD_ResumeCallback                   0x08000ba7   Thumb Code     8  usbd_conf.o(i.HAL_PCD_ResumeCallback)
    HAL_PCD_SOFCallback                      0x08000baf   Thumb Code     8  usbd_conf.o(i.HAL_PCD_SOFCallback)
    HAL_PCD_SetAddress                       0x08000bb7   Thumb Code    40  stm32f1xx_hal_pcd.o(i.HAL_PCD_SetAddress)
    HAL_PCD_SetupStageCallback               0x08000bdf   Thumb Code    14  usbd_conf.o(i.HAL_PCD_SetupStageCallback)
    HAL_PCD_Start                            0x08000bed   Thumb Code    50  stm32f1xx_hal_pcd.o(i.HAL_PCD_Start)
    HAL_PCD_Stop                             0x08000c1f   Thumb Code    48  stm32f1xx_hal_pcd.o(i.HAL_PCD_Stop)
    HAL_PCD_SuspendCallback                  0x08000c51   Thumb Code    30  usbd_conf.o(i.HAL_PCD_SuspendCallback)
    HAL_SYSTICK_Config                       0x08000c75   Thumb Code    40  stm32f1xx_hal_cortex.o(i.HAL_SYSTICK_Config)
    HardFault_Handler                        0x08000c9d   Thumb Code     2  stm32f1xx_it.o(i.HardFault_Handler)
    LL_GPIO_Init                             0x08000db1   Thumb Code   240  stm32f1xx_ll_gpio.o(i.LL_GPIO_Init)
    LL_Init1msTick                           0x08000ea1   Thumb Code    26  stm32f1xx_ll_utils.o(i.LL_Init1msTick)
    LL_SetSystemCoreClock                    0x08000ebd   Thumb Code     6  stm32f1xx_ll_utils.o(i.LL_SetSystemCoreClock)
    LL_mDelay                                0x08000ec9   Thumb Code    30  stm32f1xx_ll_utils.o(i.LL_mDelay)
    MSC_BOT_CplClrFeature                    0x08000ff5   Thumb Code    42  usbd_msc_bot.o(i.MSC_BOT_CplClrFeature)
    MSC_BOT_DataIn                           0x0800101f   Thumb Code    58  usbd_msc_bot.o(i.MSC_BOT_DataIn)
    MSC_BOT_DataOut                          0x08001059   Thumb Code    58  usbd_msc_bot.o(i.MSC_BOT_DataOut)
    MSC_BOT_DeInit                           0x08001093   Thumb Code    10  usbd_msc_bot.o(i.MSC_BOT_DeInit)
    MSC_BOT_Init                             0x0800109d   Thumb Code    66  usbd_msc_bot.o(i.MSC_BOT_Init)
    MSC_BOT_Reset                            0x080010df   Thumb Code    22  usbd_msc_bot.o(i.MSC_BOT_Reset)
    MSC_BOT_SendCSW                          0x080010f5   Thumb Code    54  usbd_msc_bot.o(i.MSC_BOT_SendCSW)
    MX_USB_DEVICE_Init                       0x08001131   Thumb Code    66  usb_device.o(i.MX_USB_DEVICE_Init)
    MemManage_Handler                        0x08001185   Thumb Code     2  stm32f1xx_it.o(i.MemManage_Handler)
    NMI_Handler                              0x08001223   Thumb Code     2  stm32f1xx_it.o(i.NMI_Handler)
    PendSV_Handler                           0x080015a7   Thumb Code     2  stm32f1xx_it.o(i.PendSV_Handler)
    SCSI_ProcessCmd                          0x080015cd   Thumb Code   448  usbd_msc_scsi.o(i.SCSI_ProcessCmd)
    SCSI_SenseCode                           0x08001a2b   Thumb Code    54  usbd_msc_scsi.o(i.SCSI_SenseCode)
    SVC_Handler                              0x08001ba3   Thumb Code     2  stm32f1xx_it.o(i.SVC_Handler)
    SysTick_Handler                          0x08001ba5   Thumb Code     4  stm32f1xx_it.o(i.SysTick_Handler)
    SystemClock_Config                       0x08001ba9   Thumb Code   166  main.o(i.SystemClock_Config)
    SystemInit                               0x08001c5d   Thumb Code    56  system_stm32f1xx.o(i.SystemInit)
    SystemReset                              0x08001ca5   Thumb Code   158  main.o(i.SystemReset)
    USBD_ClrClassConfig                      0x08001d59   Thumb Code    14  usbd_core.o(i.USBD_ClrClassConfig)
    USBD_CtlContinueRx                       0x08001d67   Thumb Code    16  usbd_ioreq.o(i.USBD_CtlContinueRx)
    USBD_CtlContinueSendData                 0x08001d77   Thumb Code    16  usbd_ioreq.o(i.USBD_CtlContinueSendData)
    USBD_CtlError                            0x08001d87   Thumb Code    22  usbd_ctlreq.o(i.USBD_CtlError)
    USBD_CtlReceiveStatus                    0x08001d9d   Thumb Code    22  usbd_ioreq.o(i.USBD_CtlReceiveStatus)
    USBD_CtlSendData                         0x08001db3   Thumb Code    26  usbd_ioreq.o(i.USBD_CtlSendData)
    USBD_CtlSendStatus                       0x08001dcd   Thumb Code    22  usbd_ioreq.o(i.USBD_CtlSendStatus)
    USBD_FS_ConfigStrDescriptor              0x08001de5   Thumb Code    16  usbd_desc.o(i.USBD_FS_ConfigStrDescriptor)
    USBD_FS_DeviceDescriptor                 0x08001e05   Thumb Code     8  usbd_desc.o(i.USBD_FS_DeviceDescriptor)
    USBD_FS_InterfaceStrDescriptor           0x08001e11   Thumb Code    16  usbd_desc.o(i.USBD_FS_InterfaceStrDescriptor)
    USBD_FS_LangIDStrDescriptor              0x08001e35   Thumb Code     8  usbd_desc.o(i.USBD_FS_LangIDStrDescriptor)
    USBD_FS_ManufacturerStrDescriptor        0x08001e41   Thumb Code    16  usbd_desc.o(i.USBD_FS_ManufacturerStrDescriptor)
    USBD_FS_ProductStrDescriptor             0x08001e69   Thumb Code    16  usbd_desc.o(i.USBD_FS_ProductStrDescriptor)
    USBD_FS_SerialStrDescriptor              0x08001e91   Thumb Code    48  usbd_desc.o(i.USBD_FS_SerialStrDescriptor)
    USBD_GetString                           0x08001fa9   Thumb Code    70  usbd_ctlreq.o(i.USBD_GetString)
    USBD_Init                                0x08002007   Thumb Code    42  usbd_core.o(i.USBD_Init)
    USBD_LL_ClearStallEP                     0x08002031   Thumb Code    18  usbd_conf.o(i.USBD_LL_ClearStallEP)
    USBD_LL_CloseEP                          0x08002043   Thumb Code    18  usbd_conf.o(i.USBD_LL_CloseEP)
    USBD_LL_DataInStage                      0x08002055   Thumb Code   170  usbd_core.o(i.USBD_LL_DataInStage)
    USBD_LL_DataOutStage                     0x080020ff   Thumb Code   106  usbd_core.o(i.USBD_LL_DataOutStage)
    USBD_LL_FlushEP                          0x08002169   Thumb Code    18  usbd_conf.o(i.USBD_LL_FlushEP)
    USBD_LL_GetRxDataSize                    0x0800217b   Thumb Code     8  usbd_conf.o(i.USBD_LL_GetRxDataSize)
    USBD_LL_Init                             0x08002185   Thumb Code   104  usbd_conf.o(i.USBD_LL_Init)
    USBD_LL_IsStallEP                        0x080021f5   Thumb Code    28  usbd_conf.o(i.USBD_LL_IsStallEP)
    USBD_LL_OpenEP                           0x08002211   Thumb Code    24  usbd_conf.o(i.USBD_LL_OpenEP)
    USBD_LL_PrepareReceive                   0x08002229   Thumb Code    18  usbd_conf.o(i.USBD_LL_PrepareReceive)
    USBD_LL_Reset                            0x0800223b   Thumb Code    62  usbd_core.o(i.USBD_LL_Reset)
    USBD_LL_Resume                           0x08002279   Thumb Code    12  usbd_core.o(i.USBD_LL_Resume)
    USBD_LL_SOF                              0x08002285   Thumb Code    24  usbd_core.o(i.USBD_LL_SOF)
    USBD_LL_SetSpeed                         0x0800229d   Thumb Code     6  usbd_core.o(i.USBD_LL_SetSpeed)
    USBD_LL_SetUSBAddress                    0x080022a3   Thumb Code    18  usbd_conf.o(i.USBD_LL_SetUSBAddress)
    USBD_LL_SetupStage                       0x080022b5   Thumb Code    90  usbd_core.o(i.USBD_LL_SetupStage)
    USBD_LL_StallEP                          0x0800230f   Thumb Code    18  usbd_conf.o(i.USBD_LL_StallEP)
    USBD_LL_Start                            0x08002321   Thumb Code    18  usbd_conf.o(i.USBD_LL_Start)
    USBD_LL_Suspend                          0x08002333   Thumb Code    18  usbd_core.o(i.USBD_LL_Suspend)
    USBD_LL_Transmit                         0x08002345   Thumb Code    18  usbd_conf.o(i.USBD_LL_Transmit)
    USBD_MSC_DataIn                          0x08002357   Thumb Code    10  usbd_msc.o(i.USBD_MSC_DataIn)
    USBD_MSC_DataOut                         0x08002361   Thumb Code    10  usbd_msc.o(i.USBD_MSC_DataOut)
    USBD_MSC_DeInit                          0x0800236b   Thumb Code    44  usbd_msc.o(i.USBD_MSC_DeInit)
    USBD_MSC_GetDeviceQualifierDescriptor    0x08002399   Thumb Code     8  usbd_msc.o(i.USBD_MSC_GetDeviceQualifierDescriptor)
    USBD_MSC_GetFSCfgDesc                    0x080023a5   Thumb Code     8  usbd_msc.o(i.USBD_MSC_GetFSCfgDesc)
    USBD_MSC_GetHSCfgDesc                    0x080023b1   Thumb Code     8  usbd_msc.o(i.USBD_MSC_GetHSCfgDesc)
    USBD_MSC_GetOtherSpeedCfgDesc            0x080023bd   Thumb Code     8  usbd_msc.o(i.USBD_MSC_GetOtherSpeedCfgDesc)
    USBD_MSC_Init                            0x080023c9   Thumb Code    82  usbd_msc.o(i.USBD_MSC_Init)
    USBD_MSC_RegisterStorage                 0x0800241b   Thumb Code    10  usbd_msc.o(i.USBD_MSC_RegisterStorage)
    USBD_MSC_Setup                           0x08002425   Thumb Code   194  usbd_msc.o(i.USBD_MSC_Setup)
    USBD_ParseSetupRequest                   0x080024e7   Thumb Code    40  usbd_ctlreq.o(i.USBD_ParseSetupRequest)
    USBD_RegisterClass                       0x0800250f   Thumb Code    16  usbd_core.o(i.USBD_RegisterClass)
    USBD_SetClassConfig                      0x0800251f   Thumb Code    22  usbd_core.o(i.USBD_SetClassConfig)
    USBD_Start                               0x080025a9   Thumb Code    10  usbd_core.o(i.USBD_Start)
    USBD_StdDevReq                           0x080025b3   Thumb Code   242  usbd_ctlreq.o(i.USBD_StdDevReq)
    USBD_StdEPReq                            0x080026a5   Thumb Code   220  usbd_ctlreq.o(i.USBD_StdEPReq)
    USBD_StdItfReq                           0x08002781   Thumb Code    52  usbd_ctlreq.o(i.USBD_StdItfReq)
    USBD_static_free                         0x080027b5   Thumb Code     2  usbd_conf.o(i.USBD_static_free)
    USBD_static_malloc                       0x080027b9   Thumb Code     4  usbd_conf.o(i.USBD_static_malloc)
    USB_ActivateEndpoint                     0x080027c1   Thumb Code   604  stm32f1xx_ll_usb.o(i.USB_ActivateEndpoint)
    USB_CoreInit                             0x08002a1d   Thumb Code     4  stm32f1xx_ll_usb.o(i.USB_CoreInit)
    USB_DeactivateEndpoint                   0x08002a21   Thumb Code   292  stm32f1xx_ll_usb.o(i.USB_DeactivateEndpoint)
    USB_DevConnect                           0x08002b45   Thumb Code     4  stm32f1xx_ll_usb.o(i.USB_DevConnect)
    USB_DevDisconnect                        0x08002b49   Thumb Code     4  stm32f1xx_ll_usb.o(i.USB_DevDisconnect)
    USB_DevInit                              0x08002b4d   Thumb Code    30  stm32f1xx_ll_usb.o(i.USB_DevInit)
    USB_DisableGlobalInt                     0x08002b6b   Thumb Code    14  stm32f1xx_ll_usb.o(i.USB_DisableGlobalInt)
    USB_EP0_OutStart                         0x08002b79   Thumb Code     4  stm32f1xx_ll_usb.o(i.USB_EP0_OutStart)
    USB_EPClearStall                         0x08002b7d   Thumb Code   106  stm32f1xx_ll_usb.o(i.USB_EPClearStall)
    USB_EPSetStall                           0x08002be7   Thumb Code    74  stm32f1xx_ll_usb.o(i.USB_EPSetStall)
    USB_EPStartXfer                          0x08002c31   Thumb Code   426  stm32f1xx_ll_usb.o(i.USB_EPStartXfer)
    USB_EnableGlobalInt                      0x08002ddb   Thumb Code    14  stm32f1xx_ll_usb.o(i.USB_EnableGlobalInt)
    USB_FlushRxFifo                          0x08002de9   Thumb Code     4  stm32f1xx_ll_usb.o(i.USB_FlushRxFifo)
    USB_FlushTxFifo                          0x08002ded   Thumb Code     4  stm32f1xx_ll_usb.o(i.USB_FlushTxFifo)
    USB_LP_CAN1_RX0_IRQHandler               0x08002df1   Thumb Code     6  stm32f1xx_it.o(i.USB_LP_CAN1_RX0_IRQHandler)
    USB_ReadInterrupts                       0x08002dfd   Thumb Code     6  stm32f1xx_ll_usb.o(i.USB_ReadInterrupts)
    USB_ReadPMA                              0x08002e05   Thumb Code    30  stm32f1xx_ll_usb.o(i.USB_ReadPMA)
    USB_SetCurrentMode                       0x08002e23   Thumb Code     4  stm32f1xx_ll_usb.o(i.USB_SetCurrentMode)
    USB_SetDevAddress                        0x08002e27   Thumb Code    12  stm32f1xx_ll_usb.o(i.USB_SetDevAddress)
    USB_StopDevice                           0x08002e33   Thumb Code    18  stm32f1xx_ll_usb.o(i.USB_StopDevice)
    USB_WritePMA                             0x08002e45   Thumb Code    38  stm32f1xx_ll_usb.o(i.USB_WritePMA)
    UsageFault_Handler                       0x08002e6b   Thumb Code     2  stm32f1xx_it.o(i.UsageFault_Handler)
    __scatterload_copy                       0x08002e6d   Thumb Code    14  handlers.o(i.__scatterload_copy)
    __scatterload_null                       0x08002e7b   Thumb Code     2  handlers.o(i.__scatterload_null)
    __scatterload_zeroinit                   0x08002e7d   Thumb Code    14  handlers.o(i.__scatterload_zeroinit)
    app_cks_valid                            0x080030c1   Thumb Code    26  main.o(i.app_cks_valid)
    bootkey_detected                         0x080030e9   Thumb Code    18  main.o(i.bootkey_detected)
    crc32_calculate                          0x08003105   Thumb Code   100  crc.o(i.crc32_calculate)
    crypt_decrypt                            0x08003175   Thumb Code    34  crypt.o(i.crypt_decrypt)
    crypt_init                               0x0800319d   Thumb Code     8  crypt.o(i.crypt_init)
    fat32_read                               0x080031ad   Thumb Code   188  fat32.o(i.fat32_read)
    fat32_write                              0x08003285   Thumb Code    78  fat32.o(i.fat32_write)
    ihex_is_crypt_mode                       0x08003389   Thumb Code     6  ihex_parser.o(i.ihex_is_crypt_mode)
    ihex_is_eof                              0x08003395   Thumb Code     6  ihex_parser.o(i.ihex_is_eof)
    ihex_parser                              0x080033a1   Thumb Code   410  ihex_parser.o(i.ihex_parser)
    ihex_reset_state                         0x08003545   Thumb Code    18  ihex_parser.o(i.ihex_reset_state)
    ihex_set_callback_func                   0x0800355d   Thumb Code     6  ihex_parser.o(i.ihex_set_callback_func)
    is_appcode_exist                         0x08003569   Thumb Code    42  main.o(i.is_appcode_exist)
    is_button_down                           0x08003599   Thumb Code    14  main.o(i.is_button_down)
    main                                     0x080035ad   Thumb Code   170  main.o(i.main)
    STORAGE_Inquirydata_FS                   0x08003727   Data          36  usbd_storage_if.o(.constdata)
    MSC_Page00_Inquiry_Data                  0x08003886   Data           7  usbd_msc_data.o(.constdata)
    MSC_Mode_Sense6_data                     0x0800388d   Data           8  usbd_msc_data.o(.constdata)
    MSC_Mode_Sense10_data                    0x08003895   Data           8  usbd_msc_data.o(.constdata)
    Region$$Table$$Base                      0x080038a0   Number         0  anon$$obj.o(Region$$Table)
    Region$$Table$$Limit                     0x080038c0   Number         0  anon$$obj.o(Region$$Table)
    FS_Desc                                  0x20000004   Data          28  usbd_desc.o(.data)
    USBD_LangIDDesc                          0x20000020   Data           4  usbd_desc.o(.data)
    USBD_FS_DeviceDesc                       0x20000024   Data          18  usbd_desc.o(.data)
    USBD_StringSerial                        0x20000038   Data          26  usbd_desc.o(.data)
    USBD_Storage_Interface_fops_FS           0x20000054   Data          32  usbd_storage_if.o(.data)
    uwTickFreq                               0x20000088   Data           1  stm32f1xx_hal.o(.data)
    uwTickPrio                               0x2000008c   Data           4  stm32f1xx_hal.o(.data)
    uwTick                                   0x20000090   Data           4  stm32f1xx_hal.o(.data)
    SystemCoreClock                          0x20000094   Data           4  system_stm32f1xx.o(.data)
    USBD_MSC                                 0x2000009c   Data          56  usbd_msc.o(.data)
    USBD_MSC_CfgHSDesc                       0x200000d4   Data          32  usbd_msc.o(.data)
    USBD_MSC_CfgFSDesc                       0x200000f4   Data          32  usbd_msc.o(.data)
    USBD_MSC_OtherSpeedCfgDesc               0x20000114   Data          32  usbd_msc.o(.data)
    USBD_MSC_DeviceQualifierDesc             0x20000134   Data          10  usbd_msc.o(.data)
    hUsbDeviceFS                             0x20000140   Data         548  usb_device.o(.bss)
    hpcd_USB_FS                              0x200005d4   Data        1120  usbd_conf.o(.bss)
    USBD_StrDesc                             0x20000a34   Data         512  usbd_desc.o(.bss)
    pFlash                                   0x20000e38   Data          32  stm32f1xx_hal_flash.o(.bss)
    __initial_sp                             0x20001258   Data           0  startup_stm32f103xb.o(STACK)
    btldr_act_req_key                        0x20004ffc   Data           4  main.o(._bootkey_section.btldr_act_req_key)



==============================================================================

Memory Map of the image

  Image Entry point : 0x080000ed

  Load Region LR_IROM1 (Base: 0x08000000, Size: 0x00003a04, Max: 0x00010000, ABSOLUTE, COMPRESSED[0x0000396c])

    Execution Region ER_IROM1 (Base: 0x08000000, Size: 0x000038c0, Max: 0x00010000, ABSOLUTE)

    Base Addr    Size         Type   Attr      Idx    E Section Name        Object

    0x08000000   0x000000ec   Data   RO            3    RESET               startup_stm32f103xb.o
    0x080000ec   0x00000000   Code   RO         3167  * .ARM.Collect$$$$00000000  mc_w.l(entry.o)
    0x080000ec   0x00000004   Code   RO         3180    .ARM.Collect$$$$00000001  mc_w.l(entry2.o)
    0x080000f0   0x00000004   Code   RO         3183    .ARM.Collect$$$$00000004  mc_w.l(entry5.o)
    0x080000f4   0x00000000   Code   RO         3185    .ARM.Collect$$$$00000008  mc_w.l(entry7b.o)
    0x080000f4   0x00000000   Code   RO         3187    .ARM.Collect$$$$0000000A  mc_w.l(entry8b.o)
    0x080000f4   0x00000008   Code   RO         3188    .ARM.Collect$$$$0000000B  mc_w.l(entry9a.o)
    0x080000fc   0x00000000   Code   RO         3190    .ARM.Collect$$$$0000000D  mc_w.l(entry10a.o)
    0x080000fc   0x00000000   Code   RO         3192    .ARM.Collect$$$$0000000F  mc_w.l(entry11a.o)
    0x080000fc   0x00000004   Code   RO         3181    .ARM.Collect$$$$00002712  mc_w.l(entry2.o)
    0x08000100   0x00000024   Code   RO            4    .text               startup_stm32f103xb.o
    0x08000124   0x00000020   Code   RO         3170    .text               mc_w.l(llushr.o)
    0x08000144   0x00000024   Code   RO         3172    .text               mc_w.l(memcpya.o)
    0x08000168   0x00000024   Code   RO         3174    .text               mc_w.l(memseta.o)
    0x0800018c   0x0000000e   Code   RO         3176    .text               mc_w.l(strlen.o)
    0x0800019a   0x00000002   PAD
    0x0800019c   0x00000024   Code   RO         3194    .text               mc_w.l(init.o)
    0x080001c0   0x00000056   Code   RO         3204    .text               mc_w.l(__dczerorl2.o)
    0x08000216   0x00000048   Code   RO          889    i.AES_CTR_xcrypt_buffer  aes.o
    0x0800025e   0x00000008   Code   RO          890    i.AES_ctx_set_iv    aes.o
    0x08000266   0x00000004   Code   RO          891    i.AES_init_ctx      aes.o
    0x0800026a   0x00000030   Code   RO          893    i.AddRoundKey       aes.o
    0x0800029a   0x00000002   Code   RO          703    i.BusFault_Handler  stm32f1xx_it.o
    0x0800029c   0x00000094   Code   RO          894    i.Cipher            aes.o
    0x08000330   0x00000002   Code   RO          704    i.DebugMon_Handler  stm32f1xx_it.o
    0x08000332   0x00000002   Code   RO          161    i.Error_Handler     main.o
    0x08000334   0x00000024   Code   RO         2534    i.FLASH_MassErase   stm32f1xx_hal_flash_ex.o
    0x08000358   0x00000024   Code   RO         2539    i.FLASH_PageErase   stm32f1xx_hal_flash_ex.o
    0x0800037c   0x0000001c   Code   RO         2431    i.FLASH_Program_HalfWord  stm32f1xx_hal_flash.o
    0x08000398   0x0000005c   Code   RO         2432    i.FLASH_SetErrorCode  stm32f1xx_hal_flash.o
    0x080003f4   0x00000054   Code   RO         2433    i.FLASH_WaitForLastOperation  stm32f1xx_hal_flash.o
    0x08000448   0x0000005c   Code   RO          895    i.GenNewIV          aes.o
    0x080004a4   0x00000020   Code   RO         1734    i.HAL_DeInit        stm32f1xx_hal.o
    0x080004c4   0x000000a8   Code   RO         2540    i.HAL_FLASHEx_Erase  stm32f1xx_hal_flash_ex.o
    0x0800056c   0x00000014   Code   RO         2437    i.HAL_FLASH_Lock    stm32f1xx_hal_flash.o
    0x08000580   0x00000080   Code   RO         2442    i.HAL_FLASH_Program  stm32f1xx_hal_flash.o
    0x08000600   0x00000028   Code   RO         2444    i.HAL_FLASH_Unlock  stm32f1xx_hal_flash.o
    0x08000628   0x0000000c   Code   RO         1739    i.HAL_GetTick       stm32f1xx_hal.o
    0x08000634   0x00000010   Code   RO         1743    i.HAL_IncTick       stm32f1xx_hal.o
    0x08000644   0x00000024   Code   RO         1744    i.HAL_Init          stm32f1xx_hal.o
    0x08000668   0x00000040   Code   RO         1745    i.HAL_InitTick      stm32f1xx_hal.o
    0x080006a8   0x00000002   Code   RO         1746    i.HAL_MspDeInit     stm32f1xx_hal.o
    0x080006aa   0x00000002   PAD
    0x080006ac   0x0000003c   Code   RO          785    i.HAL_MspInit       stm32f1xx_hal_msp.o
    0x080006e8   0x00000016   Code   RO         2191    i.HAL_NVIC_EnableIRQ  stm32f1xx_hal_cortex.o
    0x080006fe   0x00000002   PAD
    0x08000700   0x00000040   Code   RO         2197    i.HAL_NVIC_SetPriority  stm32f1xx_hal_cortex.o
    0x08000740   0x00000024   Code   RO         2198    i.HAL_NVIC_SetPriorityGrouping  stm32f1xx_hal_cortex.o
    0x08000764   0x00000034   Code   RO         1280    i.HAL_PCDEx_PMAConfig  stm32f1xx_hal_pcd_ex.o
    0x08000798   0x00000002   Code   RO          357    i.HAL_PCDEx_SetConnectionState  usbd_conf.o
    0x0800079a   0x0000000e   Code   RO          359    i.HAL_PCD_DataInStageCallback  usbd_conf.o
    0x080007a8   0x00000010   Code   RO          360    i.HAL_PCD_DataOutStageCallback  usbd_conf.o
    0x080007b8   0x00000040   Code   RO         1074    i.HAL_PCD_EP_Close  stm32f1xx_hal_pcd.o
    0x080007f8   0x00000048   Code   RO         1075    i.HAL_PCD_EP_ClrStall  stm32f1xx_hal_pcd.o
    0x08000840   0x00000034   Code   RO         1076    i.HAL_PCD_EP_Flush  stm32f1xx_hal_pcd.o
    0x08000874   0x00000010   Code   RO         1077    i.HAL_PCD_EP_GetRxCount  stm32f1xx_hal_pcd.o
    0x08000884   0x00000044   Code   RO         1078    i.HAL_PCD_EP_Open   stm32f1xx_hal_pcd.o
    0x080008c8   0x0000002e   Code   RO         1079    i.HAL_PCD_EP_Receive  stm32f1xx_hal_pcd.o
    0x080008f6   0x00000056   Code   RO         1080    i.HAL_PCD_EP_SetStall  stm32f1xx_hal_pcd.o
    0x0800094c   0x0000002a   Code   RO         1081    i.HAL_PCD_EP_Transmit  stm32f1xx_hal_pcd.o
    0x08000976   0x0000010c   Code   RO         1083    i.HAL_PCD_IRQHandler  stm32f1xx_hal_pcd.o
    0x08000a82   0x00000002   PAD
    0x08000a84   0x000000c0   Code   RO         1086    i.HAL_PCD_Init      stm32f1xx_hal_pcd.o
    0x08000b44   0x0000003c   Code   RO          365    i.HAL_PCD_MspInit   usbd_conf.o
    0x08000b80   0x00000026   Code   RO          366    i.HAL_PCD_ResetCallback  usbd_conf.o
    0x08000ba6   0x00000008   Code   RO          367    i.HAL_PCD_ResumeCallback  usbd_conf.o
    0x08000bae   0x00000008   Code   RO          368    i.HAL_PCD_SOFCallback  usbd_conf.o
    0x08000bb6   0x00000028   Code   RO         1092    i.HAL_PCD_SetAddress  stm32f1xx_hal_pcd.o
    0x08000bde   0x0000000e   Code   RO          369    i.HAL_PCD_SetupStageCallback  usbd_conf.o
    0x08000bec   0x00000032   Code   RO         1094    i.HAL_PCD_Start     stm32f1xx_hal_pcd.o
    0x08000c1e   0x00000030   Code   RO         1095    i.HAL_PCD_Stop      stm32f1xx_hal_pcd.o
    0x08000c4e   0x00000002   PAD
    0x08000c50   0x00000024   Code   RO          370    i.HAL_PCD_SuspendCallback  usbd_conf.o
    0x08000c74   0x00000028   Code   RO         2202    i.HAL_SYSTICK_Config  stm32f1xx_hal_cortex.o
    0x08000c9c   0x00000002   Code   RO          705    i.HardFault_Handler  stm32f1xx_it.o
    0x08000c9e   0x00000002   PAD
    0x08000ca0   0x00000038   Code   RO          569    i.IntToUnicode      usbd_desc.o
    0x08000cd8   0x000000d8   Code   RO          896    i.KeyExpansion      aes.o
    0x08000db0   0x000000f0   Code   RO         1016    i.LL_GPIO_Init      stm32f1xx_ll_gpio.o
    0x08000ea0   0x0000001a   Code   RO         1610    i.LL_Init1msTick    stm32f1xx_ll_utils.o
    0x08000eba   0x00000002   PAD
    0x08000ebc   0x0000000c   Code   RO         1614    i.LL_SetSystemCoreClock  stm32f1xx_ll_utils.o
    0x08000ec8   0x0000001e   Code   RO         1615    i.LL_mDelay         stm32f1xx_ll_utils.o
    0x08000ee6   0x00000042   Code   RO         3005    i.MSC_BOT_Abort     usbd_msc_bot.o
    0x08000f28   0x000000cc   Code   RO         3006    i.MSC_BOT_CBW_Decode  usbd_msc_bot.o
    0x08000ff4   0x0000002a   Code   RO         3007    i.MSC_BOT_CplClrFeature  usbd_msc_bot.o
    0x0800101e   0x0000003a   Code   RO         3008    i.MSC_BOT_DataIn    usbd_msc_bot.o
    0x08001058   0x0000003a   Code   RO         3009    i.MSC_BOT_DataOut   usbd_msc_bot.o
    0x08001092   0x0000000a   Code   RO         3010    i.MSC_BOT_DeInit    usbd_msc_bot.o
    0x0800109c   0x00000042   Code   RO         3011    i.MSC_BOT_Init      usbd_msc_bot.o
    0x080010de   0x00000016   Code   RO         3012    i.MSC_BOT_Reset     usbd_msc_bot.o
    0x080010f4   0x0000003c   Code   RO         3013    i.MSC_BOT_SendCSW   usbd_msc_bot.o
    0x08001130   0x00000054   Code   RO          287    i.MX_USB_DEVICE_Init  usb_device.o
    0x08001184   0x00000002   Code   RO          706    i.MemManage_Handler  stm32f1xx_it.o
    0x08001186   0x00000002   PAD
    0x08001188   0x0000009a   Code   RO          897    i.MixColumns        aes.o
    0x08001222   0x00000002   Code   RO          707    i.NMI_Handler       stm32f1xx_it.o
    0x08001224   0x00000020   Code   RO         2204    i.NVIC_SetPriority  stm32f1xx_hal_cortex.o
    0x08001244   0x00000362   Code   RO         1097    i.PCD_EP_ISR_Handler  stm32f1xx_hal_pcd.o
    0x080015a6   0x00000002   Code   RO          708    i.PendSV_Handler    stm32f1xx_it.o
    0x080015a8   0x00000022   Code   RO         3101    i.SCSI_CheckAddressRange  usbd_msc_scsi.o
    0x080015ca   0x00000002   PAD
    0x080015cc   0x000001cc   Code   RO         3102    i.SCSI_ProcessCmd   usbd_msc_scsi.o
    0x08001798   0x0000008c   Code   RO         3103    i.SCSI_ProcessRead  usbd_msc_scsi.o
    0x08001824   0x00000098   Code   RO         3104    i.SCSI_ProcessWrite  usbd_msc_scsi.o
    0x080018bc   0x000000aa   Code   RO         3105    i.SCSI_Read10       usbd_msc_scsi.o
    0x08001966   0x00000056   Code   RO         3106    i.SCSI_ReadCapacity10  usbd_msc_scsi.o
    0x080019bc   0x0000006e   Code   RO         3107    i.SCSI_ReadFormatCapacity  usbd_msc_scsi.o
    0x08001a2a   0x00000036   Code   RO         3108    i.SCSI_SenseCode    usbd_msc_scsi.o
    0x08001a60   0x000000ca   Code   RO         3109    i.SCSI_Write10      usbd_msc_scsi.o
    0x08001b2a   0x00000010   Code   RO          642    i.STORAGE_GetCapacity_FS  usbd_storage_if.o
    0x08001b3a   0x00000004   Code   RO          643    i.STORAGE_GetMaxLun_FS  usbd_storage_if.o
    0x08001b3e   0x00000004   Code   RO          644    i.STORAGE_Init_FS   usbd_storage_if.o
    0x08001b42   0x00000004   Code   RO          645    i.STORAGE_IsReady_FS  usbd_storage_if.o
    0x08001b46   0x00000004   Code   RO          646    i.STORAGE_IsWriteProtected_FS  usbd_storage_if.o
    0x08001b4a   0x0000002c   Code   RO          647    i.STORAGE_Read_FS   usbd_storage_if.o
    0x08001b76   0x0000002c   Code   RO          648    i.STORAGE_Write_FS  usbd_storage_if.o
    0x08001ba2   0x00000002   Code   RO          709    i.SVC_Handler       stm32f1xx_it.o
    0x08001ba4   0x00000004   Code   RO          710    i.SysTick_Handler   stm32f1xx_it.o
    0x08001ba8   0x000000b4   Code   RO          162    i.SystemClock_Config  main.o
    0x08001c5c   0x00000048   Code   RO         2620    i.SystemInit        system_stm32f1xx.o
    0x08001ca4   0x000000b4   Code   RO          163    i.SystemReset       main.o
    0x08001d58   0x0000000e   Code   RO         2657    i.USBD_ClrClassConfig  usbd_core.o
    0x08001d66   0x00000010   Code   RO         2860    i.USBD_CtlContinueRx  usbd_ioreq.o
    0x08001d76   0x00000010   Code   RO         2861    i.USBD_CtlContinueSendData  usbd_ioreq.o
    0x08001d86   0x00000016   Code   RO         2795    i.USBD_CtlError     usbd_ctlreq.o
    0x08001d9c   0x00000016   Code   RO         2863    i.USBD_CtlReceiveStatus  usbd_ioreq.o
    0x08001db2   0x0000001a   Code   RO         2864    i.USBD_CtlSendData  usbd_ioreq.o
    0x08001dcc   0x00000016   Code   RO         2865    i.USBD_CtlSendStatus  usbd_ioreq.o
    0x08001de2   0x00000002   PAD
    0x08001de4   0x00000020   Code   RO          570    i.USBD_FS_ConfigStrDescriptor  usbd_desc.o
    0x08001e04   0x0000000c   Code   RO          571    i.USBD_FS_DeviceDescriptor  usbd_desc.o
    0x08001e10   0x00000024   Code   RO          572    i.USBD_FS_InterfaceStrDescriptor  usbd_desc.o
    0x08001e34   0x0000000c   Code   RO          573    i.USBD_FS_LangIDStrDescriptor  usbd_desc.o
    0x08001e40   0x00000028   Code   RO          574    i.USBD_FS_ManufacturerStrDescriptor  usbd_desc.o
    0x08001e68   0x00000028   Code   RO          575    i.USBD_FS_ProductStrDescriptor  usbd_desc.o
    0x08001e90   0x00000038   Code   RO          576    i.USBD_FS_SerialStrDescriptor  usbd_desc.o
    0x08001ec8   0x000000e0   Code   RO         2796    i.USBD_GetDescriptor  usbd_ctlreq.o
    0x08001fa8   0x00000046   Code   RO         2797    i.USBD_GetString    usbd_ctlreq.o
    0x08001fee   0x00000018   Code   RO          371    i.USBD_Get_USB_Status  usbd_conf.o
    0x08002006   0x0000002a   Code   RO         2659    i.USBD_Init         usbd_core.o
    0x08002030   0x00000012   Code   RO          372    i.USBD_LL_ClearStallEP  usbd_conf.o
    0x08002042   0x00000012   Code   RO          373    i.USBD_LL_CloseEP   usbd_conf.o
    0x08002054   0x000000aa   Code   RO         2660    i.USBD_LL_DataInStage  usbd_core.o
    0x080020fe   0x0000006a   Code   RO         2661    i.USBD_LL_DataOutStage  usbd_core.o
    0x08002168   0x00000012   Code   RO          376    i.USBD_LL_FlushEP   usbd_conf.o
    0x0800217a   0x00000008   Code   RO          377    i.USBD_LL_GetRxDataSize  usbd_conf.o
    0x08002182   0x00000002   PAD
    0x08002184   0x00000070   Code   RO          378    i.USBD_LL_Init      usbd_conf.o
    0x080021f4   0x0000001c   Code   RO          379    i.USBD_LL_IsStallEP  usbd_conf.o
    0x08002210   0x00000018   Code   RO          380    i.USBD_LL_OpenEP    usbd_conf.o
    0x08002228   0x00000012   Code   RO          381    i.USBD_LL_PrepareReceive  usbd_conf.o
    0x0800223a   0x0000003e   Code   RO         2666    i.USBD_LL_Reset     usbd_core.o
    0x08002278   0x0000000c   Code   RO         2667    i.USBD_LL_Resume    usbd_core.o
    0x08002284   0x00000018   Code   RO         2668    i.USBD_LL_SOF       usbd_core.o
    0x0800229c   0x00000006   Code   RO         2669    i.USBD_LL_SetSpeed  usbd_core.o
    0x080022a2   0x00000012   Code   RO          382    i.USBD_LL_SetUSBAddress  usbd_conf.o
    0x080022b4   0x0000005a   Code   RO         2670    i.USBD_LL_SetupStage  usbd_core.o
    0x0800230e   0x00000012   Code   RO          383    i.USBD_LL_StallEP   usbd_conf.o
    0x08002320   0x00000012   Code   RO          384    i.USBD_LL_Start     usbd_conf.o
    0x08002332   0x00000012   Code   RO         2671    i.USBD_LL_Suspend   usbd_core.o
    0x08002344   0x00000012   Code   RO          386    i.USBD_LL_Transmit  usbd_conf.o
    0x08002356   0x0000000a   Code   RO         2920    i.USBD_MSC_DataIn   usbd_msc.o
    0x08002360   0x0000000a   Code   RO         2921    i.USBD_MSC_DataOut  usbd_msc.o
    0x0800236a   0x0000002c   Code   RO         2922    i.USBD_MSC_DeInit   usbd_msc.o
    0x08002396   0x00000002   PAD
    0x08002398   0x0000000c   Code   RO         2923    i.USBD_MSC_GetDeviceQualifierDescriptor  usbd_msc.o
    0x080023a4   0x0000000c   Code   RO         2924    i.USBD_MSC_GetFSCfgDesc  usbd_msc.o
    0x080023b0   0x0000000c   Code   RO         2925    i.USBD_MSC_GetHSCfgDesc  usbd_msc.o
    0x080023bc   0x0000000c   Code   RO         2926    i.USBD_MSC_GetOtherSpeedCfgDesc  usbd_msc.o
    0x080023c8   0x00000052   Code   RO         2927    i.USBD_MSC_Init     usbd_msc.o
    0x0800241a   0x0000000a   Code   RO         2928    i.USBD_MSC_RegisterStorage  usbd_msc.o
    0x08002424   0x000000c2   Code   RO         2929    i.USBD_MSC_Setup    usbd_msc.o
    0x080024e6   0x00000028   Code   RO         2798    i.USBD_ParseSetupRequest  usbd_ctlreq.o
    0x0800250e   0x00000010   Code   RO         2672    i.USBD_RegisterClass  usbd_core.o
    0x0800251e   0x00000016   Code   RO         2674    i.USBD_SetClassConfig  usbd_core.o
    0x08002534   0x00000074   Code   RO         2799    i.USBD_SetConfig    usbd_ctlreq.o
    0x080025a8   0x0000000a   Code   RO         2675    i.USBD_Start        usbd_core.o
    0x080025b2   0x000000f2   Code   RO         2800    i.USBD_StdDevReq    usbd_ctlreq.o
    0x080026a4   0x000000dc   Code   RO         2801    i.USBD_StdEPReq     usbd_ctlreq.o
    0x08002780   0x00000034   Code   RO         2802    i.USBD_StdItfReq    usbd_ctlreq.o
    0x080027b4   0x00000002   Code   RO          387    i.USBD_static_free  usbd_conf.o
    0x080027b6   0x00000002   PAD
    0x080027b8   0x00000008   Code   RO          388    i.USBD_static_malloc  usbd_conf.o
    0x080027c0   0x0000025c   Code   RO         1310    i.USB_ActivateEndpoint  stm32f1xx_ll_usb.o
    0x08002a1c   0x00000004   Code   RO         1313    i.USB_CoreInit      stm32f1xx_ll_usb.o
    0x08002a20   0x00000124   Code   RO         1315    i.USB_DeactivateEndpoint  stm32f1xx_ll_usb.o
    0x08002b44   0x00000004   Code   RO         1316    i.USB_DevConnect    stm32f1xx_ll_usb.o
    0x08002b48   0x00000004   Code   RO         1317    i.USB_DevDisconnect  stm32f1xx_ll_usb.o
    0x08002b4c   0x0000001e   Code   RO         1318    i.USB_DevInit       stm32f1xx_ll_usb.o
    0x08002b6a   0x0000000e   Code   RO         1319    i.USB_DisableGlobalInt  stm32f1xx_ll_usb.o
    0x08002b78   0x00000004   Code   RO         1320    i.USB_EP0_OutStart  stm32f1xx_ll_usb.o
    0x08002b7c   0x0000006a   Code   RO         1321    i.USB_EPClearStall  stm32f1xx_ll_usb.o
    0x08002be6   0x0000004a   Code   RO         1322    i.USB_EPSetStall    stm32f1xx_ll_usb.o
    0x08002c30   0x000001aa   Code   RO         1323    i.USB_EPStartXfer   stm32f1xx_ll_usb.o
    0x08002dda   0x0000000e   Code   RO         1324    i.USB_EnableGlobalInt  stm32f1xx_ll_usb.o
    0x08002de8   0x00000004   Code   RO         1325    i.USB_FlushRxFifo   stm32f1xx_ll_usb.o
    0x08002dec   0x00000004   Code   RO         1326    i.USB_FlushTxFifo   stm32f1xx_ll_usb.o
    0x08002df0   0x0000000c   Code   RO          711    i.USB_LP_CAN1_RX0_IRQHandler  stm32f1xx_it.o
    0x08002dfc   0x00000006   Code   RO         1331    i.USB_ReadInterrupts  stm32f1xx_ll_usb.o
    0x08002e02   0x00000002   PAD
    0x08002e04   0x0000001e   Code   RO         1332    i.USB_ReadPMA       stm32f1xx_ll_usb.o
    0x08002e22   0x00000004   Code   RO         1334    i.USB_SetCurrentMode  stm32f1xx_ll_usb.o
    0x08002e26   0x0000000c   Code   RO         1335    i.USB_SetDevAddress  stm32f1xx_ll_usb.o
    0x08002e32   0x00000012   Code   RO         1336    i.USB_StopDevice    stm32f1xx_ll_usb.o
    0x08002e44   0x00000026   Code   RO         1337    i.USB_WritePMA      stm32f1xx_ll_usb.o
    0x08002e6a   0x00000002   Code   RO          712    i.UsageFault_Handler  stm32f1xx_it.o
    0x08002e6c   0x0000000e   Code   RO         3198    i.__scatterload_copy  mc_w.l(handlers.o)
    0x08002e7a   0x00000002   Code   RO         3199    i.__scatterload_null  mc_w.l(handlers.o)
    0x08002e7c   0x0000000e   Code   RO         3200    i.__scatterload_zeroinit  mc_w.l(handlers.o)
    0x08002e8a   0x00000002   PAD
    0x08002e8c   0x00000090   Code   RO           13    i._fat32_read_dir_entry  fat32.o
    0x08002f1c   0x00000078   Code   RO           14    i._fat32_read_fat_table  fat32.o
    0x08002f94   0x0000012c   Code   RO           15    i._fat32_write_firmware  fat32.o
    0x080030c0   0x00000028   Code   RO          164    i.app_cks_valid     main.o
    0x080030e8   0x0000001c   Code   RO          165    i.bootkey_detected  main.o
    0x08003104   0x00000070   Code   RO          950    i.crc32_calculate   crc.o
    0x08003174   0x00000028   Code   RO          857    i.crypt_decrypt     crypt.o
    0x0800319c   0x00000010   Code   RO          858    i.crypt_init        crypt.o
    0x080031ac   0x000000d8   Code   RO           16    i.fat32_read        fat32.o
    0x08003284   0x00000054   Code   RO           17    i.fat32_write       fat32.o
    0x080032d8   0x000000b0   Code   RO          859    i.gen_iv_by_lfsr    crypt.o
    0x08003388   0x0000000c   Code   RO          809    i.ihex_is_crypt_mode  ihex_parser.o
    0x08003394   0x0000000c   Code   RO          810    i.ihex_is_eof       ihex_parser.o
    0x080033a0   0x000001a4   Code   RO          811    i.ihex_parser       ihex_parser.o
    0x08003544   0x00000018   Code   RO          812    i.ihex_reset_state  ihex_parser.o
    0x0800355c   0x0000000c   Code   RO          813    i.ihex_set_callback_func  ihex_parser.o
    0x08003568   0x00000030   Code   RO          166    i.is_appcode_exist  main.o
    0x08003598   0x00000014   Code   RO          167    i.is_button_down    main.o
    0x080035ac   0x000000c4   Code   RO          168    i.main              main.o
    0x08003670   0x000000b7   Data   RO           18    .constdata          fat32.o
    0x08003727   0x00000024   Data   RO          649    .constdata          usbd_storage_if.o
    0x0800374b   0x00000030   Data   RO          861    .constdata          crypt.o
    0x0800377b   0x0000010b   Data   RO          898    .constdata          aes.o
    0x08003886   0x00000007   Data   RO         3075    .constdata          usbd_msc_data.o
    0x0800388d   0x00000008   Data   RO         3076    .constdata          usbd_msc_data.o
    0x08003895   0x00000008   Data   RO         3077    .constdata          usbd_msc_data.o
    0x0800389d   0x00000003   PAD
    0x080038a0   0x00000020   Data   RO         3196    Region$$Table       anon$$obj.o


    Execution Region RW_IRAM1 (Base: 0x20000000, Size: 0x00001258, Max: 0x00004ffc, ABSOLUTE, COMPRESSED[0x000000a8])

    Base Addr    Size         Type   Attr      Idx    E Section Name        Object

    0x20000000   0x00000004   Data   RW          170    .data               main.o
    0x20000004   0x0000001c   Data   RW          578    .data               usbd_desc.o
    0x20000020   0x00000032   Data   RW          579    .data               usbd_desc.o
    0x20000052   0x00000002   PAD
    0x20000054   0x00000020   Data   RW          650    .data               usbd_storage_if.o
    0x20000074   0x00000014   Data   RW          815    .data               ihex_parser.o
    0x20000088   0x0000000c   Data   RW         1751    .data               stm32f1xx_hal.o
    0x20000094   0x00000004   Data   RW         2623    .data               system_stm32f1xx.o
    0x20000098   0x00000001   Data   RW         2803    .data               usbd_ctlreq.o
    0x20000099   0x00000003   PAD
    0x2000009c   0x00000038   Data   RW         2930    .data               usbd_msc.o
    0x200000d4   0x0000006a   Data   RW         2931    .data               usbd_msc.o
    0x2000013e   0x00000002   PAD
    0x20000140   0x00000224   Zero   RW          288    .bss                usb_device.o
    0x20000364   0x000006d0   Zero   RW          389    .bss                usbd_conf.o
    0x20000a34   0x00000200   Zero   RW          577    .bss                usbd_desc.o
    0x20000c34   0x000000ff   Zero   RW          814    .bss                ihex_parser.o
    0x20000d33   0x00000100   Zero   RW          860    .bss                crypt.o
    0x20000e33   0x00000005   PAD
    0x20000e38   0x00000020   Zero   RW         2445    .bss                stm32f1xx_hal_flash.o
    0x20000e58   0x00000400   Zero   RW            1    STACK               startup_stm32f103xb.o


    Execution Region BOOTKEY_RAM (Base: 0x20004ffc, Size: 0x00000004, Max: 0x00000004, OVERLAY, UNINIT)

    Base Addr    Size         Type   Attr      Idx    E Section Name        Object

    0x20004ffc   0x00000004   Data   RW          169    ._bootkey_section.btldr_act_req_key  main.o


==============================================================================

Image component sizes


      Code (inc. data)   RO Data    RW Data    ZI Data      Debug   Object Name

       742         14        267          0          0       6079   aes.o
       112         12          0          0          0       4034   crc.o
       232         20         48          0        256       2321   crypt.o
       864         80        183          0          0     382107   fat32.o
       480         46          0         20        255       4721   ihex_parser.o
       694         98          0          8          0      59550   main.o
        36          8        236          0       1024        808   startup_stm32f103xb.o
       162         30          0         12          0       6342   stm32f1xx_hal.o
       194         14          0          0          0      25691   stm32f1xx_hal_cortex.o
       392         46          0          0         32       4714   stm32f1xx_hal_flash.o
       240         26          0          0          0       3249   stm32f1xx_hal_flash_ex.o
        60          8          0          0          0        854   stm32f1xx_hal_msp.o
      1910          0          0          0          0      11111   stm32f1xx_hal_pcd.o
        52          0          0          0          0       1182   stm32f1xx_hal_pcd_ex.o
        32          6          0          0          0       4279   stm32f1xx_it.o
       240          0          0          0          0      10335   stm32f1xx_ll_gpio.o
      1692          0          0          0          0      14160   stm32f1xx_ll_usb.o
        68          6          0          0          0       5545   stm32f1xx_ll_utils.o
        72         16          0          4          0       1175   system_stm32f1xx.o
        84         18          0          0        548       5933   usb_device.o
       546         28          0          0       1744      13691   usbd_conf.o
       592          0          0          0          0       8988   usbd_core.o
       986         30          0          1          0       7692   usbd_ctlreq.o
       284        100          0         78        512       5609   usbd_desc.o
       102          0          0          0          0       3616   usbd_ioreq.o
       398         16          0        162          0       9024   usbd_msc.o
       586         12          0          0          0       7013   usbd_msc_bot.o
         0          0         23          0          0        897   usbd_msc_data.o
      1408         12          0          0          0      10115   usbd_msc_scsi.o
       120          0         36         32          0       4803   usbd_storage_if.o

    ----------------------------------------------------------------------
     13406        646        828        324       4376     625638   Object Totals
         0          0         32          0          0          0   (incl. Generated)
        26          0          3          7          5          0   (incl. Padding)

    ----------------------------------------------------------------------

      Code (inc. data)   RO Data    RW Data    ZI Data      Debug   Library Member Name

        86          0          0          0          0          0   __dczerorl2.o
         0          0          0          0          0          0   entry.o
         0          0          0          0          0          0   entry10a.o
         0          0          0          0          0          0   entry11a.o
         8          4          0          0          0          0   entry2.o
         4          0          0          0          0          0   entry5.o
         0          0          0          0          0          0   entry7b.o
         0          0          0          0          0          0   entry8b.o
         8          4          0          0          0          0   entry9a.o
        30          0          0          0          0          0   handlers.o
        36          8          0          0          0         68   init.o
        32          0          0          0          0         68   llushr.o
        36          0          0          0          0         68   memcpya.o
        36          0          0          0          0        108   memseta.o
        14          0          0          0          0         68   strlen.o

    ----------------------------------------------------------------------
       294         16          0          0          0        380   Library Totals
         4          0          0          0          0          0   (incl. Padding)

    ----------------------------------------------------------------------

      Code (inc. data)   RO Data    RW Data    ZI Data      Debug   Library Name

       290         16          0          0          0        380   mc_w.l

    ----------------------------------------------------------------------
       294         16          0          0          0        380   Library Totals

    ----------------------------------------------------------------------

==============================================================================


      Code (inc. data)   RO Data    RW Data    ZI Data      Debug   

     13700        662        828        324       4376     616266   Grand Totals
     13700        662        828        172       4376     616266   ELF Image Totals (compressed)
     13700        662        828        172          0          0   ROM Totals

==============================================================================

    Total RO  Size (Code + RO Data)                14528 (  14.19kB)
    Total RW  Size (RW Data + ZI Data)              4700 (   4.59kB)
    Total ROM Size (Code + RO Data + RW Data)      14700 (  14.36kB)

==============================================================================

